2026-08-07 16:00:32,903 | INFO | HUST raw-RUL BOIL: cells=77 protocols=['protocol_1', 'protocol_2', 'protocol_3', 'protocol_4', 'protocol_5', 'protocol_6', 'protocol_7', 'protocol_8', 'protocol_9', 'protocol_10'] folds=['protocol_1'] seeds=[42] device=cuda
2026-08-07 16:00:33,418 | INFO | Starting fold=protocol_1 source=69 target=8 train=60 source_val=9 params={'total': 490534, 'trainable': 490534, 'domain_invariant': 238734, 'domain_specific': 238734, 'prediction_head': 8321}
2026-08-07 16:00:34,805 | INFO | fold=protocol_1 iter=10/1500 joint=0.561982 raw_task=0.3415 meta_query=0.248933 meta_test=protocol_2 val_mae=- best=inf@0 stale=0
2026-08-07 16:00:35,799 | INFO | fold=protocol_1 iter=20/1500 joint=0.537962 raw_task=0.321634 meta_query=0.453077 meta_test=protocol_3 val_mae=- best=inf@0 stale=0
2026-08-07 16:00:36,317 | INFO | fold=protocol_1 iter=25/1500 joint=0.550839 raw_task=0.333457 meta_query=0.612791 meta_test=protocol_8 val_mae=220.426 best=220.426@25 stale=0
2026-08-07 16:00:36,816 | INFO | fold=protocol_1 iter=30/1500 joint=0.504504 raw_task=0.28942 meta_query=0.109519 meta_test=protocol_4 val_mae=- best=220.426@25 stale=0
2026-08-07 16:00:37,811 | INFO | fold=protocol_1 iter=40/1500 joint=0.47114 raw_task=0.257191 meta_query=0.133388 meta_test=protocol_5 val_mae=- best=220.426@25 stale=0
2026-08-07 16:00:38,809 | INFO | fold=protocol_1 iter=50/1500 joint=0.507068 raw_task=0.301376 meta_query=0.433966 meta_test=protocol_6 val_mae=273.767 best=220.426@25 stale=1
2026-08-07 16:00:39,802 | INFO | fold=protocol_1 iter=60/1500 joint=0.475323 raw_task=0.270455 meta_query=0.168232 meta_test=protocol_7 val_mae=- best=220.426@25 stale=1
2026-08-07 16:00:40,794 | INFO | fold=protocol_1 iter=70/1500 joint=0.444068 raw_task=0.240459 meta_query=0.317236 meta_test=protocol_8 val_mae=- best=220.426@25 stale=1
2026-08-07 16:00:41,323 | INFO | fold=protocol_1 iter=75/1500 joint=0.465304 raw_task=0.263142 meta_query=0.16569 meta_test=protocol_4 val_mae=204.396 best=204.396@75 stale=0
2026-08-07 16:00:41,820 | INFO | fold=protocol_1 iter=80/1500 joint=0.444644 raw_task=0.242057 meta_query=0.236125 meta_test=protocol_9 val_mae=- best=204.396@75 stale=0
2026-08-07 16:00:42,812 | INFO | fold=protocol_1 iter=90/1500 joint=0.477912 raw_task=0.267953 meta_query=0.0810363 meta_test=protocol_10 val_mae=- best=204.396@75 stale=0
2026-08-07 16:00:43,902 | INFO | fold=protocol_1 iter=100/1500 joint=0.455159 raw_task=0.239191 meta_query=0.184733 meta_test=protocol_2 val_mae=240.398 best=204.396@75 stale=1
2026-08-07 16:00:44,897 | INFO | fold=protocol_1 iter=110/1500 joint=0.414292 raw_task=0.206944 meta_query=0.276038 meta_test=protocol_3 val_mae=- best=204.396@75 stale=1
2026-08-07 16:00:45,888 | INFO | fold=protocol_1 iter=120/1500 joint=0.459622 raw_task=0.240716 meta_query=0.135299 meta_test=protocol_4 val_mae=- best=204.396@75 stale=1
2026-08-07 16:00:46,387 | INFO | fold=protocol_1 iter=125/1500 joint=0.332132 raw_task=0.115519 meta_query=0.381949 meta_test=protocol_9 val_mae=214.211 best=204.396@75 stale=2
2026-08-07 16:00:46,883 | INFO | fold=protocol_1 iter=130/1500 joint=0.404791 raw_task=0.177543 meta_query=0.0392405 meta_test=protocol_5 val_mae=- best=204.396@75 stale=2
2026-08-07 16:00:47,875 | INFO | fold=protocol_1 iter=140/1500 joint=0.338273 raw_task=0.122149 meta_query=0.124344 meta_test=protocol_6 val_mae=- best=204.396@75 stale=2
2026-08-07 16:00:48,871 | INFO | fold=protocol_1 iter=150/1500 joint=0.337605 raw_task=0.132075 meta_query=0.0281513 meta_test=protocol_7 val_mae=231.345 best=204.396@75 stale=3
2026-08-07 16:00:49,863 | INFO | fold=protocol_1 iter=160/1500 joint=0.391244 raw_task=0.167579 meta_query=0.0981135 meta_test=protocol_8 val_mae=- best=204.396@75 stale=3
2026-08-07 16:00:50,855 | INFO | fold=protocol_1 iter=170/1500 joint=0.344692 raw_task=0.131945 meta_query=0.0944009 meta_test=protocol_9 val_mae=- best=204.396@75 stale=3
2026-08-07 16:00:51,354 | INFO | fold=protocol_1 iter=175/1500 joint=0.312406 raw_task=0.0933483 meta_query=0.212439 meta_test=protocol_5 val_mae=279.513 best=204.396@75 stale=4
2026-08-07 16:00:51,850 | INFO | fold=protocol_1 iter=180/1500 joint=0.288269 raw_task=0.0808349 meta_query=0.0583181 meta_test=protocol_10 val_mae=- best=204.396@75 stale=4
2026-08-07 16:00:52,843 | INFO | fold=protocol_1 iter=190/1500 joint=0.341707 raw_task=0.12549 meta_query=0.0516414 meta_test=protocol_2 val_mae=- best=204.396@75 stale=4
2026-08-07 16:00:53,872 | INFO | fold=protocol_1 iter=200/1500 joint=0.278607 raw_task=0.0718257 meta_query=0.365017 meta_test=protocol_3 val_mae=229.180 best=204.396@75 stale=5
2026-08-07 16:00:54,865 | INFO | fold=protocol_1 iter=210/1500 joint=0.289598 raw_task=0.0851102 meta_query=0.139807 meta_test=protocol_4 val_mae=- best=204.396@75 stale=5
2026-08-07 16:00:55,857 | INFO | fold=protocol_1 iter=220/1500 joint=0.313537 raw_task=0.0985619 meta_query=0.0902403 meta_test=protocol_5 val_mae=- best=204.396@75 stale=5
2026-08-07 16:00:56,356 | INFO | fold=protocol_1 iter=225/1500 joint=0.326347 raw_task=0.113854 meta_query=0.0284572 meta_test=protocol_10 val_mae=250.365 best=204.396@75 stale=6
2026-08-07 16:00:56,852 | INFO | fold=protocol_1 iter=230/1500 joint=0.354354 raw_task=0.131153 meta_query=0.0651456 meta_test=protocol_6 val_mae=- best=204.396@75 stale=6
2026-08-07 16:00:57,844 | INFO | fold=protocol_1 iter=240/1500 joint=0.332624 raw_task=0.10852 meta_query=0.0230336 meta_test=protocol_7 val_mae=- best=204.396@75 stale=6
2026-08-07 16:00:58,839 | INFO | fold=protocol_1 iter=250/1500 joint=0.319796 raw_task=0.100417 meta_query=0.0732583 meta_test=protocol_8 val_mae=265.967 best=204.396@75 stale=7
2026-08-07 16:00:59,832 | INFO | fold=protocol_1 iter=260/1500 joint=0.311132 raw_task=0.0959751 meta_query=0.00869238 meta_test=protocol_9 val_mae=- best=204.396@75 stale=7
2026-08-07 16:01:00,824 | INFO | fold=protocol_1 iter=270/1500 joint=0.260228 raw_task=0.0457912 meta_query=0.0413098 meta_test=protocol_10 val_mae=- best=204.396@75 stale=7
2026-08-07 16:01:01,324 | INFO | fold=protocol_1 iter=275/1500 joint=0.273929 raw_task=0.0562243 meta_query=0.0297307 meta_test=protocol_6 val_mae=265.953 best=204.396@75 stale=8
2026-08-07 16:01:01,820 | INFO | fold=protocol_1 iter=280/1500 joint=0.307266 raw_task=0.0901246 meta_query=0.0311671 meta_test=protocol_2 val_mae=- best=204.396@75 stale=8
2026-08-07 16:01:02,812 | INFO | fold=protocol_1 iter=290/1500 joint=0.298501 raw_task=0.0668189 meta_query=0.135271 meta_test=protocol_3 val_mae=- best=204.396@75 stale=8
2026-08-07 16:01:03,830 | INFO | fold=protocol_1 iter=300/1500 joint=0.319923 raw_task=0.0863473 meta_query=0.0552348 meta_test=protocol_4 val_mae=229.802 best=204.396@75 stale=9
2026-08-07 16:01:04,824 | INFO | fold=protocol_1 iter=310/1500 joint=0.343244 raw_task=0.109131 meta_query=0.190434 meta_test=protocol_5 val_mae=- best=204.396@75 stale=9
2026-08-07 16:01:05,816 | INFO | fold=protocol_1 iter=320/1500 joint=0.295626 raw_task=0.0672002 meta_query=0.0570047 meta_test=protocol_6 val_mae=- best=204.396@75 stale=9
2026-08-07 16:01:06,315 | INFO | fold=protocol_1 iter=325/1500 joint=0.293312 raw_task=0.068603 meta_query=0.0329596 meta_test=protocol_2 val_mae=290.688 best=204.396@75 stale=10
2026-08-07 16:01:06,812 | INFO | fold=protocol_1 iter=330/1500 joint=0.2949 raw_task=0.0648252 meta_query=0.0158241 meta_test=protocol_7 val_mae=- best=204.396@75 stale=10
2026-08-07 16:01:07,805 | INFO | fold=protocol_1 iter=340/1500 joint=0.311036 raw_task=0.0777624 meta_query=0.0494462 meta_test=protocol_8 val_mae=- best=204.396@75 stale=10
2026-08-07 16:01:08,800 | INFO | fold=protocol_1 iter=350/1500 joint=0.305194 raw_task=0.0633221 meta_query=0.213611 meta_test=protocol_9 val_mae=221.719 best=204.396@75 stale=11
2026-08-07 16:01:09,792 | INFO | fold=protocol_1 iter=360/1500 joint=0.345661 raw_task=0.109291 meta_query=0.0925571 meta_test=protocol_10 val_mae=- best=204.396@75 stale=11
2026-08-07 16:01:10,786 | INFO | fold=protocol_1 iter=370/1500 joint=0.304141 raw_task=0.0648806 meta_query=0.0506713 meta_test=protocol_2 val_mae=- best=204.396@75 stale=11
2026-08-07 16:01:11,285 | INFO | fold=protocol_1 iter=375/1500 joint=0.349886 raw_task=0.118426 meta_query=0.0293423 meta_test=protocol_7 val_mae=241.056 best=204.396@75 stale=12
2026-08-07 16:01:11,285 | INFO | Early stopping at 375; best source-cell validation MAE 204.396 cycles at 75
2026-08-07 16:01:11,699 | INFO | Completed fold=protocol_1 target_MAE=421.389 RMSE=516.455 baseline_MAE=385.192
2026-08-07 16:01:11,982 | INFO | Completed HUST experiment: /home/JunseoPark/바탕화면/battery_gru/outputs/hust_direct_rul_boil/20260807_160032_901417_hust-direct-rul-boil_L100_raw-rul_seed42
