2026-08-28 15:36:27,541 | INFO | MATR fold=0 model=partial_iv_anp parameters=6882 hidden=16 train_cells=3 validation_cells=1 test_cells=2
2026-08-28 15:36:27,542 | INFO | held_out_test_cells=['MATR_SYNTH_02', 'MATR_SYNTH_03']
2026-08-28 15:36:27,549 | INFO | train_data soh_min=0.8685 soh_median=0.9325 soh_max=0.998 cycles_max=28 valid_cells=6 invalid_files=0
2026-08-28 15:36:27,551 | INFO | scalers soh_mean=0.9325833 soh_std=0.03650847 delta_v_mean=-0.02087061 delta_v_std=0.009846303 voltage_mean=3.329412 voltage_std=0.1725503 current_mean=1.1 current_std=0.0509902 fit_cells=3
2026-08-28 15:36:27,551 | INFO | runtime device=cpu amp=False amp_initial_scale=1 deterministic=True batch_size=2 lr=0.0005 grad_clip=1 log_interval=1
2026-08-28 15:36:27,553 | INFO | feature_cache grid_curves=84 references=6 raw_features=57 context_signals=0
2026-08-28 15:36:27,801 | INFO | step=1/1 loss=1.353759 nll=1.333263 kl=0.02049577 kl_weight=1.0000 grad=2.45532 update=APPLIED successful_updates=1 amp_scale=1->1 validation_rmse=0.0269399 best=0.0269399@1 stale=0 overflows=0 elapsed=0.1s eta=0.0s gpu_mb=0.0/0.0 data_ms=2.58 collate_ms=3.41 transfer_ms=0.10
2026-08-28 15:36:27,802 | INFO | batch step=1 cells=MATR_SYNTH_01|MATR_SYNTH_04 cycles=17|15 betas=0.5|0.5 attempts=2 context_points=6..9 target_points=12..14 target_raw=[0.8705,0.929] target_norm=[-1.700519,-0.09815075] pred_mean=[-0.2097328,-0.1171389] pred_std=[0.6435091,0.6754916] prior_std=[0.5908201,0.7642516] posterior_std=[0.5669342,0.7618526] iv_observed_mean=0.50000 lr=0.0005
2026-08-28 15:36:27,802 | INFO | validation_per_cell step=1 mean_rmse=0.0269399 values=MATR_SYNTH_00:0.0269399
2026-08-28 15:36:27,811 | INFO | Completed MATR ANP run: C:\Users\pc\Desktop\SIA LAB\battery_gru\.smoke_hsanp_20260828\20260828_153622_993227\runs\20260828_153627_374013_fold0_partial_iv_anp_s42
2026-08-28 15:36:29,787 | INFO | Resuming at step 2
2026-08-28 15:36:29,941 | INFO | MATR fold=0 model=partial_iv_anp parameters=6882 hidden=16 train_cells=3 validation_cells=1 test_cells=2
2026-08-28 15:36:29,941 | INFO | held_out_test_cells=['MATR_SYNTH_02', 'MATR_SYNTH_03']
2026-08-28 15:36:29,947 | INFO | train_data soh_min=0.8685 soh_median=0.9325 soh_max=0.998 cycles_max=28 valid_cells=6 invalid_files=0
2026-08-28 15:36:29,948 | INFO | scalers soh_mean=0.9325833 soh_std=0.03650847 delta_v_mean=-0.02087061 delta_v_std=0.009846303 voltage_mean=3.329412 voltage_std=0.1725503 current_mean=1.1 current_std=0.0509902 fit_cells=3
2026-08-28 15:36:29,949 | INFO | runtime device=cpu amp=False amp_initial_scale=1 deterministic=True batch_size=2 lr=0.0005 grad_clip=1 log_interval=1
2026-08-28 15:36:29,950 | INFO | feature_cache grid_curves=84 references=6 raw_features=57 context_signals=0
2026-08-28 15:36:30,172 | INFO | step=2/2 loss=1.372843 nll=1.35634 kl=0.0165021 kl_weight=1.0000 grad=2.39094 update=APPLIED successful_updates=2 amp_scale=1->1 validation_rmse=0.02690788 best=0.02690788@2 stale=0 overflows=0 elapsed=0.0s eta=0.0s gpu_mb=0.0/0.0 data_ms=3.76 collate_ms=1.06 transfer_ms=0.07
2026-08-28 15:36:30,172 | INFO | batch step=2 cells=MATR_SYNTH_01|MATR_SYNTH_05 cycles=15|17 betas=1|0.5 attempts=2 context_points=4..4 target_points=12..14 target_raw=[0.8685,0.935] target_norm=[-1.755301,0.06619469] pred_mean=[-0.2461295,-0.1555938] pred_std=[0.6429747,0.7111587] prior_std=[0.5783272,0.7667899] posterior_std=[0.5629228,0.7600168] iv_observed_mean=0.75000 lr=0.0005
2026-08-28 15:36:30,173 | INFO | validation_per_cell step=2 mean_rmse=0.02690788 values=MATR_SYNTH_00:0.02690788
2026-08-28 15:36:30,186 | INFO | Completed MATR ANP run: C:\Users\pc\Desktop\SIA LAB\battery_gru\.smoke_hsanp_20260828\20260828_153622_993227\runs\20260828_153627_374013_fold0_partial_iv_anp_s42
