2026-08-10 02:58:57,761 | INFO | HUST hybrid study methods=['hybrid'] folds=['protocol_1'] seeds=[42] device=cuda target_support=2
2026-08-10 02:58:58,269 | INFO | Starting method=hybrid fold=protocol_1 source=69 target=8 params={'general_encoder': 238734, 'specific_encoder': 238734, 'general_head': 4225, 'specific_head': 4225, 'concat_head': 8321, 'general_domain_classifier': 4680, 'specific_domain_classifier': 4680, 'reconstruction_decoder': 25086, 'total': 528685}
2026-08-10 02:59:02,902 | INFO | method=hybrid fold=protocol_1 iter=10/1800 total=0.527247 query=0.291858 L_GY=0.313852 L_G=2.09539 L_S=2.12339 L_SC=3.17313 L_R=0.946167 L_C=0.1073 L_O=0.283783 L_delta=0.00181113 val_mae=- best=inf@0 stale=0
2026-08-10 02:59:07,076 | INFO | method=hybrid fold=protocol_1 iter=20/1800 total=0.599134 query=0.345586 L_GY=0.338064 L_G=2.07142 L_S=2.09402 L_SC=4.99017 L_R=0.833958 L_C=0.256001 L_O=0.526517 L_delta=0.00873143 val_mae=- best=inf@0 stale=0
2026-08-10 02:59:09,238 | INFO | method=hybrid fold=protocol_1 iter=25/1800 total=0.5664 query=0.310722 L_GY=0.340904 L_G=2.07075 L_S=2.1296 L_SC=5.72152 L_R=0.872145 L_C=0.343574 L_O=0.35497 L_delta=0.00828236 val_mae=211.874 best=211.874@25 stale=0
2026-08-10 02:59:11,407 | INFO | method=hybrid fold=protocol_1 iter=30/1800 total=0.398835 query=0.208648 L_GY=0.253583 L_G=2.05603 L_S=2.11122 L_SC=6.68325 L_R=0.792133 L_C=0.23937 L_O=0.348433 L_delta=0.0187624 val_mae=- best=211.874@25 stale=0
2026-08-10 02:59:15,583 | INFO | method=hybrid fold=protocol_1 iter=40/1800 total=0.447539 query=0.262196 L_GY=0.247125 L_G=2.12022 L_S=2.10382 L_SC=8.30867 L_R=0.834137 L_C=0.238667 L_O=0.477985 L_delta=0.0249418 val_mae=- best=211.874@25 stale=0
2026-08-10 02:59:19,831 | INFO | method=hybrid fold=protocol_1 iter=50/1800 total=0.408199 query=0.229815 L_GY=0.237845 L_G=2.0864 L_S=2.09308 L_SC=4.4681 L_R=0.809348 L_C=0.185558 L_O=0.218434 L_delta=0.00635245 val_mae=177.739 best=177.739@50 stale=0
2026-08-10 02:59:24,087 | INFO | method=hybrid fold=protocol_1 iter=60/1800 total=0.329708 query=0.182702 L_GY=0.196008 L_G=2.09087 L_S=2.08193 L_SC=4.2554 L_R=0.86017 L_C=0.161932 L_O=0.257761 L_delta=0.00664144 val_mae=- best=177.739@50 stale=0
2026-08-10 02:59:28,261 | INFO | method=hybrid fold=protocol_1 iter=70/1800 total=0.296236 query=0.164044 L_GY=0.176256 L_G=2.08815 L_S=2.06753 L_SC=5.02463 L_R=0.805381 L_C=0.276732 L_O=0.44133 L_delta=0.00721369 val_mae=- best=177.739@50 stale=0
2026-08-10 02:59:30,395 | INFO | method=hybrid fold=protocol_1 iter=75/1800 total=0.214972 query=0.114514 L_GY=0.133943 L_G=2.04749 L_S=2.08452 L_SC=5.35782 L_R=0.7512 L_C=0.0223085 L_O=0.397708 L_delta=0.0134845 val_mae=187.954 best=177.739@50 stale=1
2026-08-10 02:59:32,560 | INFO | method=hybrid fold=protocol_1 iter=80/1800 total=0.217692 query=0.123435 L_GY=0.125677 L_G=2.06909 L_S=2.07073 L_SC=6.80392 L_R=0.796476 L_C=0.320931 L_O=0.296486 L_delta=0.0116458 val_mae=- best=177.739@50 stale=1
2026-08-10 02:59:36,736 | INFO | method=hybrid fold=protocol_1 iter=90/1800 total=0.533311 query=0.297371 L_GY=0.314588 L_G=2.08316 L_S=2.07007 L_SC=5.73206 L_R=0.927551 L_C=0.460644 L_O=0.504319 L_delta=0.0054386 val_mae=- best=177.739@50 stale=1
2026-08-10 02:59:40,976 | INFO | method=hybrid fold=protocol_1 iter=100/1800 total=0.510705 query=0.275078 L_GY=0.314169 L_G=2.08855 L_S=2.09368 L_SC=4.24327 L_R=0.785649 L_C=0.581167 L_O=0.292242 L_delta=0.00925216 val_mae=184.077 best=177.739@50 stale=2
2026-08-10 02:59:45,236 | INFO | method=hybrid fold=protocol_1 iter=110/1800 total=0.514319 query=0.294004 L_GY=0.280357 L_G=2.06455 L_S=1.99168 L_SC=6.69841 L_R=0.462833 L_C=0.244706 L_O=0.295918 L_delta=0.0197615 val_mae=- best=177.739@50 stale=2
2026-08-10 02:59:49,413 | INFO | method=hybrid fold=protocol_1 iter=120/1800 total=0.3983 query=0.201352 L_GY=0.236673 L_G=2.02834 L_S=1.9408 L_SC=6.51629 L_R=0.305887 L_C=0.0817672 L_O=0.307463 L_delta=0.00972532 val_mae=- best=177.739@50 stale=2
2026-08-10 02:59:51,549 | INFO | method=hybrid fold=protocol_1 iter=125/1800 total=0.36811 query=0.203792 L_GY=0.189557 L_G=1.96658 L_S=1.87235 L_SC=5.72626 L_R=0.262266 L_C=0.18368 L_O=0.33368 L_delta=0.00730561 val_mae=182.563 best=177.739@50 stale=3
2026-08-10 02:59:53,721 | INFO | method=hybrid fold=protocol_1 iter=130/1800 total=0.233289 query=0.116643 L_GY=0.117511 L_G=1.94569 L_S=1.91874 L_SC=6.33612 L_R=0.209883 L_C=0.145349 L_O=0.375386 L_delta=0.00989513 val_mae=- best=177.739@50 stale=3
2026-08-10 02:59:57,895 | INFO | method=hybrid fold=protocol_1 iter=140/1800 total=0.226254 query=0.109056 L_GY=0.11639 L_G=1.96624 L_S=1.84324 L_SC=4.48842 L_R=0.175156 L_C=0.100217 L_O=0.185209 L_delta=0.0104747 val_mae=- best=177.739@50 stale=3
2026-08-10 03:00:02,117 | INFO | method=hybrid fold=protocol_1 iter=150/1800 total=0.375423 query=0.175231 L_GY=0.215456 L_G=1.88662 L_S=1.80518 L_SC=4.78054 L_R=0.171606 L_C=0.307165 L_O=0.142291 L_delta=0.0224651 val_mae=183.584 best=177.739@50 stale=4
2026-08-10 03:00:06,378 | INFO | method=hybrid fold=protocol_1 iter=160/1800 total=0.421115 query=0.223297 L_GY=0.218495 L_G=1.89248 L_S=1.82952 L_SC=2.66931 L_R=0.140845 L_C=0.270204 L_O=0.220035 L_delta=0.00400482 val_mae=- best=177.739@50 stale=4
2026-08-10 03:00:10,556 | INFO | method=hybrid fold=protocol_1 iter=170/1800 total=0.409134 query=0.210789 L_GY=0.209015 L_G=1.88179 L_S=1.92798 L_SC=2.87424 L_R=0.159706 L_C=0.283683 L_O=0.172835 L_delta=0.00776117 val_mae=- best=177.739@50 stale=4
2026-08-10 03:00:12,724 | INFO | method=hybrid fold=protocol_1 iter=175/1800 total=0.190821 query=0.0832297 L_GY=0.0861002 L_G=1.8126 L_S=1.91842 L_SC=2.76262 L_R=0.162379 L_C=0.0867479 L_O=0.171614 L_delta=0.00214617 val_mae=172.508 best=172.508@175 stale=0
2026-08-10 03:00:14,813 | INFO | method=hybrid fold=protocol_1 iter=180/1800 total=0.43207 query=0.221042 L_GY=0.221372 L_G=1.80877 L_S=1.80294 L_SC=2.65327 L_R=0.138163 L_C=0.413775 L_O=0.252437 L_delta=0.0013191 val_mae=- best=172.508@175 stale=0
2026-08-10 03:00:19,074 | INFO | method=hybrid fold=protocol_1 iter=190/1800 total=0.441416 query=0.18886 L_GY=0.266185 L_G=1.76469 L_S=1.66623 L_SC=3.08396 L_R=0.14191 L_C=0.393178 L_O=0.226273 L_delta=0.0304178 val_mae=- best=172.508@175 stale=0
2026-08-10 03:00:23,355 | INFO | method=hybrid fold=protocol_1 iter=200/1800 total=0.41046 query=0.209865 L_GY=0.198861 L_G=1.6128 L_S=1.64602 L_SC=2.47413 L_R=0.138857 L_C=0.262389 L_O=0.236075 L_delta=0.00187827 val_mae=169.171 best=169.171@200 stale=0
2026-08-10 03:00:27,612 | INFO | method=hybrid fold=protocol_1 iter=210/1800 total=0.541652 query=0.237809 L_GY=0.31367 L_G=1.92429 L_S=1.77801 L_SC=3.30342 L_R=0.14668 L_C=0.310249 L_O=0.154933 L_delta=0.0429099 val_mae=- best=169.171@200 stale=0
2026-08-10 03:00:31,790 | INFO | method=hybrid fold=protocol_1 iter=220/1800 total=0.226524 query=0.0845506 L_GY=0.0977494 L_G=1.73752 L_S=1.76999 L_SC=2.95701 L_R=0.101543 L_C=0.0668149 L_O=0.167687 L_delta=0.0132036 val_mae=- best=169.171@200 stale=0
2026-08-10 03:00:33,925 | INFO | method=hybrid fold=protocol_1 iter=225/1800 total=0.269238 query=0.117601 L_GY=0.118761 L_G=1.64964 L_S=1.51268 L_SC=2.54478 L_R=0.122641 L_C=0.0171645 L_O=0.175999 L_delta=0.0104167 val_mae=183.908 best=169.171@200 stale=1
2026-08-10 03:00:35,990 | INFO | method=hybrid fold=protocol_1 iter=230/1800 total=0.368497 query=0.173319 L_GY=0.168795 L_G=1.632 L_S=1.6068 L_SC=2.67981 L_R=0.0929625 L_C=0.0664981 L_O=0.265791 L_delta=0.0176868 val_mae=- best=169.171@200 stale=1
2026-08-10 03:00:40,247 | INFO | method=hybrid fold=protocol_1 iter=240/1800 total=0.299501 query=0.123896 L_GY=0.139394 L_G=1.82166 L_S=1.58289 L_SC=2.45772 L_R=0.144102 L_C=0.0485574 L_O=0.152127 L_delta=0.00584906 val_mae=- best=169.171@200 stale=1
2026-08-10 03:00:44,471 | INFO | method=hybrid fold=protocol_1 iter=250/1800 total=0.220644 query=0.074861 L_GY=0.09416 L_G=1.65462 L_S=1.52814 L_SC=2.51495 L_R=0.108029 L_C=0.0666905 L_O=0.193471 L_delta=0.00447129 val_mae=179.897 best=169.171@200 stale=2
2026-08-10 03:00:48,775 | INFO | method=hybrid fold=protocol_1 iter=260/1800 total=0.335625 query=0.14702 L_GY=0.15113 L_G=1.54201 L_S=1.37156 L_SC=2.45015 L_R=0.111588 L_C=0.0856066 L_O=0.122603 L_delta=0.0656611 val_mae=- best=169.171@200 stale=2
2026-08-10 03:00:52,665 | INFO | method=hybrid fold=protocol_1 iter=270/1800 total=0.34347 query=0.124546 L_GY=0.185764 L_G=1.54378 L_S=1.30121 L_SC=2.49731 L_R=0.120635 L_C=0.0551676 L_O=0.135729 L_delta=0.0378665 val_mae=- best=169.171@200 stale=2
2026-08-10 03:00:54,654 | INFO | method=hybrid fold=protocol_1 iter=275/1800 total=0.181302 query=0.035638 L_GY=0.0827716 L_G=1.62512 L_S=1.28528 L_SC=2.52984 L_R=0.105628 L_C=0.2196 L_O=0.134151 L_delta=0.0480855 val_mae=206.040 best=169.171@200 stale=3
2026-08-10 03:00:56,600 | INFO | method=hybrid fold=protocol_1 iter=280/1800 total=0.288357 query=0.103434 L_GY=0.125193 L_G=1.65305 L_S=1.38639 L_SC=2.6905 L_R=0.100578 L_C=0.226135 L_O=0.144007 L_delta=0.00786374 val_mae=- best=169.171@200 stale=3
2026-08-10 03:01:00,569 | INFO | method=hybrid fold=protocol_1 iter=290/1800 total=0.237211 query=0.0830011 L_GY=0.0940893 L_G=1.50708 L_S=1.24502 L_SC=2.28637 L_R=0.0792436 L_C=0.202859 L_O=0.0935273 L_delta=0.00845925 val_mae=- best=169.171@200 stale=3
2026-08-10 03:01:04,542 | INFO | method=hybrid fold=protocol_1 iter=300/1800 total=0.278782 query=0.0893143 L_GY=0.126317 L_G=1.46339 L_S=1.38847 L_SC=2.50442 L_R=0.123741 L_C=0.13592 L_O=0.0938981 L_delta=0.00954058 val_mae=174.835 best=169.171@200 stale=4
2026-08-10 03:01:08,546 | INFO | method=hybrid fold=protocol_1 iter=310/1800 total=0.35067 query=0.148153 L_GY=0.154339 L_G=1.6059 L_S=1.22287 L_SC=2.16465 L_R=0.100026 L_C=0.0907152 L_O=0.199911 L_delta=0.00574346 val_mae=- best=169.171@200 stale=4
2026-08-10 03:01:12,804 | INFO | method=hybrid fold=protocol_1 iter=320/1800 total=0.202671 query=0.0555551 L_GY=0.0510281 L_G=1.58138 L_S=1.60373 L_SC=2.8812 L_R=0.060346 L_C=0.105693 L_O=0.250207 L_delta=0.00485345 val_mae=- best=169.171@200 stale=4
2026-08-10 03:01:14,977 | INFO | method=hybrid fold=protocol_1 iter=325/1800 total=0.255067 query=0.0858455 L_GY=0.111108 L_G=1.56039 L_S=1.17597 L_SC=2.24915 L_R=0.0932262 L_C=0.0688067 L_O=0.0973578 L_delta=0.0072596 val_mae=146.402 best=146.402@325 stale=0
2026-08-10 03:01:17,068 | INFO | method=hybrid fold=protocol_1 iter=330/1800 total=0.200589 query=0.0633129 L_GY=0.0629866 L_G=1.44783 L_S=1.21592 L_SC=2.47362 L_R=0.0906518 L_C=0.092707 L_O=0.0849512 L_delta=0.0101652 val_mae=- best=146.402@325 stale=0
2026-08-10 03:01:21,327 | INFO | method=hybrid fold=protocol_1 iter=340/1800 total=0.21214 query=0.0593052 L_GY=0.0809159 L_G=1.30053 L_S=1.25792 L_SC=2.59331 L_R=0.0805854 L_C=0.0819959 L_O=0.130383 L_delta=0.0162522 val_mae=- best=146.402@325 stale=0
2026-08-10 03:01:25,551 | INFO | method=hybrid fold=protocol_1 iter=350/1800 total=0.147808 query=0.0334725 L_GY=0.0561664 L_G=1.2038 L_S=0.886278 L_SC=2.02401 L_R=0.0761947 L_C=0.128286 L_O=0.0940879 L_delta=0.034566 val_mae=169.745 best=146.402@325 stale=1
2026-08-10 03:01:29,732 | INFO | method=hybrid fold=protocol_1 iter=360/1800 total=0.182369 query=0.0498332 L_GY=0.0759003 L_G=1.35316 L_S=1.02618 L_SC=1.9872 L_R=0.0783344 L_C=0.0962436 L_O=0.09362 L_delta=0.0215491 val_mae=- best=146.402@325 stale=1
2026-08-10 03:01:33,996 | INFO | method=hybrid fold=protocol_1 iter=370/1800 total=0.156611 query=0.0368068 L_GY=0.070861 L_G=1.23514 L_S=0.909988 L_SC=1.71537 L_R=0.0949174 L_C=0.090399 L_O=0.0871463 L_delta=0.014181 val_mae=- best=146.402@325 stale=1
2026-08-10 03:01:36,135 | INFO | method=hybrid fold=protocol_1 iter=375/1800 total=0.134676 query=0.0346817 L_GY=0.0444043 L_G=1.24851 L_S=0.95226 L_SC=1.66482 L_R=0.100169 L_C=0.0850923 L_O=0.0936602 L_delta=0.0110855 val_mae=158.121 best=146.402@325 stale=2
2026-08-10 03:01:38,229 | INFO | method=hybrid fold=protocol_1 iter=380/1800 total=0.119586 query=0.038105 L_GY=0.035151 L_G=1.08501 L_S=0.773113 L_SC=1.35196 L_R=0.0633739 L_C=0.0977595 L_O=0.0960183 L_delta=0.0053809 val_mae=- best=146.402@325 stale=2
2026-08-10 03:01:42,412 | INFO | method=hybrid fold=protocol_1 iter=390/1800 total=0.121434 query=0.0327131 L_GY=0.0254917 L_G=1.25637 L_S=0.961511 L_SC=1.71747 L_R=0.0442682 L_C=0.0410902 L_O=0.303204 L_delta=0.00135865 val_mae=- best=146.402@325 stale=2
2026-08-10 03:01:46,760 | INFO | method=hybrid fold=protocol_1 iter=400/1800 total=0.0881177 query=0.0171264 L_GY=0.0248421 L_G=1.06531 L_S=0.727603 L_SC=1.26514 L_R=0.0589351 L_C=0.0209031 L_O=0.145236 L_delta=0.00239616 val_mae=160.194 best=146.402@325 stale=3
2026-08-10 03:01:50,944 | INFO | method=hybrid fold=protocol_1 iter=410/1800 total=0.132462 query=0.0465221 L_GY=0.0403738 L_G=1.4027 L_S=0.715067 L_SC=1.29841 L_R=0.0646943 L_C=0.0204183 L_O=0.0936239 L_delta=0.00659736 val_mae=- best=146.402@325 stale=3
2026-08-10 03:01:55,201 | INFO | method=hybrid fold=protocol_1 iter=420/1800 total=0.0912779 query=0.0147293 L_GY=0.0196894 L_G=1.09307 L_S=0.85227 L_SC=1.61258 L_R=0.0424666 L_C=0.0366342 L_O=0.115806 L_delta=0.00247217 val_mae=- best=146.402@325 stale=3
2026-08-10 03:01:57,372 | INFO | method=hybrid fold=protocol_1 iter=425/1800 total=0.119405 query=0.0348272 L_GY=0.0387625 L_G=1.0795 L_S=0.663288 L_SC=1.48427 L_R=0.0630618 L_C=0.046117 L_O=0.121398 L_delta=0.00256208 val_mae=143.550 best=143.550@425 stale=0
2026-08-10 03:01:59,463 | INFO | method=hybrid fold=protocol_1 iter=430/1800 total=0.0879187 query=0.015865 L_GY=0.0192372 L_G=1.10138 L_S=0.80872 L_SC=1.44316 L_R=0.0563378 L_C=0.0353823 L_O=0.111534 L_delta=0.00409324 val_mae=- best=143.550@425 stale=0
2026-08-10 03:02:03,639 | INFO | method=hybrid fold=protocol_1 iter=440/1800 total=0.078766 query=0.0116698 L_GY=0.01876 L_G=1.52029 L_S=0.673129 L_SC=1.14388 L_R=0.0754513 L_C=0.0406567 L_O=0.0902087 L_delta=0.00474851 val_mae=- best=143.550@425 stale=0
2026-08-10 03:02:07,948 | INFO | method=hybrid fold=protocol_1 iter=450/1800 total=0.0806091 query=0.0126191 L_GY=0.0138205 L_G=1.44114 L_S=0.690439 L_SC=1.39567 L_R=0.0662905 L_C=0.0173136 L_O=0.107279 L_delta=0.00362535 val_mae=144.744 best=143.550@425 stale=1
2026-08-10 03:02:12,123 | INFO | method=hybrid fold=protocol_1 iter=460/1800 total=0.0842164 query=0.0143188 L_GY=0.0109979 L_G=1.50907 L_S=0.813215 L_SC=1.45395 L_R=0.0585481 L_C=0.0344919 L_O=0.0749779 L_delta=0.00226511 val_mae=- best=143.550@425 stale=1
2026-08-10 03:02:16,306 | INFO | method=hybrid fold=protocol_1 iter=470/1800 total=0.10453 query=0.0244684 L_GY=0.0210986 L_G=1.13684 L_S=0.784468 L_SC=1.77153 L_R=0.0490927 L_C=0.027157 L_O=0.136748 L_delta=0.000903235 val_mae=- best=143.550@425 stale=1
2026-08-10 03:02:18,525 | INFO | method=hybrid fold=protocol_1 iter=475/1800 total=0.108282 query=0.0207482 L_GY=0.020176 L_G=1.36637 L_S=0.909898 L_SC=1.95424 L_R=0.0618238 L_C=0.0557922 L_O=0.0867059 L_delta=0.00203321 val_mae=156.637 best=143.550@425 stale=2
2026-08-10 03:02:20,615 | INFO | method=hybrid fold=protocol_1 iter=480/1800 total=0.0694926 query=0.0180654 L_GY=0.0144909 L_G=1.26403 L_S=0.571724 L_SC=0.762359 L_R=0.0433084 L_C=0.0261213 L_O=0.0889681 L_delta=0.00140939 val_mae=- best=143.550@425 stale=2
2026-08-10 03:02:24,802 | INFO | method=hybrid fold=protocol_1 iter=490/1800 total=0.0714153 query=0.0135095 L_GY=0.0152551 L_G=1.11527 L_S=0.627066 L_SC=1.04898 L_R=0.053704 L_C=0.0291114 L_O=0.137665 L_delta=0.00154417 val_mae=- best=143.550@425 stale=2
2026-08-10 03:02:29,161 | INFO | method=hybrid fold=protocol_1 iter=500/1800 total=0.0382461 query=0.00545539 L_GY=0.00536497 L_G=1.02355 L_S=0.420972 L_SC=0.451234 L_R=0.0479898 L_C=0.0177555 L_O=0.0758487 L_delta=0.00162083 val_mae=138.368 best=138.368@500 stale=0
2026-08-10 03:02:33,342 | INFO | method=hybrid fold=protocol_1 iter=510/1800 total=0.0690311 query=0.0133736 L_GY=0.0108197 L_G=1.21309 L_S=0.626228 L_SC=1.07305 L_R=0.0404569 L_C=0.0264113 L_O=0.109177 L_delta=0.00111735 val_mae=- best=138.368@500 stale=0
2026-08-10 03:02:37,523 | INFO | method=hybrid fold=protocol_1 iter=520/1800 total=0.0647251 query=0.0172725 L_GY=0.0167645 L_G=1.007 L_S=0.572951 L_SC=0.614521 L_R=0.0487419 L_C=0.0209418 L_O=0.0711251 L_delta=0.000684981 val_mae=- best=138.368@500 stale=0
2026-08-10 03:02:39,660 | INFO | method=hybrid fold=protocol_1 iter=525/1800 total=0.0601836 query=0.0117566 L_GY=0.0130428 L_G=1.15226 L_S=0.561229 L_SC=0.712942 L_R=0.0526697 L_C=0.0393652 L_O=0.117856 L_delta=0.000922259 val_mae=141.412 best=138.368@500 stale=1
2026-08-10 03:02:41,831 | INFO | method=hybrid fold=protocol_1 iter=530/1800 total=0.0393479 query=0.00596158 L_GY=0.00534259 L_G=1.06326 L_S=0.413784 L_SC=0.474091 L_R=0.050611 L_C=0.0222768 L_O=0.0624632 L_delta=0.00156852 val_mae=- best=138.368@500 stale=1
2026-08-10 03:02:46,009 | INFO | method=hybrid fold=protocol_1 iter=540/1800 total=0.0525433 query=0.00660517 L_GY=0.00693399 L_G=1.2461 L_S=0.525348 L_SC=0.825342 L_R=0.052149 L_C=0.0248526 L_O=0.0877708 L_delta=0.0010032 val_mae=- best=138.368@500 stale=1
2026-08-10 03:02:50,319 | INFO | method=hybrid fold=protocol_1 iter=550/1800 total=0.0395498 query=0.0069845 L_GY=0.00563115 L_G=1.11296 L_S=0.404902 L_SC=0.391684 L_R=0.0540166 L_C=0.0240016 L_O=0.0890328 L_delta=0.00112358 val_mae=139.806 best=138.368@500 stale=2
2026-08-10 03:02:54,499 | INFO | method=hybrid fold=protocol_1 iter=560/1800 total=0.0714141 query=0.0207569 L_GY=0.0219338 L_G=1.12313 L_S=0.443297 L_SC=0.657078 L_R=0.0407752 L_C=0.0112238 L_O=0.0708045 L_delta=0.0012621 val_mae=- best=138.368@500 stale=2
2026-08-10 03:02:58,677 | INFO | method=hybrid fold=protocol_1 iter=570/1800 total=0.0340209 query=0.00589429 L_GY=0.00670215 L_G=1.11338 L_S=0.340436 L_SC=0.195927 L_R=0.0538569 L_C=0.0251659 L_O=0.0843638 L_delta=0.0010578 val_mae=- best=138.368@500 stale=2
2026-08-10 03:03:00,841 | INFO | method=hybrid fold=protocol_1 iter=575/1800 total=0.0495014 query=0.0132309 L_GY=0.013744 L_G=1.13009 L_S=0.335677 L_SC=0.337049 L_R=0.0473053 L_C=0.0249389 L_O=0.0845832 L_delta=0.000867653 val_mae=137.158 best=137.158@575 stale=0
2026-08-10 03:03:03,015 | INFO | method=hybrid fold=protocol_1 iter=580/1800 total=0.0406795 query=0.00720448 L_GY=0.0108972 L_G=1.22686 L_S=0.361003 L_SC=0.228049 L_R=0.0406446 L_C=0.0171182 L_O=0.0963586 L_delta=0.000802614 val_mae=- best=137.158@575 stale=0
2026-08-10 03:03:07,190 | INFO | method=hybrid fold=protocol_1 iter=590/1800 total=0.0467177 query=0.0142088 L_GY=0.0153572 L_G=1.02699 L_S=0.340376 L_SC=0.13887 L_R=0.0429924 L_C=0.0235831 L_O=0.0803233 L_delta=0.000805757 val_mae=- best=137.158@575 stale=0
2026-08-10 03:03:11,459 | INFO | method=hybrid fold=protocol_1 iter=600/1800 total=0.0582638 query=0.0209292 L_GY=0.0210519 L_G=1.332 L_S=0.300681 L_SC=0.0424906 L_R=0.0415278 L_C=0.0392526 L_O=0.0958235 L_delta=0.00141144 val_mae=139.416 best=137.158@575 stale=1
2026-08-10 03:03:15,724 | INFO | method=hybrid fold=protocol_1 iter=610/1800 total=0.0331045 query=0.00729546 L_GY=0.00786862 L_G=0.998324 L_S=0.322976 L_SC=0.114629 L_R=0.0383834 L_C=0.0167168 L_O=0.0896656 L_delta=0.000786199 val_mae=- best=137.158@575 stale=1
2026-08-10 03:03:19,910 | INFO | method=hybrid fold=protocol_1 iter=620/1800 total=0.0695207 query=0.0245384 L_GY=0.0290833 L_G=1.00667 L_S=0.440367 L_SC=0.15103 L_R=0.0390423 L_C=0.0527069 L_O=0.0816301 L_delta=0.00157797 val_mae=- best=137.158@575 stale=1
2026-08-10 03:03:22,055 | INFO | method=hybrid fold=protocol_1 iter=625/1800 total=0.0659703 query=0.0281258 L_GY=0.0273148 L_G=0.925363 L_S=0.317161 L_SC=0.0193762 L_R=0.060038 L_C=0.058796 L_O=0.0779624 L_delta=0.00188933 val_mae=142.616 best=137.158@575 stale=2
2026-08-10 03:03:24,146 | INFO | method=hybrid fold=protocol_1 iter=630/1800 total=0.0438254 query=0.00972619 L_GY=0.012361 L_G=0.930058 L_S=0.467281 L_SC=0.240034 L_R=0.0510763 L_C=0.0161006 L_O=0.10455 L_delta=0.00168106 val_mae=- best=137.158@575 stale=2
2026-08-10 03:03:28,411 | INFO | method=hybrid fold=protocol_1 iter=640/1800 total=0.0315232 query=0.00529511 L_GY=0.00635334 L_G=1.07942 L_S=0.352663 L_SC=0.105998 L_R=0.0567212 L_C=0.0304888 L_O=0.105954 L_delta=0.000890509 val_mae=- best=137.158@575 stale=2
2026-08-10 03:03:32,661 | INFO | method=hybrid fold=protocol_1 iter=650/1800 total=0.0281555 query=0.00568341 L_GY=0.00473874 L_G=0.953102 L_S=0.307764 L_SC=0.107991 L_R=0.0364791 L_C=0.0187004 L_O=0.079594 L_delta=0.00102841 val_mae=130.885 best=130.885@650 stale=0
2026-08-10 03:03:36,924 | INFO | method=hybrid fold=protocol_1 iter=660/1800 total=0.0424845 query=0.0118904 L_GY=0.0146843 L_G=0.925045 L_S=0.356414 L_SC=0.0833487 L_R=0.0433567 L_C=0.018807 L_O=0.122423 L_delta=0.00118705 val_mae=- best=130.885@650 stale=0
2026-08-10 03:03:41,100 | INFO | method=hybrid fold=protocol_1 iter=670/1800 total=0.0210579 query=0.00286479 L_GY=0.00282275 L_G=0.837453 L_S=0.299809 L_SC=0.0338374 L_R=0.0470513 L_C=0.01433 L_O=0.0721567 L_delta=0.0013344 val_mae=- best=130.885@650 stale=0
2026-08-10 03:03:43,259 | INFO | method=hybrid fold=protocol_1 iter=675/1800 total=0.0341423 query=0.00812525 L_GY=0.00942726 L_G=1.1304 L_S=0.29483 L_SC=0.0316605 L_R=0.0316613 L_C=0.0303095 L_O=0.0802738 L_delta=0.00203515 val_mae=128.797 best=128.797@675 stale=0
2026-08-10 03:03:45,433 | INFO | method=hybrid fold=protocol_1 iter=680/1800 total=0.0321314 query=0.00634295 L_GY=0.00963382 L_G=1.06087 L_S=0.324068 L_SC=0.0319826 L_R=0.0379826 L_C=0.0154158 L_O=0.0566296 L_delta=0.00135548 val_mae=- best=128.797@675 stale=0
2026-08-10 03:03:49,608 | INFO | method=hybrid fold=protocol_1 iter=690/1800 total=0.0250218 query=0.00448021 L_GY=0.0039668 L_G=0.969434 L_S=0.289503 L_SC=0.0467804 L_R=0.0379867 L_C=0.0264435 L_O=0.0824306 L_delta=0.000661135 val_mae=- best=128.797@675 stale=0
2026-08-10 03:03:53,878 | INFO | method=hybrid fold=protocol_1 iter=700/1800 total=0.0339268 query=0.00799155 L_GY=0.0103161 L_G=1.11424 L_S=0.285902 L_SC=0.0193481 L_R=0.0381613 L_C=0.0228996 L_O=0.064548 L_delta=0.000553857 val_mae=130.777 best=128.797@675 stale=1
2026-08-10 03:03:58,139 | INFO | method=hybrid fold=protocol_1 iter=710/1800 total=0.0326749 query=0.00933085 L_GY=0.00666728 L_G=1.11736 L_S=0.285432 L_SC=0.017169 L_R=0.0386393 L_C=0.0193791 L_O=0.0827774 L_delta=0.00106887 val_mae=- best=128.797@675 stale=1
2026-08-10 03:04:02,316 | INFO | method=hybrid fold=protocol_1 iter=720/1800 total=0.0446902 query=0.0150721 L_GY=0.0151479 L_G=1.11791 L_S=0.287822 L_SC=0.0140458 L_R=0.0364505 L_C=0.0444545 L_O=0.0636101 L_delta=0.0010195 val_mae=- best=128.797@675 stale=1
2026-08-10 03:04:04,452 | INFO | method=hybrid fold=protocol_1 iter=725/1800 total=0.0251001 query=0.00421709 L_GY=0.00440773 L_G=1.06864 L_S=0.287227 L_SC=0.0176222 L_R=0.0343383 L_C=0.0111362 L_O=0.0566363 L_delta=0.000794204 val_mae=135.169 best=128.797@675 stale=2
2026-08-10 03:04:06,540 | INFO | method=hybrid fold=protocol_1 iter=730/1800 total=0.0366185 query=0.0106884 L_GY=0.0113654 L_G=1.05502 L_S=0.283189 L_SC=0.0129831 L_R=0.0299996 L_C=0.0290273 L_O=0.0637209 L_delta=0.000663996 val_mae=- best=128.797@675 stale=2
2026-08-10 03:04:10,806 | INFO | method=hybrid fold=protocol_1 iter=740/1800 total=0.026397 query=0.00494083 L_GY=0.00441957 L_G=1.1153 L_S=0.284004 L_SC=0.00798069 L_R=0.0393137 L_C=0.0182004 L_O=0.0861156 L_delta=0.000412823 val_mae=- best=128.797@675 stale=2
2026-08-10 03:04:15,034 | INFO | method=hybrid fold=protocol_1 iter=750/1800 total=0.0254266 query=0.00358811 L_GY=0.00456129 L_G=1.14588 L_S=0.282604 L_SC=0.0168179 L_R=0.0350142 L_C=0.0120726 L_O=0.073482 L_delta=0.000941762 val_mae=134.201 best=128.797@675 stale=3
2026-08-10 03:04:19,301 | INFO | method=hybrid fold=protocol_1 iter=760/1800 total=0.0301957 query=0.008277 L_GY=0.00665879 L_G=1.00518 L_S=0.284889 L_SC=0.0151432 L_R=0.0383017 L_C=0.0263124 L_O=0.0549038 L_delta=0.00079408 val_mae=- best=128.797@675 stale=3
2026-08-10 03:04:23,481 | INFO | method=hybrid fold=protocol_1 iter=770/1800 total=0.0296956 query=0.00668683 L_GY=0.00655565 L_G=1.13251 L_S=0.279612 L_SC=0.0112434 L_R=0.0341537 L_C=0.0165678 L_O=0.069619 L_delta=0.000653299 val_mae=- best=128.797@675 stale=3
2026-08-10 03:04:25,617 | INFO | method=hybrid fold=protocol_1 iter=775/1800 total=0.0327579 query=0.00752378 L_GY=0.00963687 L_G=1.12117 L_S=0.282273 L_SC=0.0129382 L_R=0.0298312 L_C=0.0216904 L_O=0.0632881 L_delta=0.00062661 val_mae=141.229 best=128.797@675 stale=4
2026-08-10 03:04:27,707 | INFO | method=hybrid fold=protocol_1 iter=780/1800 total=0.025169 query=0.00455021 L_GY=0.00434495 L_G=1.05159 L_S=0.287491 L_SC=0.00898134 L_R=0.0357496 L_C=0.0148816 L_O=0.0661552 L_delta=0.000616621 val_mae=- best=128.797@675 stale=4
2026-08-10 03:04:31,967 | INFO | method=hybrid fold=protocol_1 iter=790/1800 total=0.030043 query=0.00456628 L_GY=0.00711612 L_G=1.30377 L_S=0.285129 L_SC=0.0111553 L_R=0.0357851 L_C=0.0192707 L_O=0.0900838 L_delta=0.00109786 val_mae=- best=128.797@675 stale=4
2026-08-10 03:04:36,259 | INFO | method=hybrid fold=protocol_1 iter=800/1800 total=0.0279196 query=0.00623161 L_GY=0.00725423 L_G=0.913144 L_S=0.283675 L_SC=0.0110067 L_R=0.0395311 L_C=0.0181667 L_O=0.0933666 L_delta=0.000679812 val_mae=125.000 best=125.000@800 stale=0
2026-08-10 03:04:40,445 | INFO | method=hybrid fold=protocol_1 iter=810/1800 total=0.0302384 query=0.00686433 L_GY=0.00787477 L_G=1.07085 L_S=0.282902 L_SC=0.00813814 L_R=0.0260057 L_C=0.0181932 L_O=0.0717703 L_delta=0.000438697 val_mae=- best=125.000@800 stale=0
2026-08-10 03:04:44,705 | INFO | method=hybrid fold=protocol_1 iter=820/1800 total=0.0398525 query=0.0117391 L_GY=0.0111398 L_G=1.28096 L_S=0.280631 L_SC=0.0119896 L_R=0.0314543 L_C=0.0217204 L_O=0.0830587 L_delta=0.000757068 val_mae=- best=125.000@800 stale=0
2026-08-10 03:04:46,843 | INFO | method=hybrid fold=protocol_1 iter=825/1800 total=0.0475615 query=0.0161207 L_GY=0.0177808 L_G=1.12749 L_S=0.279594 L_SC=0.00814694 L_R=0.0365631 L_C=0.0127409 L_O=0.0828848 L_delta=0.000505727 val_mae=129.981 best=125.000@800 stale=1
2026-08-10 03:04:48,931 | INFO | method=hybrid fold=protocol_1 iter=830/1800 total=0.0290712 query=0.0062502 L_GY=0.0055091 L_G=1.19683 L_S=0.28055 L_SC=0.00943542 L_R=0.0276267 L_C=0.0241261 L_O=0.0662335 L_delta=0.000560145 val_mae=- best=125.000@800 stale=1
2026-08-10 03:04:53,196 | INFO | method=hybrid fold=protocol_1 iter=840/1800 total=0.034073 query=0.00648159 L_GY=0.007476 L_G=1.52878 L_S=0.278016 L_SC=0.00918538 L_R=0.0260161 L_C=0.0184863 L_O=0.0730082 L_delta=0.000593018 val_mae=- best=125.000@800 stale=1
2026-08-10 03:04:57,428 | INFO | method=hybrid fold=protocol_1 iter=850/1800 total=0.0333771 query=0.0065498 L_GY=0.00681879 L_G=1.5221 L_S=0.27648 L_SC=0.0091608 L_R=0.0278577 L_C=0.0134652 L_O=0.0572742 L_delta=0.000561459 val_mae=131.583 best=125.000@800 stale=2
2026-08-10 03:05:01,606 | INFO | method=hybrid fold=protocol_1 iter=860/1800 total=0.0332078 query=0.00874284 L_GY=0.00826636 L_G=1.15386 L_S=0.283119 L_SC=0.0139577 L_R=0.0283841 L_C=0.0146666 L_O=0.0569757 L_delta=0.000300432 val_mae=- best=125.000@800 stale=2
2026-08-10 03:05:05,866 | INFO | method=hybrid fold=protocol_1 iter=870/1800 total=0.0355355 query=0.00994146 L_GY=0.0090887 L_G=1.21888 L_S=0.276625 L_SC=0.0108528 L_R=0.0295597 L_C=0.0247054 L_O=0.0567728 L_delta=0.000546378 val_mae=- best=125.000@800 stale=2
2026-08-10 03:05:08,004 | INFO | method=hybrid fold=protocol_1 iter=875/1800 total=0.0342401 query=0.00710491 L_GY=0.0100021 L_G=1.3028 L_S=0.275236 L_SC=0.00930172 L_R=0.0262277 L_C=0.00770646 L_O=0.0745206 L_delta=0.000627572 val_mae=130.943 best=125.000@800 stale=3
2026-08-10 03:05:10,095 | INFO | method=hybrid fold=protocol_1 iter=880/1800 total=0.0416543 query=0.0127095 L_GY=0.0155684 L_G=1.02906 L_S=0.288118 L_SC=0.00619135 L_R=0.0360021 L_C=0.0250666 L_O=0.0786397 L_delta=0.000575563 val_mae=- best=125.000@800 stale=3
2026-08-10 03:05:14,353 | INFO | method=hybrid fold=protocol_1 iter=890/1800 total=0.0277778 query=0.00777038 L_GY=0.00611893 L_G=0.885456 L_S=0.274393 L_SC=0.00865537 L_R=0.0244815 L_C=0.0263182 L_O=0.0648682 L_delta=0.000466011 val_mae=- best=125.000@800 stale=3
2026-08-10 03:05:18,655 | INFO | method=hybrid fold=protocol_1 iter=900/1800 total=0.0259059 query=0.00431238 L_GY=0.00414189 L_G=1.18952 L_S=0.275512 L_SC=0.00993113 L_R=0.0333447 L_C=0.0165233 L_O=0.0633603 L_delta=0.000617329 val_mae=116.184 best=116.184@900 stale=0
2026-08-10 03:05:22,835 | INFO | method=hybrid fold=protocol_1 iter=910/1800 total=0.0275768 query=0.00403159 L_GY=0.00505519 L_G=1.31529 L_S=0.275811 L_SC=0.00850761 L_R=0.0319527 L_C=0.0240255 L_O=0.0634534 L_delta=0.00052371 val_mae=- best=116.184@900 stale=0
2026-08-10 03:05:27,096 | INFO | method=hybrid fold=protocol_1 iter=920/1800 total=0.0381444 query=0.010641 L_GY=0.00959098 L_G=1.37203 L_S=0.282347 L_SC=0.00735914 L_R=0.030228 L_C=0.0202402 L_O=0.0543475 L_delta=0.000567489 val_mae=- best=116.184@900 stale=0
2026-08-10 03:05:29,239 | INFO | method=hybrid fold=protocol_1 iter=925/1800 total=0.0304668 query=0.00611481 L_GY=0.00533584 L_G=1.35818 L_S=0.277374 L_SC=0.00736077 L_R=0.0349673 L_C=0.0132718 L_O=0.0832387 L_delta=0.000818333 val_mae=123.656 best=116.184@900 stale=1
2026-08-10 03:05:31,328 | INFO | method=hybrid fold=protocol_1 iter=930/1800 total=0.0275765 query=0.00450975 L_GY=0.00440806 L_G=1.31001 L_S=0.279644 L_SC=0.00531827 L_R=0.0278045 L_C=0.0219693 L_O=0.0712347 L_delta=0.000809587 val_mae=- best=116.184@900 stale=1
2026-08-10 03:05:35,506 | INFO | method=hybrid fold=protocol_1 iter=940/1800 total=0.0272947 query=0.00423956 L_GY=0.00527442 L_G=1.2353 L_S=0.276946 L_SC=0.00610406 L_R=0.0232766 L_C=0.0229074 L_O=0.0854328 L_delta=0.000414339 val_mae=- best=116.184@900 stale=1
2026-08-10 03:05:39,711 | INFO | method=hybrid fold=protocol_1 iter=950/1800 total=0.026297 query=0.00321718 L_GY=0.00438204 L_G=1.33326 L_S=0.275445 L_SC=0.00664671 L_R=0.0277995 L_C=0.0109902 L_O=0.0624904 L_delta=0.000543682 val_mae=132.138 best=116.184@900 stale=2
2026-08-10 03:05:43,854 | INFO | method=hybrid fold=protocol_1 iter=960/1800 total=0.0364849 query=0.00978566 L_GY=0.0113119 L_G=1.15973 L_S=0.276901 L_SC=0.00718868 L_R=0.0304721 L_C=0.0204876 L_O=0.0681373 L_delta=0.000741773 val_mae=- best=116.184@900 stale=2
2026-08-10 03:05:48,117 | INFO | method=hybrid fold=protocol_1 iter=970/1800 total=0.0311816 query=0.00686529 L_GY=0.00676245 L_G=1.2592 L_S=0.27849 L_SC=0.00767763 L_R=0.029948 L_C=0.0197045 L_O=0.0680812 L_delta=0.000466708 val_mae=- best=116.184@900 stale=2
2026-08-10 03:05:50,256 | INFO | method=hybrid fold=protocol_1 iter=975/1800 total=0.0344361 query=0.00807066 L_GY=0.00844387 L_G=1.33974 L_S=0.273541 L_SC=0.00832426 L_R=0.0311464 L_C=0.0207331 L_O=0.0738372 L_delta=0.000675962 val_mae=126.643 best=116.184@900 stale=3
2026-08-10 03:05:52,304 | INFO | method=hybrid fold=protocol_1 iter=980/1800 total=0.0290157 query=0.00513425 L_GY=0.00623615 L_G=1.26176 L_S=0.274662 L_SC=0.00620509 L_R=0.0314974 L_C=0.0335165 L_O=0.0644316 L_delta=0.000327751 val_mae=- best=116.184@900 stale=3
2026-08-10 03:05:56,186 | INFO | method=hybrid fold=protocol_1 iter=990/1800 total=0.0287281 query=0.00523981 L_GY=0.00777147 L_G=1.10946 L_S=0.275159 L_SC=0.00525684 L_R=0.0306791 L_C=0.0125143 L_O=0.0740639 L_delta=0.000925483 val_mae=- best=116.184@900 stale=3
2026-08-10 03:06:00,243 | INFO | method=hybrid fold=protocol_1 iter=1000/1800 total=0.0297642 query=0.00364356 L_GY=0.00525922 L_G=1.53967 L_S=0.277911 L_SC=0.00559029 L_R=0.0392798 L_C=0.0146847 L_O=0.0839681 L_delta=0.000531511 val_mae=120.670 best=116.184@900 stale=4
2026-08-10 03:06:04,423 | INFO | method=hybrid fold=protocol_1 iter=1010/1800 total=0.0576605 query=0.0222679 L_GY=0.0231573 L_G=1.13831 L_S=0.272636 L_SC=0.00645853 L_R=0.0255686 L_C=0.0296002 L_O=0.07837 L_delta=0.000573113 val_mae=- best=116.184@900 stale=4
2026-08-10 03:06:08,602 | INFO | method=hybrid fold=protocol_1 iter=1020/1800 total=0.027012 query=0.00481333 L_GY=0.00522123 L_G=1.19021 L_S=0.275534 L_SC=0.00461943 L_R=0.0285752 L_C=0.0199634 L_O=0.053482 L_delta=0.000324971 val_mae=- best=116.184@900 stale=4
2026-08-10 03:06:10,824 | INFO | method=hybrid fold=protocol_1 iter=1025/1800 total=0.0251519 query=0.00453849 L_GY=0.00382125 L_G=1.11541 L_S=0.275503 L_SC=0.00531588 L_R=0.0271425 L_C=0.0213257 L_O=0.0734594 L_delta=0.000338293 val_mae=138.320 best=116.184@900 stale=5
2026-08-10 03:06:12,912 | INFO | method=hybrid fold=protocol_1 iter=1030/1800 total=0.0464986 query=0.0162936 L_GY=0.0145722 L_G=1.27025 L_S=0.272546 L_SC=0.00584526 L_R=0.0268849 L_C=0.0492762 L_O=0.0624571 L_delta=0.000709447 val_mae=- best=116.184@900 stale=5
2026-08-10 03:06:17,092 | INFO | method=hybrid fold=protocol_1 iter=1040/1800 total=0.031144 query=0.00704826 L_GY=0.00767219 L_G=1.16865 L_S=0.281083 L_SC=0.00480305 L_R=0.0306054 L_C=0.0182911 L_O=0.0692845 L_delta=0.000269065 val_mae=- best=116.184@900 stale=5
2026-08-10 03:06:21,441 | INFO | method=hybrid fold=protocol_1 iter=1050/1800 total=0.0320505 query=0.00829911 L_GY=0.00827982 L_G=1.06046 L_S=0.274797 L_SC=0.00606197 L_R=0.0250107 L_C=0.0319237 L_O=0.103502 L_delta=0.000501237 val_mae=112.413 best=112.413@1050 stale=0
2026-08-10 03:06:25,623 | INFO | method=hybrid fold=protocol_1 iter=1060/1800 total=0.0251033 query=0.00386857 L_GY=0.00450215 L_G=1.14095 L_S=0.27464 L_SC=0.00618735 L_R=0.0225353 L_C=0.015072 L_O=0.0643957 L_delta=0.000777042 val_mae=- best=112.413@1050 stale=0
2026-08-10 03:06:29,804 | INFO | method=hybrid fold=protocol_1 iter=1070/1800 total=0.0283559 query=0.00612449 L_GY=0.00614701 L_G=1.09123 L_S=0.282227 L_SC=0.00547369 L_R=0.029481 L_C=0.0165533 L_O=0.0724593 L_delta=0.000542928 val_mae=- best=112.413@1050 stale=0
2026-08-10 03:06:32,025 | INFO | method=hybrid fold=protocol_1 iter=1075/1800 total=0.0336971 query=0.00750326 L_GY=0.0081891 L_G=1.33897 L_S=0.274862 L_SC=0.00603124 L_R=0.0227292 L_C=0.0236583 L_O=0.0812467 L_delta=0.000512739 val_mae=123.701 best=112.413@1050 stale=1
2026-08-10 03:06:34,122 | INFO | method=hybrid fold=protocol_1 iter=1080/1800 total=0.0287705 query=0.00679805 L_GY=0.00548179 L_G=1.11712 L_S=0.277977 L_SC=0.00614081 L_R=0.0275182 L_C=0.0356982 L_O=0.0691394 L_delta=0.000434717 val_mae=- best=112.413@1050 stale=1
2026-08-10 03:06:38,308 | INFO | method=hybrid fold=protocol_1 iter=1090/1800 total=0.0261989 query=0.00450284 L_GY=0.00467465 L_G=1.16222 L_S=0.274078 L_SC=0.00541631 L_R=0.0301089 L_C=0.0204249 L_O=0.0725255 L_delta=0.000538955 val_mae=- best=112.413@1050 stale=1
2026-08-10 03:06:42,592 | INFO | method=hybrid fold=protocol_1 iter=1100/1800 total=0.0431024 query=0.013378 L_GY=0.0144816 L_G=1.22856 L_S=0.274735 L_SC=0.00455408 L_R=0.0274227 L_C=0.0400078 L_O=0.0654645 L_delta=0.000160283 val_mae=119.222 best=112.413@1050 stale=2
2026-08-10 03:06:46,863 | INFO | method=hybrid fold=protocol_1 iter=1110/1800 total=0.0270225 query=0.00466141 L_GY=0.00570574 L_G=1.1475 L_S=0.275717 L_SC=0.00636976 L_R=0.0261041 L_C=0.0203799 L_O=0.0732533 L_delta=0.000608435 val_mae=- best=112.413@1050 stale=2
2026-08-10 03:06:51,048 | INFO | method=hybrid fold=protocol_1 iter=1120/1800 total=0.0288389 query=0.00658898 L_GY=0.00648388 L_G=1.08409 L_S=0.271621 L_SC=0.00473257 L_R=0.0304239 L_C=0.028886 L_O=0.0722448 L_delta=0.000521476 val_mae=- best=112.413@1050 stale=2
2026-08-10 03:06:53,268 | INFO | method=hybrid fold=protocol_1 iter=1125/1800 total=0.0382771 query=0.0133216 L_GY=0.00949286 L_G=1.12443 L_S=0.273286 L_SC=0.00535909 L_R=0.0284847 L_C=0.0210646 L_O=0.0770821 L_delta=0.000861053 val_mae=131.371 best=112.413@1050 stale=3
2026-08-10 03:06:55,358 | INFO | method=hybrid fold=protocol_1 iter=1130/1800 total=0.0395738 query=0.0117404 L_GY=0.00964887 L_G=1.43588 L_S=0.27402 L_SC=0.00576284 L_R=0.0216814 L_C=0.0144541 L_O=0.0461534 L_delta=0.000354572 val_mae=- best=112.413@1050 stale=3
2026-08-10 03:06:59,542 | INFO | method=hybrid fold=protocol_1 iter=1140/1800 total=0.0262151 query=0.00413415 L_GY=0.00445447 L_G=1.23999 L_S=0.277291 L_SC=0.0045313 L_R=0.024238 L_C=0.017108 L_O=0.0496936 L_delta=0.00027641 val_mae=- best=112.413@1050 stale=3
2026-08-10 03:07:03,701 | INFO | method=hybrid fold=protocol_1 iter=1150/1800 total=0.0254648 query=0.0034802 L_GY=0.00385339 L_G=1.27919 L_S=0.27271 L_SC=0.00463303 L_R=0.0244747 L_C=0.0173686 L_O=0.0546583 L_delta=0.000370965 val_mae=119.637 best=112.413@1050 stale=4
2026-08-10 03:07:07,677 | INFO | method=hybrid fold=protocol_1 iter=1160/1800 total=0.0229515 query=0.00232502 L_GY=0.00153916 L_G=1.29886 L_S=0.274039 L_SC=0.00462471 L_R=0.0266372 L_C=0.0202706 L_O=0.0675687 L_delta=0.000406404 val_mae=- best=112.413@1050 stale=4
2026-08-10 03:07:11,570 | INFO | method=hybrid fold=protocol_1 iter=1170/1800 total=0.0259496 query=0.00370005 L_GY=0.00413265 L_G=1.28238 L_S=0.273433 L_SC=0.00519833 L_R=0.026584 L_C=0.0153564 L_O=0.0543899 L_delta=0.000418961 val_mae=- best=112.413@1050 stale=4
2026-08-10 03:07:13,714 | INFO | method=hybrid fold=protocol_1 iter=1175/1800 total=0.0272567 query=0.00369265 L_GY=0.00360891 L_G=1.43945 L_S=0.274357 L_SC=0.00455837 L_R=0.0232322 L_C=0.0142992 L_O=0.0696853 L_delta=0.000566162 val_mae=108.059 best=108.059@1175 stale=0
2026-08-10 03:07:15,891 | INFO | method=hybrid fold=protocol_1 iter=1180/1800 total=0.0372996 query=0.00836179 L_GY=0.00888579 L_G=1.56667 L_S=0.273376 L_SC=0.0055535 L_R=0.0218042 L_C=0.0304726 L_O=0.076679 L_delta=0.000358708 val_mae=- best=108.059@1175 stale=0
2026-08-10 03:07:19,938 | INFO | method=hybrid fold=protocol_1 iter=1190/1800 total=0.0290191 query=0.00490437 L_GY=0.00542496 L_G=1.37507 L_S=0.272589 L_SC=0.00402692 L_R=0.0227464 L_C=0.0130031 L_O=0.0584142 L_delta=0.000336133 val_mae=- best=108.059@1175 stale=0
2026-08-10 03:07:24,240 | INFO | method=hybrid fold=protocol_1 iter=1200/1800 total=0.0305551 query=0.00578822 L_GY=0.00558722 L_G=1.41845 L_S=0.272267 L_SC=0.00384747 L_R=0.0237306 L_C=0.0193141 L_O=0.0654443 L_delta=0.000191677 val_mae=95.945 best=95.945@1200 stale=0
2026-08-10 03:07:28,506 | INFO | method=hybrid fold=protocol_1 iter=1210/1800 total=0.0325788 query=0.00612376 L_GY=0.0065669 L_G=1.53435 L_S=0.271528 L_SC=0.00611402 L_R=0.0230329 L_C=0.0122694 L_O=0.0456993 L_delta=0.000390422 val_mae=- best=95.945@1200 stale=0
2026-08-10 03:07:32,691 | INFO | method=hybrid fold=protocol_1 iter=1220/1800 total=0.0271751 query=0.00393183 L_GY=0.00386291 L_G=1.38822 L_S=0.271969 L_SC=0.00467007 L_R=0.0236723 L_C=0.0168788 L_O=0.0728354 L_delta=0.000268944 val_mae=- best=95.945@1200 stale=0
2026-08-10 03:07:34,830 | INFO | method=hybrid fold=protocol_1 iter=1225/1800 total=0.0294222 query=0.00482304 L_GY=0.004619 L_G=1.47089 L_S=0.271861 L_SC=0.00367586 L_R=0.02831 L_C=0.0285548 L_O=0.0630865 L_delta=0.000246732 val_mae=102.908 best=95.945@1200 stale=1
2026-08-10 03:07:36,920 | INFO | method=hybrid fold=protocol_1 iter=1230/1800 total=0.0263593 query=0.0023812 L_GY=0.00204263 L_G=1.62023 L_S=0.274375 L_SC=0.00348961 L_R=0.027607 L_C=0.0161555 L_O=0.0467722 L_delta=0.000156774 val_mae=- best=95.945@1200 stale=1
2026-08-10 03:07:41,184 | INFO | method=hybrid fold=protocol_1 iter=1240/1800 total=0.0237101 query=0.00263405 L_GY=0.00304964 L_G=1.2522 L_S=0.274422 L_SC=0.00414246 L_R=0.0186323 L_C=0.0166677 L_O=0.0519033 L_delta=0.000197613 val_mae=- best=95.945@1200 stale=1
2026-08-10 03:07:45,428 | INFO | method=hybrid fold=protocol_1 iter=1250/1800 total=0.0328894 query=0.00638838 L_GY=0.00741898 L_G=1.43951 L_S=0.269888 L_SC=0.00413089 L_R=0.0237958 L_C=0.00964138 L_O=0.0894082 L_delta=0.000228376 val_mae=110.042 best=95.945@1200 stale=2
2026-08-10 03:07:49,609 | INFO | method=hybrid fold=protocol_1 iter=1260/1800 total=0.0278563 query=0.00390853 L_GY=0.00382175 L_G=1.45887 L_S=0.276585 L_SC=0.00435196 L_R=0.0193555 L_C=0.0283682 L_O=0.0635383 L_delta=0.000325918 val_mae=- best=95.945@1200 stale=2
2026-08-10 03:07:53,875 | INFO | method=hybrid fold=protocol_1 iter=1270/1800 total=0.0306606 query=0.00669408 L_GY=0.00592303 L_G=1.30515 L_S=0.273598 L_SC=0.00489277 L_R=0.0260637 L_C=0.011449 L_O=0.0715319 L_delta=0.000293857 val_mae=- best=95.945@1200 stale=2
2026-08-10 03:07:56,016 | INFO | method=hybrid fold=protocol_1 iter=1275/1800 total=0.0337063 query=0.00824526 L_GY=0.00874383 L_G=1.2609 L_S=0.274934 L_SC=0.00481875 L_R=0.0266375 L_C=0.0147329 L_O=0.049226 L_delta=0.000318891 val_mae=120.055 best=95.945@1200 stale=3
2026-08-10 03:07:58,112 | INFO | method=hybrid fold=protocol_1 iter=1280/1800 total=0.0320659 query=0.00532238 L_GY=0.00562866 L_G=1.62034 L_S=0.277011 L_SC=0.00339676 L_R=0.0305998 L_C=0.0159136 L_O=0.0477876 L_delta=0.000357839 val_mae=- best=95.945@1200 stale=3
2026-08-10 03:08:02,378 | INFO | method=hybrid fold=protocol_1 iter=1290/1800 total=0.024689 query=0.00388183 L_GY=0.00448469 L_G=1.09035 L_S=0.270916 L_SC=0.0032661 L_R=0.0217342 L_C=0.0190173 L_O=0.0852797 L_delta=0.000242614 val_mae=- best=95.945@1200 stale=3
2026-08-10 03:08:06,660 | INFO | method=hybrid fold=protocol_1 iter=1300/1800 total=0.0385144 query=0.0102735 L_GY=0.00988462 L_G=1.42707 L_S=0.277095 L_SC=0.0047086 L_R=0.0204527 L_C=0.0289343 L_O=0.0673712 L_delta=0.00035678 val_mae=103.604 best=95.945@1200 stale=4
2026-08-10 03:08:10,795 | INFO | method=hybrid fold=protocol_1 iter=1310/1800 total=0.0295489 query=0.00593905 L_GY=0.00631516 L_G=1.23776 L_S=0.278474 L_SC=0.00416767 L_R=0.0223482 L_C=0.0203962 L_O=0.0629286 L_delta=0.000221071 val_mae=- best=95.945@1200 stale=4
2026-08-10 03:08:14,866 | INFO | method=hybrid fold=protocol_1 iter=1320/1800 total=0.0366639 query=0.00849093 L_GY=0.00943778 L_G=1.47376 L_S=0.274056 L_SC=0.00338415 L_R=0.0261154 L_C=0.0115623 L_O=0.0619817 L_delta=0.000267691 val_mae=- best=95.945@1200 stale=4
2026-08-10 03:08:17,004 | INFO | method=hybrid fold=protocol_1 iter=1325/1800 total=0.0412305 query=0.0116331 L_GY=0.0121518 L_G=1.39581 L_S=0.273075 L_SC=0.00271491 L_R=0.0213368 L_C=0.0451698 L_O=0.067709 L_delta=0.000255303 val_mae=105.887 best=95.945@1200 stale=5
2026-08-10 03:08:19,096 | INFO | method=hybrid fold=protocol_1 iter=1330/1800 total=0.0263072 query=0.00314438 L_GY=0.00261163 L_G=1.49128 L_S=0.272454 L_SC=0.00311715 L_R=0.0249826 L_C=0.0194561 L_O=0.0557697 L_delta=0.000199418 val_mae=- best=95.945@1200 stale=5
2026-08-10 03:08:23,368 | INFO | method=hybrid fold=protocol_1 iter=1340/1800 total=0.0327135 query=0.00591347 L_GY=0.00648769 L_G=1.55189 L_S=0.272834 L_SC=0.00376489 L_R=0.0187554 L_C=0.0238534 L_O=0.0670272 L_delta=0.000305165 val_mae=- best=95.945@1200 stale=5
2026-08-10 03:08:27,597 | INFO | method=hybrid fold=protocol_1 iter=1350/1800 total=0.0243269 query=0.00322091 L_GY=0.00404621 L_G=1.16205 L_S=0.273067 L_SC=0.00386563 L_R=0.0213807 L_C=0.0203491 L_O=0.0703563 L_delta=0.000287506 val_mae=109.674 best=95.945@1200 stale=6
2026-08-10 03:08:31,780 | INFO | method=hybrid fold=protocol_1 iter=1360/1800 total=0.0252806 query=0.00340366 L_GY=0.00393065 L_G=1.27828 L_S=0.270295 L_SC=0.0044348 L_R=0.0198332 L_C=0.0112504 L_O=0.0496101 L_delta=0.000373182 val_mae=- best=95.945@1200 stale=6
2026-08-10 03:08:36,044 | INFO | method=hybrid fold=protocol_1 iter=1370/1800 total=0.0354978 query=0.00927877 L_GY=0.00993769 L_G=1.23111 L_S=0.272172 L_SC=0.00315031 L_R=0.0207589 L_C=0.0302862 L_O=0.0692916 L_delta=0.000171983 val_mae=- best=95.945@1200 stale=6
2026-08-10 03:08:38,182 | INFO | method=hybrid fold=protocol_1 iter=1375/1800 total=0.0289549 query=0.00482086 L_GY=0.00401994 L_G=1.48096 L_S=0.271202 L_SC=0.00360248 L_R=0.0272208 L_C=0.0212317 L_O=0.0571123 L_delta=0.000320178 val_mae=109.817 best=95.945@1200 stale=7
2026-08-10 03:08:40,272 | INFO | method=hybrid fold=protocol_1 iter=1380/1800 total=0.0347585 query=0.00680503 L_GY=0.0084206 L_G=1.51922 L_S=0.270072 L_SC=0.00379952 L_R=0.0255734 L_C=0.0147655 L_O=0.0766647 L_delta=0.000448443 val_mae=- best=95.945@1200 stale=7
2026-08-10 03:08:44,462 | INFO | method=hybrid fold=protocol_1 iter=1390/1800 total=0.025918 query=0.00325074 L_GY=0.00368235 L_G=1.3445 L_S=0.273584 L_SC=0.00310136 L_R=0.021196 L_C=0.0192048 L_O=0.0724795 L_delta=0.000246393 val_mae=- best=95.945@1200 stale=7
2026-08-10 03:08:48,833 | INFO | method=hybrid fold=protocol_1 iter=1400/1800 total=0.0363016 query=0.00939261 L_GY=0.00827177 L_G=1.43233 L_S=0.271356 L_SC=0.00376826 L_R=0.0261708 L_C=0.0191544 L_O=0.0652695 L_delta=0.000319535 val_mae=120.896 best=95.945@1200 stale=8
2026-08-10 03:08:53,019 | INFO | method=hybrid fold=protocol_1 iter=1410/1800 total=0.0307832 query=0.00750879 L_GY=0.0058073 L_G=1.25187 L_S=0.274308 L_SC=0.0036567 L_R=0.0250086 L_C=0.0296327 L_O=0.0567784 L_delta=0.000321607 val_mae=- best=95.945@1200 stale=8
2026-08-10 03:08:57,203 | INFO | method=hybrid fold=protocol_1 iter=1420/1800 total=0.0286063 query=0.00456095 L_GY=0.00495259 L_G=1.39514 L_S=0.271536 L_SC=0.00396374 L_R=0.017692 L_C=0.0199178 L_O=0.0681497 L_delta=0.000348783 val_mae=- best=95.945@1200 stale=8
2026-08-10 03:08:59,426 | INFO | method=hybrid fold=protocol_1 iter=1425/1800 total=0.0229336 query=0.00125044 L_GY=0.000759142 L_G=1.48651 L_S=0.272331 L_SC=0.00292465 L_R=0.0247995 L_C=0.011391 L_O=0.0562583 L_delta=0.000252869 val_mae=118.418 best=95.945@1200 stale=9
2026-08-10 03:09:01,516 | INFO | method=hybrid fold=protocol_1 iter=1430/1800 total=0.0225037 query=0.00212618 L_GY=0.00200833 L_G=1.26305 L_S=0.268864 L_SC=0.00365351 L_R=0.0246475 L_C=0.014693 L_O=0.0593638 L_delta=0.000288491 val_mae=- best=95.945@1200 stale=9
2026-08-10 03:09:05,699 | INFO | method=hybrid fold=protocol_1 iter=1440/1800 total=0.0239689 query=0.00210215 L_GY=0.00227665 L_G=1.38637 L_S=0.271574 L_SC=0.00301449 L_R=0.0227928 L_C=0.0179557 L_O=0.0600048 L_delta=0.000151364 val_mae=- best=95.945@1200 stale=9
2026-08-10 03:09:09,851 | INFO | method=hybrid fold=protocol_1 iter=1450/1800 total=0.0266324 query=0.00472994 L_GY=0.00468388 L_G=1.16633 L_S=0.281579 L_SC=0.00322544 L_R=0.0230992 L_C=0.0146392 L_O=0.0841364 L_delta=0.000541687 val_mae=104.797 best=95.945@1200 stale=10
2026-08-10 03:09:14,036 | INFO | method=hybrid fold=protocol_1 iter=1460/1800 total=0.0267048 query=0.00384248 L_GY=0.00416463 L_G=1.33573 L_S=0.276158 L_SC=0.00388769 L_R=0.0245413 L_C=0.018945 L_O=0.0563169 L_delta=0.000372872 val_mae=- best=95.945@1200 stale=10
2026-08-10 03:09:18,221 | INFO | method=hybrid fold=protocol_1 iter=1470/1800 total=0.0270948 query=0.00416601 L_GY=0.00440171 L_G=1.34088 L_S=0.271522 L_SC=0.00263765 L_R=0.0221332 L_C=0.0182478 L_O=0.0533529 L_delta=0.000191794 val_mae=- best=95.945@1200 stale=10
2026-08-10 03:09:20,442 | INFO | method=hybrid fold=protocol_1 iter=1475/1800 total=0.0292149 query=0.00415941 L_GY=0.00494743 L_G=1.50691 L_S=0.270291 L_SC=0.00365932 L_R=0.0235889 L_C=0.0139662 L_O=0.0609028 L_delta=0.000369947 val_mae=113.732 best=95.945@1200 stale=11
2026-08-10 03:09:22,537 | INFO | method=hybrid fold=protocol_1 iter=1480/1800 total=0.0297458 query=0.00621373 L_GY=0.00549759 L_G=1.29883 L_S=0.270025 L_SC=0.00354127 L_R=0.0160195 L_C=0.0133778 L_O=0.0802209 L_delta=0.000544897 val_mae=- best=95.945@1200 stale=11
2026-08-10 03:09:26,717 | INFO | method=hybrid fold=protocol_1 iter=1490/1800 total=0.0327758 query=0.00694958 L_GY=0.00676892 L_G=1.40993 L_S=0.273477 L_SC=0.00459067 L_R=0.0235404 L_C=0.0309914 L_O=0.0816136 L_delta=0.000363563 val_mae=- best=95.945@1200 stale=11
2026-08-10 03:09:31,080 | INFO | method=hybrid fold=protocol_1 iter=1500/1800 total=0.0264031 query=0.00441069 L_GY=0.00508413 L_G=1.18298 L_S=0.271042 L_SC=0.00379837 L_R=0.0196558 L_C=0.0187602 L_O=0.0660581 L_delta=0.000306159 val_mae=115.972 best=95.945@1200 stale=12
2026-08-10 03:09:35,265 | INFO | method=hybrid fold=protocol_1 iter=1510/1800 total=0.0256125 query=0.00290961 L_GY=0.00281938 L_G=1.42678 L_S=0.270711 L_SC=0.00312 L_R=0.0202073 L_C=0.0143102 L_O=0.0671346 L_delta=0.000481671 val_mae=- best=95.945@1200 stale=12
2026-08-10 03:09:39,454 | INFO | method=hybrid fold=protocol_1 iter=1520/1800 total=0.0393169 query=0.0110965 L_GY=0.0101607 L_G=1.42209 L_S=0.274268 L_SC=0.00311654 L_R=0.0180596 L_C=0.0258428 L_O=0.0611646 L_delta=0.000288807 val_mae=- best=95.945@1200 stale=12
2026-08-10 03:09:41,597 | INFO | method=hybrid fold=protocol_1 iter=1525/1800 total=0.0270657 query=0.00210631 L_GY=0.00224539 L_G=1.70241 L_S=0.272672 L_SC=0.00335116 L_R=0.0197774 L_C=0.0177771 L_O=0.0542976 L_delta=0.000171411 val_mae=115.337 best=95.945@1200 stale=13
2026-08-10 03:09:43,773 | INFO | method=hybrid fold=protocol_1 iter=1530/1800 total=0.0325894 query=0.00473265 L_GY=0.00594352 L_G=1.72149 L_S=0.270472 L_SC=0.00333097 L_R=0.0195446 L_C=0.0111596 L_O=0.0554589 L_delta=0.000232065 val_mae=- best=95.945@1200 stale=13
2026-08-10 03:09:47,960 | INFO | method=hybrid fold=protocol_1 iter=1540/1800 total=0.0261037 query=0.00335905 L_GY=0.00298724 L_G=1.40619 L_S=0.274063 L_SC=0.00308737 L_R=0.0332171 L_C=0.0141693 L_O=0.0662424 L_delta=0.00022267 val_mae=- best=95.945@1200 stale=13
2026-08-10 03:09:52,190 | INFO | method=hybrid fold=protocol_1 iter=1550/1800 total=0.0384946 query=0.00866355 L_GY=0.00841814 L_G=1.71156 L_S=0.271255 L_SC=0.00350004 L_R=0.018665 L_C=0.0238992 L_O=0.0693917 L_delta=0.000236198 val_mae=128.728 best=95.945@1200 stale=14
2026-08-10 03:09:56,455 | INFO | method=hybrid fold=protocol_1 iter=1560/1800 total=0.0283237 query=0.00328543 L_GY=0.00323218 L_G=1.63425 L_S=0.270714 L_SC=0.00376374 L_R=0.0204844 L_C=0.0237394 L_O=0.0561017 L_delta=0.000295746 val_mae=- best=95.945@1200 stale=14
2026-08-10 03:10:00,640 | INFO | method=hybrid fold=protocol_1 iter=1570/1800 total=0.0416989 query=0.0135488 L_GY=0.0120845 L_G=1.25511 L_S=0.269948 L_SC=0.00342604 L_R=0.019074 L_C=0.040484 L_O=0.0770386 L_delta=0.000259129 val_mae=- best=95.945@1200 stale=14
2026-08-10 03:10:02,783 | INFO | method=hybrid fold=protocol_1 iter=1575/1800 total=0.0298174 query=0.00399788 L_GY=0.00494605 L_G=1.56916 L_S=0.272215 L_SC=0.00293421 L_R=0.0253559 L_C=0.0150916 L_O=0.0713107 L_delta=0.000396488 val_mae=133.516 best=95.945@1200 stale=15
2026-08-10 03:10:04,956 | INFO | method=hybrid fold=protocol_1 iter=1580/1800 total=0.0284835 query=0.00425821 L_GY=0.004588 L_G=1.45439 L_S=0.269308 L_SC=0.00331158 L_R=0.01849 L_C=0.0206475 L_O=0.0592348 L_delta=0.00025504 val_mae=- best=95.945@1200 stale=15
2026-08-10 03:10:09,140 | INFO | method=hybrid fold=protocol_1 iter=1590/1800 total=0.0283863 query=0.00455591 L_GY=0.00404453 L_G=1.44951 L_S=0.271141 L_SC=0.00280246 L_R=0.0259821 L_C=0.0177456 L_O=0.0604383 L_delta=0.000196526 val_mae=- best=95.945@1200 stale=15
2026-08-10 03:10:13,433 | INFO | method=hybrid fold=protocol_1 iter=1600/1800 total=0.0255155 query=0.00232335 L_GY=0.0024496 L_G=1.51783 L_S=0.269876 L_SC=0.0031875 L_R=0.0221269 L_C=0.0138137 L_O=0.0535682 L_delta=0.000153983 val_mae=127.778 best=95.945@1200 stale=16
2026-08-10 03:10:13,433 | INFO | Early stopping method=hybrid fold=protocol_1 at 1600; best 95.945 cycles at 1200
2026-08-10 03:10:14,847 | INFO | Completed method=hybrid fold=protocol_1 seed=42
2026-08-10 03:10:15,573 | INFO | Completed HUST hybrid study: /home/JunseoPark/바탕화면/battery_gru/outputs/hust_hybrid_anil_boil/20260810_025857_758973_hust_hybrid_L100_fo_inner5_valdomain_sc0p02_rep4_seed42
