2026-08-11 12:51:14,447 | INFO | CALCE_CX2_37.pkl: raw=1072 processed=1072 missing before/after=0/0
2026-08-11 12:51:14,457 | INFO | Starting plain GRU baseline target=CALCE_CX2_37.pkl L=100 input=['soh'] device=cuda parameters=25793 trainable=25793 weighted_meta_learning=False config={'seed': 42, 'device': 'cuda', 'data': {'calce_dir': 'data/CALCE', 'label_path': 'data/Life labels/CALCE_labels.json', 'history_length': 100, 'max_forecast_cycle': None, 'eol_threshold': 0.8}, 'model': {'hidden_size': 64, 'num_layers': 1, 'dropout': 0.0}, 'training': {'max_epochs': 300, 'batch_size': 64, 'learning_rate': 0.001, 'weight_decay': 0.0, 'encoder_window': 50, 'forecast_horizon': 10, 'window_stride': 1, 'validation_cycles': 20, 'teacher_forcing_ratio': 0.5, 'gradient_clip_norm': 5.0, 'early_stopping_patience': 30, 'early_stopping_min_delta': 1e-07}, 'logging': {'log_interval': 1, 'checkpoint_interval': 1}}
2026-08-11 12:51:14,467 | INFO | epoch=1/300 train_mse=0.9373361 validation_mse=0.864933 best=0.864933@1 stale=0 grad=2.6078 elapsed=0.0s
2026-08-11 12:51:14,474 | INFO | epoch=2/300 train_mse=0.8932686 validation_mse=0.8272585 best=0.8272585@2 stale=0 grad=2.5396 elapsed=0.0s
2026-08-11 12:51:14,482 | INFO | epoch=3/300 train_mse=0.8508863 validation_mse=0.7903415 best=0.7903415@3 stale=0 grad=2.5082 elapsed=0.0s
2026-08-11 12:51:14,489 | INFO | epoch=4/300 train_mse=0.8103972 validation_mse=0.7537939 best=0.7537939@4 stale=0 grad=2.4557 elapsed=0.0s
2026-08-11 12:51:14,496 | INFO | epoch=5/300 train_mse=0.7700197 validation_mse=0.7173511 best=0.7173511@5 stale=0 grad=2.4072 elapsed=0.0s
2026-08-11 12:51:14,504 | INFO | epoch=6/300 train_mse=0.7305377 validation_mse=0.6807882 best=0.6807882@6 stale=0 grad=2.3599 elapsed=0.0s
2026-08-11 12:51:14,511 | INFO | epoch=7/300 train_mse=0.6898574 validation_mse=0.6439208 best=0.6439208@7 stale=0 grad=2.3265 elapsed=0.1s
2026-08-11 12:51:14,518 | INFO | epoch=8/300 train_mse=0.6495897 validation_mse=0.6065543 best=0.6065543@8 stale=0 grad=2.2981 elapsed=0.1s
2026-08-11 12:51:14,525 | INFO | epoch=9/300 train_mse=0.6095701 validation_mse=0.5684849 best=0.5684849@9 stale=0 grad=2.2605 elapsed=0.1s
2026-08-11 12:51:14,532 | INFO | epoch=10/300 train_mse=0.5700387 validation_mse=0.5295215 best=0.5295215@10 stale=0 grad=2.2236 elapsed=0.1s
2026-08-11 12:51:14,539 | INFO | epoch=11/300 train_mse=0.5255522 validation_mse=0.4894985 best=0.4894985@11 stale=0 grad=2.189 elapsed=0.1s
2026-08-11 12:51:14,546 | INFO | epoch=12/300 train_mse=0.4842762 validation_mse=0.4482462 best=0.4482462@12 stale=0 grad=2.1532 elapsed=0.1s
2026-08-11 12:51:14,553 | INFO | epoch=13/300 train_mse=0.4407536 validation_mse=0.4056113 best=0.4056113@13 stale=0 grad=2.1115 elapsed=0.1s
2026-08-11 12:51:14,560 | INFO | epoch=14/300 train_mse=0.3971247 validation_mse=0.3614584 best=0.3614584@14 stale=0 grad=2.065 elapsed=0.1s
2026-08-11 12:51:14,567 | INFO | epoch=15/300 train_mse=0.3541858 validation_mse=0.3157005 best=0.3157005@15 stale=0 grad=2.0146 elapsed=0.1s
2026-08-11 12:51:14,574 | INFO | epoch=16/300 train_mse=0.306203 validation_mse=0.2683626 best=0.2683626@16 stale=0 grad=1.9481 elapsed=0.1s
2026-08-11 12:51:14,581 | INFO | epoch=17/300 train_mse=0.2574279 validation_mse=0.2196594 best=0.2196594@17 stale=0 grad=1.8632 elapsed=0.1s
2026-08-11 12:51:14,588 | INFO | epoch=18/300 train_mse=0.2097485 validation_mse=0.1701182 best=0.1701182@18 stale=0 grad=1.7635 elapsed=0.1s
2026-08-11 12:51:14,595 | INFO | epoch=19/300 train_mse=0.1631667 validation_mse=0.1208489 best=0.1208489@19 stale=0 grad=1.64 elapsed=0.1s
2026-08-11 12:51:14,602 | INFO | epoch=20/300 train_mse=0.1175752 validation_mse=0.07399451 best=0.07399451@20 stale=0 grad=1.4794 elapsed=0.1s
2026-08-11 12:51:14,609 | INFO | epoch=21/300 train_mse=0.07256449 validation_mse=0.0335348 best=0.0335348@21 stale=0 grad=1.2359 elapsed=0.1s
2026-08-11 12:51:14,616 | INFO | epoch=22/300 train_mse=0.03469253 validation_mse=0.006328103 best=0.006328103@22 stale=0 grad=0.91152 elapsed=0.2s
2026-08-11 12:51:14,623 | INFO | epoch=23/300 train_mse=0.008462325 validation_mse=0.002762479 best=0.002762479@23 stale=0 grad=0.46654 elapsed=0.2s
2026-08-11 12:51:14,630 | INFO | epoch=24/300 train_mse=0.001270295 validation_mse=0.03181978 best=0.002762479@23 stale=1 grad=0.15109 elapsed=0.2s
2026-08-11 12:51:14,636 | INFO | epoch=25/300 train_mse=0.01963361 validation_mse=0.07847319 best=0.002762479@23 stale=2 grad=0.90819 elapsed=0.2s
2026-08-11 12:51:14,642 | INFO | epoch=26/300 train_mse=0.05157808 validation_mse=0.1059963 best=0.002762479@23 stale=3 grad=1.5692 elapsed=0.2s
2026-08-11 12:51:14,648 | INFO | epoch=27/300 train_mse=0.07194024 validation_mse=0.1014086 best=0.002762479@23 stale=4 grad=1.9268 elapsed=0.2s
2026-08-11 12:51:14,654 | INFO | epoch=28/300 train_mse=0.06613986 validation_mse=0.07707365 best=0.002762479@23 stale=5 grad=1.8032 elapsed=0.2s
2026-08-11 12:51:14,660 | INFO | epoch=29/300 train_mse=0.04890241 validation_mse=0.04818815 best=0.002762479@23 stale=6 grad=1.5043 elapsed=0.2s
2026-08-11 12:51:14,666 | INFO | epoch=30/300 train_mse=0.02909432 validation_mse=0.02451603 best=0.002762479@23 stale=7 grad=1.1061 elapsed=0.2s
2026-08-11 12:51:14,673 | INFO | epoch=31/300 train_mse=0.0136495 validation_mse=0.009425458 best=0.002762479@23 stale=8 grad=0.70937 elapsed=0.2s
2026-08-11 12:51:14,680 | INFO | epoch=32/300 train_mse=0.004704827 validation_mse=0.002236477 best=0.002236477@32 stale=0 grad=0.37377 elapsed=0.2s
2026-08-11 12:51:14,687 | INFO | epoch=33/300 train_mse=0.001201441 validation_mse=0.0007327583 best=0.0007327583@33 stale=0 grad=0.093544 elapsed=0.2s
2026-08-11 12:51:14,693 | INFO | epoch=34/300 train_mse=0.001696666 validation_mse=0.002561966 best=0.0007327583@33 stale=1 grad=0.13968 elapsed=0.2s
2026-08-11 12:51:14,699 | INFO | epoch=35/300 train_mse=0.004361595 validation_mse=0.005847511 best=0.0007327583@33 stale=2 grad=0.30494 elapsed=0.2s
2026-08-11 12:51:14,705 | INFO | epoch=36/300 train_mse=0.007741371 validation_mse=0.009297512 best=0.0007327583@33 stale=3 grad=0.42212 elapsed=0.2s
2026-08-11 12:51:14,711 | INFO | epoch=37/300 train_mse=0.01106829 validation_mse=0.01211475 best=0.0007327583@33 stale=4 grad=0.50891 elapsed=0.3s
2026-08-11 12:51:14,717 | INFO | epoch=38/300 train_mse=0.01369645 validation_mse=0.01388479 best=0.0007327583@33 stale=5 grad=0.56463 elapsed=0.3s
2026-08-11 12:51:14,724 | INFO | epoch=39/300 train_mse=0.01531719 validation_mse=0.01445974 best=0.0007327583@33 stale=6 grad=0.59738 elapsed=0.3s
2026-08-11 12:51:14,730 | INFO | epoch=40/300 train_mse=0.01586859 validation_mse=0.01388874 best=0.0007327583@33 stale=7 grad=0.60782 elapsed=0.3s
2026-08-11 12:51:14,736 | INFO | epoch=41/300 train_mse=0.01508785 validation_mse=0.01237496 best=0.0007327583@33 stale=8 grad=0.5872 elapsed=0.3s
2026-08-11 12:51:14,742 | INFO | epoch=42/300 train_mse=0.01367535 validation_mse=0.01019107 best=0.0007327583@33 stale=9 grad=0.55931 elapsed=0.3s
2026-08-11 12:51:14,748 | INFO | epoch=43/300 train_mse=0.01159909 validation_mse=0.007656475 best=0.0007327583@33 stale=10 grad=0.51793 elapsed=0.3s
2026-08-11 12:51:14,755 | INFO | epoch=44/300 train_mse=0.00931146 validation_mse=0.005118703 best=0.0007327583@33 stale=11 grad=0.46447 elapsed=0.3s
2026-08-11 12:51:14,761 | INFO | epoch=45/300 train_mse=0.006749823 validation_mse=0.002920929 best=0.0007327583@33 stale=12 grad=0.38998 elapsed=0.3s
2026-08-11 12:51:14,767 | INFO | epoch=46/300 train_mse=0.004510728 validation_mse=0.001343697 best=0.0007327583@33 stale=13 grad=0.31226 elapsed=0.3s
2026-08-11 12:51:14,774 | INFO | epoch=47/300 train_mse=0.002621647 validation_mse=0.0005763206 best=0.0005763206@47 stale=0 grad=0.2192 elapsed=0.3s
2026-08-11 12:51:14,781 | INFO | epoch=48/300 train_mse=0.001375387 validation_mse=0.000666864 best=0.0005763206@47 stale=1 grad=0.12576 elapsed=0.3s
2026-08-11 12:51:14,787 | INFO | epoch=49/300 train_mse=0.0008180491 validation_mse=0.001507561 best=0.0005763206@47 stale=2 grad=0.043607 elapsed=0.3s
2026-08-11 12:51:14,793 | INFO | epoch=50/300 train_mse=0.0008600206 validation_mse=0.002841292 best=0.0005763206@47 stale=3 grad=0.074814 elapsed=0.3s
2026-08-11 12:51:14,799 | INFO | epoch=51/300 train_mse=0.001378204 validation_mse=0.00431271 best=0.0005763206@47 stale=4 grad=0.153 elapsed=0.3s
2026-08-11 12:51:14,805 | INFO | epoch=52/300 train_mse=0.002112014 validation_mse=0.005548304 best=0.0005763206@47 stale=5 grad=0.22406 elapsed=0.3s
2026-08-11 12:51:14,812 | INFO | epoch=53/300 train_mse=0.002779633 validation_mse=0.006264284 best=0.0005763206@47 stale=6 grad=0.27011 elapsed=0.4s
2026-08-11 12:51:14,818 | INFO | epoch=54/300 train_mse=0.003240417 validation_mse=0.006320962 best=0.0005763206@47 stale=7 grad=0.30016 elapsed=0.4s
2026-08-11 12:51:14,824 | INFO | epoch=55/300 train_mse=0.0034004 validation_mse=0.005742057 best=0.0005763206@47 stale=8 grad=0.31094 elapsed=0.4s
2026-08-11 12:51:14,830 | INFO | epoch=56/300 train_mse=0.003170241 validation_mse=0.004696497 best=0.0005763206@47 stale=9 grad=0.3023 elapsed=0.4s
2026-08-11 12:51:14,837 | INFO | epoch=57/300 train_mse=0.002696797 validation_mse=0.003426701 best=0.0005763206@47 stale=10 grad=0.27878 elapsed=0.4s
2026-08-11 12:51:14,843 | INFO | epoch=58/300 train_mse=0.001982165 validation_mse=0.002189132 best=0.0005763206@47 stale=11 grad=0.23596 elapsed=0.4s
2026-08-11 12:51:14,849 | INFO | epoch=59/300 train_mse=0.001276103 validation_mse=0.00118139 best=0.0005763206@47 stale=12 grad=0.18262 elapsed=0.4s
2026-08-11 12:51:14,856 | INFO | epoch=60/300 train_mse=0.0007058086 validation_mse=0.0005087782 best=0.0005087782@60 stale=0 grad=0.12702 elapsed=0.4s
2026-08-11 12:51:14,864 | INFO | epoch=61/300 train_mse=0.0003320276 validation_mse=0.000187571 best=0.000187571@61 stale=0 grad=0.071931 elapsed=0.4s
2026-08-11 12:51:14,871 | INFO | epoch=62/300 train_mse=0.0001713541 validation_mse=0.0001658039 best=0.0001658039@62 stale=0 grad=0.017012 elapsed=0.4s
2026-08-11 12:51:14,877 | INFO | epoch=63/300 train_mse=0.0001969951 validation_mse=0.0003495869 best=0.0001658039@62 stale=1 grad=0.030427 elapsed=0.4s
2026-08-11 12:51:14,884 | INFO | epoch=64/300 train_mse=0.0003500579 validation_mse=0.0006323344 best=0.0001658039@62 stale=2 grad=0.071434 elapsed=0.4s
2026-08-11 12:51:14,890 | INFO | epoch=65/300 train_mse=0.0005728934 validation_mse=0.0009157039 best=0.0001658039@62 stale=3 grad=0.10567 elapsed=0.4s
2026-08-11 12:51:14,896 | INFO | epoch=66/300 train_mse=0.0007785704 validation_mse=0.001126585 best=0.0001658039@62 stale=4 grad=0.12909 elapsed=0.4s
2026-08-11 12:51:14,903 | INFO | epoch=67/300 train_mse=0.0009183798 validation_mse=0.001224365 best=0.0001658039@62 stale=5 grad=0.14157 elapsed=0.4s
2026-08-11 12:51:14,909 | INFO | epoch=68/300 train_mse=0.0009729486 validation_mse=0.001200402 best=0.0001658039@62 stale=6 grad=0.14547 elapsed=0.4s
2026-08-11 12:51:14,915 | INFO | epoch=69/300 train_mse=0.000983266 validation_mse=0.001066644 best=0.0001658039@62 stale=7 grad=0.14811 elapsed=0.5s
2026-08-11 12:51:14,922 | INFO | epoch=70/300 train_mse=0.0008603287 validation_mse=0.0008610677 best=0.0001658039@62 stale=8 grad=0.13567 elapsed=0.5s
2026-08-11 12:51:14,928 | INFO | epoch=71/300 train_mse=0.0007064526 validation_mse=0.0006283222 best=0.0001658039@62 stale=9 grad=0.12004 elapsed=0.5s
2026-08-11 12:51:14,935 | INFO | epoch=72/300 train_mse=0.0005479442 validation_mse=0.0004122109 best=0.0001658039@62 stale=10 grad=0.10149 elapsed=0.5s
2026-08-11 12:51:14,941 | INFO | epoch=73/300 train_mse=0.0003893246 validation_mse=0.000249587 best=0.0001658039@62 stale=11 grad=0.077819 elapsed=0.5s
2026-08-11 12:51:14,948 | INFO | epoch=74/300 train_mse=0.0002553911 validation_mse=0.0001634764 best=0.0001634764@74 stale=0 grad=0.049036 elapsed=0.5s
2026-08-11 12:51:14,956 | INFO | epoch=75/300 train_mse=0.0001826944 validation_mse=0.0001574184 best=0.0001574184@75 stale=0 grad=0.022261 elapsed=0.5s
2026-08-11 12:51:14,962 | INFO | epoch=76/300 train_mse=0.0001605561 validation_mse=0.0002178144 best=0.0001574184@75 stale=1 grad=0.010399 elapsed=0.5s
2026-08-11 12:51:14,968 | INFO | epoch=77/300 train_mse=0.0001801779 validation_mse=0.0003189088 best=0.0001574184@75 stale=2 grad=0.030546 elapsed=0.5s
2026-08-11 12:51:14,974 | INFO | epoch=78/300 train_mse=0.0002273713 validation_mse=0.0004293143 best=0.0001574184@75 stale=3 grad=0.050866 elapsed=0.5s
2026-08-11 12:51:14,981 | INFO | epoch=79/300 train_mse=0.0002804251 validation_mse=0.000520063 best=0.0001574184@75 stale=4 grad=0.06605 elapsed=0.5s
2026-08-11 12:51:14,987 | INFO | epoch=80/300 train_mse=0.0003148331 validation_mse=0.000570796 best=0.0001574184@75 stale=5 grad=0.07552 elapsed=0.5s
2026-08-11 12:51:14,993 | INFO | epoch=81/300 train_mse=0.0003341244 validation_mse=0.0005724179 best=0.0001574184@75 stale=6 grad=0.080696 elapsed=0.5s
2026-08-11 12:51:14,999 | INFO | epoch=82/300 train_mse=0.0003202855 validation_mse=0.0005292277 best=0.0001574184@75 stale=7 grad=0.07784 elapsed=0.5s
2026-08-11 12:51:15,006 | INFO | epoch=83/300 train_mse=0.0002851464 validation_mse=0.0004526878 best=0.0001574184@75 stale=8 grad=0.073188 elapsed=0.5s
2026-08-11 12:51:15,012 | INFO | epoch=84/300 train_mse=0.0002299321 validation_mse=0.0003603373 best=0.0001574184@75 stale=9 grad=0.061649 elapsed=0.6s
2026-08-11 12:51:15,019 | INFO | epoch=85/300 train_mse=0.0001783389 validation_mse=0.000268524 best=0.0001574184@75 stale=10 grad=0.048194 elapsed=0.6s
2026-08-11 12:51:15,025 | INFO | epoch=86/300 train_mse=0.0001307365 validation_mse=0.000189732 best=0.0001574184@75 stale=11 grad=0.03254 elapsed=0.6s
2026-08-11 12:51:15,033 | INFO | epoch=87/300 train_mse=0.0001048862 validation_mse=0.0001303164 best=0.0001303164@87 stale=0 grad=0.017598 elapsed=0.6s
2026-08-11 12:51:15,040 | INFO | epoch=88/300 train_mse=9.226308e-05 validation_mse=9.14661e-05 best=9.14661e-05@88 stale=0 grad=0.0026973 elapsed=0.6s
2026-08-11 12:51:15,047 | INFO | epoch=89/300 train_mse=9.415188e-05 validation_mse=6.974667e-05 best=6.974667e-05@89 stale=0 grad=0.012788 elapsed=0.6s
2026-08-11 12:51:15,054 | INFO | epoch=90/300 train_mse=0.0001072796 validation_mse=5.966636e-05 best=5.966636e-05@90 stale=0 grad=0.02354 elapsed=0.6s
2026-08-11 12:51:15,062 | INFO | epoch=91/300 train_mse=0.0001235003 validation_mse=5.584755e-05 best=5.584755e-05@91 stale=0 grad=0.032956 elapsed=0.6s
2026-08-11 12:51:15,069 | INFO | epoch=92/300 train_mse=0.0001396148 validation_mse=5.432593e-05 best=5.432593e-05@92 stale=0 grad=0.03991 elapsed=0.6s
2026-08-11 12:51:15,076 | INFO | epoch=93/300 train_mse=0.0001457082 validation_mse=5.340914e-05 best=5.340914e-05@93 stale=0 grad=0.042373 elapsed=0.6s
2026-08-11 12:51:15,082 | INFO | epoch=94/300 train_mse=0.0001455829 validation_mse=5.368426e-05 best=5.340914e-05@93 stale=1 grad=0.042649 elapsed=0.6s
2026-08-11 12:51:15,089 | INFO | epoch=95/300 train_mse=0.0001349995 validation_mse=5.72576e-05 best=5.340914e-05@93 stale=2 grad=0.039323 elapsed=0.6s
2026-08-11 12:51:15,095 | INFO | epoch=96/300 train_mse=0.0001194746 validation_mse=6.657491e-05 best=5.340914e-05@93 stale=3 grad=0.033306 elapsed=0.6s
2026-08-11 12:51:15,101 | INFO | epoch=97/300 train_mse=0.0001038775 validation_mse=8.3484e-05 best=5.340914e-05@93 stale=4 grad=0.027116 elapsed=0.6s
2026-08-11 12:51:15,107 | INFO | epoch=98/300 train_mse=9.021672e-05 validation_mse=0.0001084834 best=5.340914e-05@93 stale=5 grad=0.019924 elapsed=0.6s
2026-08-11 12:51:15,114 | INFO | epoch=99/300 train_mse=7.936193e-05 validation_mse=0.0001401165 best=5.340914e-05@93 stale=6 grad=0.011515 elapsed=0.7s
2026-08-11 12:51:15,120 | INFO | epoch=100/300 train_mse=7.439851e-05 validation_mse=0.0001753307 best=5.340914e-05@93 stale=7 grad=0.0043882 elapsed=0.7s
2026-08-11 12:51:15,127 | INFO | epoch=101/300 train_mse=7.298261e-05 validation_mse=0.0002099881 best=5.340914e-05@93 stale=8 grad=0.0059904 elapsed=0.7s
2026-08-11 12:51:15,133 | INFO | epoch=102/300 train_mse=7.274129e-05 validation_mse=0.0002401551 best=5.340914e-05@93 stale=9 grad=0.01103 elapsed=0.7s
2026-08-11 12:51:15,139 | INFO | epoch=103/300 train_mse=7.830997e-05 validation_mse=0.0002617095 best=5.340914e-05@93 stale=10 grad=0.017018 elapsed=0.7s
2026-08-11 12:51:15,146 | INFO | epoch=104/300 train_mse=8.265215e-05 validation_mse=0.0002716786 best=5.340914e-05@93 stale=11 grad=0.021802 elapsed=0.7s
2026-08-11 12:51:15,152 | INFO | epoch=105/300 train_mse=8.248469e-05 validation_mse=0.0002698373 best=5.340914e-05@93 stale=12 grad=0.022881 elapsed=0.7s
2026-08-11 12:51:15,159 | INFO | epoch=106/300 train_mse=8.06497e-05 validation_mse=0.000257336 best=5.340914e-05@93 stale=13 grad=0.023012 elapsed=0.7s
2026-08-11 12:51:15,165 | INFO | epoch=107/300 train_mse=7.593388e-05 validation_mse=0.0002368623 best=5.340914e-05@93 stale=14 grad=0.020955 elapsed=0.7s
2026-08-11 12:51:15,172 | INFO | epoch=108/300 train_mse=7.071828e-05 validation_mse=0.000211701 best=5.340914e-05@93 stale=15 grad=0.017785 elapsed=0.7s
2026-08-11 12:51:15,178 | INFO | epoch=109/300 train_mse=6.423263e-05 validation_mse=0.0001851313 best=5.340914e-05@93 stale=16 grad=0.013513 elapsed=0.7s
2026-08-11 12:51:15,185 | INFO | epoch=110/300 train_mse=6.038971e-05 validation_mse=0.0001595738 best=5.340914e-05@93 stale=17 grad=0.0096766 elapsed=0.7s
2026-08-11 12:51:15,192 | INFO | epoch=111/300 train_mse=5.634338e-05 validation_mse=0.0001370237 best=5.340914e-05@93 stale=18 grad=0.0048778 elapsed=0.7s
2026-08-11 12:51:15,199 | INFO | epoch=112/300 train_mse=5.505887e-05 validation_mse=0.0001183346 best=5.340914e-05@93 stale=19 grad=0.0016518 elapsed=0.7s
2026-08-11 12:51:15,206 | INFO | epoch=113/300 train_mse=5.399253e-05 validation_mse=0.0001041168 best=5.340914e-05@93 stale=20 grad=0.0042036 elapsed=0.7s
2026-08-11 12:51:15,213 | INFO | epoch=114/300 train_mse=5.405237e-05 validation_mse=9.42927e-05 best=5.340914e-05@93 stale=21 grad=0.0077213 elapsed=0.8s
2026-08-11 12:51:15,221 | INFO | epoch=115/300 train_mse=5.544013e-05 validation_mse=8.853866e-05 best=5.340914e-05@93 stale=22 grad=0.010398 elapsed=0.8s
2026-08-11 12:51:15,228 | INFO | epoch=116/300 train_mse=5.659441e-05 validation_mse=8.643236e-05 best=5.340914e-05@93 stale=23 grad=0.011873 elapsed=0.8s
2026-08-11 12:51:15,235 | INFO | epoch=117/300 train_mse=5.477325e-05 validation_mse=8.749452e-05 best=5.340914e-05@93 stale=24 grad=0.011819 elapsed=0.8s
2026-08-11 12:51:15,241 | INFO | epoch=118/300 train_mse=5.504792e-05 validation_mse=9.186414e-05 best=5.340914e-05@93 stale=25 grad=0.012937 elapsed=0.8s
2026-08-11 12:51:15,248 | INFO | epoch=119/300 train_mse=5.289495e-05 validation_mse=9.90414e-05 best=5.340914e-05@93 stale=26 grad=0.010746 elapsed=0.8s
2026-08-11 12:51:15,255 | INFO | epoch=120/300 train_mse=5.159059e-05 validation_mse=0.0001087083 best=5.340914e-05@93 stale=27 grad=0.008965 elapsed=0.8s
2026-08-11 12:51:15,261 | INFO | epoch=121/300 train_mse=4.869966e-05 validation_mse=0.0001203975 best=5.340914e-05@93 stale=28 grad=0.0068451 elapsed=0.8s
2026-08-11 12:51:15,268 | INFO | epoch=122/300 train_mse=4.736137e-05 validation_mse=0.0001335695 best=5.340914e-05@93 stale=29 grad=0.0048392 elapsed=0.8s
2026-08-11 12:51:15,274 | INFO | epoch=123/300 train_mse=4.561031e-05 validation_mse=0.000147057 best=5.340914e-05@93 stale=30 grad=0.0018307 elapsed=0.8s
2026-08-11 12:51:15,274 | INFO | Early stopping at epoch 123; best validation MSE 5.340914e-05 at epoch 93
2026-08-11 12:51:15,427 | INFO | Completed plain GRU baseline: /home/JunseoPark/바탕화면/battery_gru/outputs/runs/20260811_125114_327247_gru_baseline_CALCE_CX2_37_L100_seed42
