2026-08-13 13:01:21,181 | INFO | CALCE_CX2_37.pkl: raw=1072 processed=1072 missing before/after=0/0
2026-08-13 13:01:21,193 | INFO | Starting recursive-prefix GRU baseline target=CALCE_CX2_37.pkl L=100 input=['soh'] teacher_forcing=0 device=cuda parameters=25793 config={'seed': 42, 'device': 'auto', 'data': {'calce_dir': 'data/CALCE', 'label_path': 'data/Life labels/CALCE_labels.json', 'history_length': 100, 'max_forecast_cycle': None, 'eol_threshold': 0.8}, 'model': {'hidden_size': 64, 'num_layers': 1, 'dropout': 0.0}, 'training': {'max_epochs': 10000, 'max_steps': 10000, 'batch_size': 64, 'learning_rate': 0.001, 'weight_decay': 0.0, 'validation_cycles': 20, 'teacher_forcing_ratio': 0.0, 'gradient_clip_norm': 5.0, 'early_stopping': False, 'early_stopping_patience': 30, 'early_stopping_min_delta': 1e-07}, 'logging': {'log_interval': 50, 'checkpoint_interval': 50}}
2026-08-13 13:01:21,549 | INFO | epoch=1/10000 optimizer_step=2/10000 recursive_train_mse=0.9372985 recursive_validation_mse=0.8258501 best=0.8258501@1 stale=0 grad=2.6446 elapsed=0.3s
2026-08-13 13:01:23,510 | INFO | epoch=50/10000 optimizer_step=100/10000 recursive_train_mse=0.0008872924 recursive_validation_mse=0.0008792248 best=0.0001593716@34 stale=16 grad=0.025559 elapsed=2.2s
2026-08-13 13:01:25,508 | INFO | epoch=100/10000 optimizer_step=200/10000 recursive_train_mse=0.0006378978 recursive_validation_mse=0.0005526115 best=0.0001593716@34 stale=66 grad=0.0087936 elapsed=4.2s
2026-08-13 13:01:27,491 | INFO | epoch=150/10000 optimizer_step=300/10000 recursive_train_mse=0.0005063848 recursive_validation_mse=0.0005551834 best=0.0001593716@34 stale=116 grad=0.017662 elapsed=6.2s
2026-08-13 13:01:29,476 | INFO | epoch=200/10000 optimizer_step=400/10000 recursive_train_mse=0.0004119435 recursive_validation_mse=0.0004448804 best=0.0001593716@34 stale=166 grad=0.024424 elapsed=8.2s
2026-08-13 13:01:31,464 | INFO | epoch=250/10000 optimizer_step=500/10000 recursive_train_mse=0.000339794 recursive_validation_mse=0.0004230191 best=0.0001593716@34 stale=216 grad=0.02713 elapsed=10.2s
2026-08-13 13:01:33,460 | INFO | epoch=300/10000 optimizer_step=600/10000 recursive_train_mse=0.0002667839 recursive_validation_mse=0.0003728892 best=0.0001593716@34 stale=266 grad=0.012334 elapsed=12.2s
2026-08-13 13:01:35,460 | INFO | epoch=350/10000 optimizer_step=700/10000 recursive_train_mse=0.0001401525 recursive_validation_mse=5.753605e-05 best=5.466531e-05@349 stale=1 grad=0.0036438 elapsed=14.2s
2026-08-13 13:01:37,477 | INFO | epoch=400/10000 optimizer_step=800/10000 recursive_train_mse=9.650201e-05 recursive_validation_mse=2.085937e-05 best=1.778122e-05@398 stale=2 grad=0.0066662 elapsed=16.2s
2026-08-13 13:01:39,484 | INFO | epoch=450/10000 optimizer_step=900/10000 recursive_train_mse=7.324189e-05 recursive_validation_mse=1.536534e-05 best=1.502771e-05@444 stale=6 grad=0.0092264 elapsed=18.2s
2026-08-13 13:01:41,484 | INFO | epoch=500/10000 optimizer_step=1000/10000 recursive_train_mse=5.837677e-05 recursive_validation_mse=1.472148e-05 best=1.371326e-05@461 stale=39 grad=0.0028314 elapsed=20.2s
2026-08-13 13:01:43,479 | INFO | epoch=550/10000 optimizer_step=1100/10000 recursive_train_mse=4.716371e-05 recursive_validation_mse=1.530437e-05 best=1.371326e-05@461 stale=89 grad=0.0028612 elapsed=22.2s
2026-08-13 13:01:45,473 | INFO | epoch=600/10000 optimizer_step=1200/10000 recursive_train_mse=3.821439e-05 recursive_validation_mse=1.813737e-05 best=1.371326e-05@461 stale=139 grad=0.0039877 elapsed=24.2s
2026-08-13 13:01:47,479 | INFO | epoch=650/10000 optimizer_step=1300/10000 recursive_train_mse=3.115702e-05 recursive_validation_mse=2.100089e-05 best=1.371326e-05@461 stale=189 grad=0.0023183 elapsed=26.2s
2026-08-13 13:01:49,484 | INFO | epoch=700/10000 optimizer_step=1400/10000 recursive_train_mse=2.495593e-05 recursive_validation_mse=2.194713e-05 best=1.371326e-05@461 stale=239 grad=0.00081267 elapsed=28.2s
2026-08-13 13:01:51,486 | INFO | epoch=750/10000 optimizer_step=1500/10000 recursive_train_mse=2.086313e-05 recursive_validation_mse=2.569764e-05 best=1.371326e-05@461 stale=289 grad=0.0021235 elapsed=30.2s
2026-08-13 13:01:53,488 | INFO | epoch=800/10000 optimizer_step=1600/10000 recursive_train_mse=1.784423e-05 recursive_validation_mse=2.611064e-05 best=1.371326e-05@461 stale=339 grad=0.0016152 elapsed=32.2s
2026-08-13 13:01:55,484 | INFO | epoch=850/10000 optimizer_step=1700/10000 recursive_train_mse=1.535496e-05 recursive_validation_mse=2.37342e-05 best=1.371326e-05@461 stale=389 grad=0.0028555 elapsed=34.2s
2026-08-13 13:01:57,484 | INFO | epoch=900/10000 optimizer_step=1800/10000 recursive_train_mse=1.368034e-05 recursive_validation_mse=2.378057e-05 best=1.371326e-05@461 stale=439 grad=0.00043455 elapsed=36.2s
2026-08-13 13:01:59,467 | INFO | epoch=950/10000 optimizer_step=1900/10000 recursive_train_mse=1.257668e-05 recursive_validation_mse=2.178591e-05 best=1.371326e-05@461 stale=489 grad=0.0012915 elapsed=38.2s
2026-08-13 13:02:01,466 | INFO | epoch=1000/10000 optimizer_step=2000/10000 recursive_train_mse=1.136561e-05 recursive_validation_mse=2.004947e-05 best=1.371326e-05@461 stale=539 grad=0.002221 elapsed=40.2s
2026-08-13 13:02:03,457 | INFO | epoch=1050/10000 optimizer_step=2100/10000 recursive_train_mse=1.043875e-05 recursive_validation_mse=1.976319e-05 best=1.371326e-05@461 stale=589 grad=0.00024903 elapsed=42.2s
2026-08-13 13:02:05,456 | INFO | epoch=1100/10000 optimizer_step=2200/10000 recursive_train_mse=9.770836e-06 recursive_validation_mse=1.868905e-05 best=1.371326e-05@461 stale=639 grad=0.0014409 elapsed=44.2s
2026-08-13 13:02:07,452 | INFO | epoch=1150/10000 optimizer_step=2300/10000 recursive_train_mse=9.400146e-06 recursive_validation_mse=1.694788e-05 best=1.371326e-05@461 stale=689 grad=0.0028917 elapsed=46.2s
2026-08-13 13:02:09,452 | INFO | epoch=1200/10000 optimizer_step=2400/10000 recursive_train_mse=8.792839e-06 recursive_validation_mse=1.676851e-05 best=1.371326e-05@461 stale=739 grad=0.00085287 elapsed=48.2s
2026-08-13 13:02:11,463 | INFO | epoch=1250/10000 optimizer_step=2500/10000 recursive_train_mse=8.430146e-06 recursive_validation_mse=1.554526e-05 best=1.371326e-05@461 stale=789 grad=0.00050692 elapsed=50.2s
2026-08-13 13:02:13,464 | INFO | epoch=1300/10000 optimizer_step=2600/10000 recursive_train_mse=8.170963e-06 recursive_validation_mse=1.471381e-05 best=1.371326e-05@461 stale=839 grad=0.00055732 elapsed=52.2s
2026-08-13 13:02:15,458 | INFO | epoch=1350/10000 optimizer_step=2700/10000 recursive_train_mse=7.86054e-06 recursive_validation_mse=1.447398e-05 best=1.371326e-05@461 stale=889 grad=0.00016496 elapsed=54.2s
2026-08-13 13:02:17,452 | INFO | epoch=1400/10000 optimizer_step=2800/10000 recursive_train_mse=7.618038e-06 recursive_validation_mse=1.386314e-05 best=1.30917e-05@1385 stale=15 grad=0.00053919 elapsed=56.2s
2026-08-13 13:02:19,466 | INFO | epoch=1450/10000 optimizer_step=2900/10000 recursive_train_mse=7.411872e-06 recursive_validation_mse=1.336225e-05 best=1.283609e-05@1440 stale=10 grad=0.00067327 elapsed=58.2s
2026-08-13 13:02:21,469 | INFO | epoch=1500/10000 optimizer_step=3000/10000 recursive_train_mse=7.272565e-06 recursive_validation_mse=1.249006e-05 best=1.238644e-05@1476 stale=24 grad=0.001733 elapsed=60.2s
2026-08-13 13:02:23,474 | INFO | epoch=1550/10000 optimizer_step=3100/10000 recursive_train_mse=7.066954e-06 recursive_validation_mse=1.228299e-05 best=1.162761e-05@1536 stale=14 grad=0.0017017 elapsed=62.2s
2026-08-13 13:02:25,492 | INFO | epoch=1600/10000 optimizer_step=3200/10000 recursive_train_mse=6.824048e-06 recursive_validation_mse=1.360666e-05 best=1.162761e-05@1536 stale=64 grad=0.0018225 elapsed=64.2s
2026-08-13 13:02:27,495 | INFO | epoch=1650/10000 optimizer_step=3300/10000 recursive_train_mse=7.062945e-06 recursive_validation_mse=1.236177e-05 best=1.120125e-05@1648 stale=2 grad=0.0039192 elapsed=66.2s
2026-08-13 13:02:29,519 | INFO | epoch=1700/10000 optimizer_step=3400/10000 recursive_train_mse=6.484735e-06 recursive_validation_mse=1.477492e-05 best=1.120125e-05@1648 stale=52 grad=0.0010549 elapsed=68.2s
2026-08-13 13:02:31,532 | INFO | epoch=1750/10000 optimizer_step=3500/10000 recursive_train_mse=6.284812e-06 recursive_validation_mse=1.352365e-05 best=1.120125e-05@1648 stale=102 grad=0.0002705 elapsed=70.3s
2026-08-13 13:02:33,552 | INFO | epoch=1800/10000 optimizer_step=3600/10000 recursive_train_mse=6.116422e-06 recursive_validation_mse=1.389451e-05 best=1.120125e-05@1648 stale=152 grad=0.00067909 elapsed=72.3s
2026-08-13 13:02:35,558 | INFO | epoch=1850/10000 optimizer_step=3700/10000 recursive_train_mse=5.990015e-06 recursive_validation_mse=1.51695e-05 best=1.120125e-05@1648 stale=202 grad=0.0020193 elapsed=74.3s
2026-08-13 13:02:37,565 | INFO | epoch=1900/10000 optimizer_step=3800/10000 recursive_train_mse=5.860253e-06 recursive_validation_mse=1.486441e-05 best=1.120125e-05@1648 stale=252 grad=0.0021854 elapsed=76.3s
2026-08-13 13:02:39,560 | INFO | epoch=1950/10000 optimizer_step=3900/10000 recursive_train_mse=5.622307e-06 recursive_validation_mse=1.381422e-05 best=1.120125e-05@1648 stale=302 grad=0.0011326 elapsed=78.3s
2026-08-13 13:02:41,559 | INFO | epoch=2000/10000 optimizer_step=4000/10000 recursive_train_mse=6.489009e-06 recursive_validation_mse=1.642157e-05 best=8.542331e-06@1990 stale=10 grad=0.0066943 elapsed=80.3s
2026-08-13 13:02:43,569 | INFO | epoch=2050/10000 optimizer_step=4100/10000 recursive_train_mse=5.449403e-06 recursive_validation_mse=1.705743e-05 best=8.542331e-06@1990 stale=60 grad=0.0017058 elapsed=82.3s
2026-08-13 13:02:45,581 | INFO | epoch=2100/10000 optimizer_step=4200/10000 recursive_train_mse=5.312038e-06 recursive_validation_mse=1.922082e-05 best=8.542331e-06@1990 stale=110 grad=0.0012724 elapsed=84.3s
2026-08-13 13:02:47,591 | INFO | epoch=2150/10000 optimizer_step=4300/10000 recursive_train_mse=5.228689e-06 recursive_validation_mse=1.73783e-05 best=8.542331e-06@1990 stale=160 grad=0.0018025 elapsed=86.3s
2026-08-13 13:02:49,608 | INFO | epoch=2200/10000 optimizer_step=4400/10000 recursive_train_mse=5.785206e-06 recursive_validation_mse=1.102493e-05 best=8.542331e-06@1990 stale=210 grad=0.0044568 elapsed=88.3s
2026-08-13 13:02:51,632 | INFO | epoch=2250/10000 optimizer_step=4500/10000 recursive_train_mse=5.22352e-06 recursive_validation_mse=1.67999e-05 best=8.542331e-06@1990 stale=260 grad=0.0019009 elapsed=90.4s
2026-08-13 13:02:53,645 | INFO | epoch=2300/10000 optimizer_step=4600/10000 recursive_train_mse=5.169467e-06 recursive_validation_mse=1.725176e-05 best=8.542331e-06@1990 stale=310 grad=0.0022458 elapsed=92.4s
2026-08-13 13:02:55,654 | INFO | epoch=2350/10000 optimizer_step=4700/10000 recursive_train_mse=5.619963e-06 recursive_validation_mse=2.142297e-05 best=8.542331e-06@1990 stale=360 grad=0.0045505 elapsed=94.4s
2026-08-13 13:02:57,668 | INFO | epoch=2400/10000 optimizer_step=4800/10000 recursive_train_mse=5.10766e-06 recursive_validation_mse=1.400973e-05 best=8.542331e-06@1990 stale=410 grad=0.0018465 elapsed=96.4s
2026-08-13 13:02:59,686 | INFO | epoch=2450/10000 optimizer_step=4900/10000 recursive_train_mse=3.011444e-05 recursive_validation_mse=6.972689e-05 best=7.646743e-06@2447 stale=3 grad=0.052728 elapsed=98.4s
2026-08-13 13:03:01,699 | INFO | epoch=2500/10000 optimizer_step=5000/10000 recursive_train_mse=5.1814e-06 recursive_validation_mse=1.693295e-05 best=6.966209e-06@2457 stale=43 grad=0.0024628 elapsed=100.4s
2026-08-13 13:03:03,713 | INFO | epoch=2550/10000 optimizer_step=5100/10000 recursive_train_mse=5.255832e-06 recursive_validation_mse=2.175753e-05 best=6.966209e-06@2457 stale=93 grad=0.004071 elapsed=102.4s
2026-08-13 13:03:05,729 | INFO | epoch=2600/10000 optimizer_step=5200/10000 recursive_train_mse=5.059453e-06 recursive_validation_mse=1.787366e-05 best=6.966209e-06@2457 stale=143 grad=0.0014602 elapsed=104.5s
2026-08-13 13:03:07,749 | INFO | epoch=2650/10000 optimizer_step=5300/10000 recursive_train_mse=5.121878e-06 recursive_validation_mse=2.214592e-05 best=6.966209e-06@2457 stale=193 grad=0.0022091 elapsed=106.5s
2026-08-13 13:03:09,778 | INFO | epoch=2700/10000 optimizer_step=5400/10000 recursive_train_mse=6.885964e-06 recursive_validation_mse=3.636334e-05 best=6.966209e-06@2457 stale=243 grad=0.009679 elapsed=108.5s
2026-08-13 13:03:11,774 | INFO | epoch=2750/10000 optimizer_step=5500/10000 recursive_train_mse=5.35226e-06 recursive_validation_mse=2.512512e-05 best=6.966209e-06@2457 stale=293 grad=0.0032716 elapsed=110.5s
2026-08-13 13:03:13,784 | INFO | epoch=2800/10000 optimizer_step=5600/10000 recursive_train_mse=8.920323e-06 recursive_validation_mse=9.640592e-06 best=6.966209e-06@2457 stale=343 grad=0.012474 elapsed=112.5s
2026-08-13 13:03:15,796 | INFO | epoch=2850/10000 optimizer_step=5700/10000 recursive_train_mse=3.659834e-05 recursive_validation_mse=5.949076e-05 best=6.966209e-06@2457 stale=393 grad=0.03585 elapsed=114.5s
2026-08-13 13:03:17,797 | INFO | epoch=2900/10000 optimizer_step=5800/10000 recursive_train_mse=5.300877e-06 recursive_validation_mse=1.63952e-05 best=6.966209e-06@2457 stale=443 grad=0.0040149 elapsed=116.5s
2026-08-13 13:03:19,819 | INFO | epoch=2950/10000 optimizer_step=5900/10000 recursive_train_mse=8.15873e-06 recursive_validation_mse=1.3201e-05 best=6.966209e-06@2457 stale=493 grad=0.011864 elapsed=118.5s
2026-08-13 13:03:21,851 | INFO | epoch=3000/10000 optimizer_step=6000/10000 recursive_train_mse=5.026954e-06 recursive_validation_mse=1.684345e-05 best=6.966209e-06@2457 stale=543 grad=0.00095499 elapsed=120.6s
2026-08-13 13:03:23,865 | INFO | epoch=3050/10000 optimizer_step=6100/10000 recursive_train_mse=6.911141e-06 recursive_validation_mse=1.110874e-05 best=6.966209e-06@2457 stale=593 grad=0.0093805 elapsed=122.6s
2026-08-13 13:03:25,874 | INFO | epoch=3100/10000 optimizer_step=6200/10000 recursive_train_mse=6.322918e-06 recursive_validation_mse=2.225324e-05 best=6.966209e-06@2457 stale=643 grad=0.0072205 elapsed=124.6s
2026-08-13 13:03:27,880 | INFO | epoch=3150/10000 optimizer_step=6300/10000 recursive_train_mse=1.695733e-05 recursive_validation_mse=1.589343e-05 best=6.966209e-06@2457 stale=693 grad=0.022442 elapsed=126.6s
2026-08-13 13:03:29,903 | INFO | epoch=3200/10000 optimizer_step=6400/10000 recursive_train_mse=7.601841e-06 recursive_validation_mse=7.832353e-06 best=6.966209e-06@2457 stale=743 grad=0.0096602 elapsed=128.6s
2026-08-13 13:03:31,923 | INFO | epoch=3250/10000 optimizer_step=6500/10000 recursive_train_mse=5.456642e-06 recursive_validation_mse=1.185054e-05 best=6.966209e-06@2457 stale=793 grad=0.0042413 elapsed=130.6s
2026-08-13 13:03:33,940 | INFO | epoch=3300/10000 optimizer_step=6600/10000 recursive_train_mse=6.004495e-06 recursive_validation_mse=2.573844e-05 best=6.966209e-06@2457 stale=843 grad=0.0067093 elapsed=132.7s
2026-08-13 13:03:35,944 | INFO | epoch=3350/10000 optimizer_step=6700/10000 recursive_train_mse=2.340834e-05 recursive_validation_mse=7.428377e-05 best=6.966209e-06@2457 stale=893 grad=0.028311 elapsed=134.7s
2026-08-13 13:03:37,954 | INFO | epoch=3400/10000 optimizer_step=6800/10000 recursive_train_mse=1.029051e-05 recursive_validation_mse=9.754752e-06 best=6.966209e-06@2457 stale=943 grad=0.014579 elapsed=136.7s
2026-08-13 13:03:39,966 | INFO | epoch=3450/10000 optimizer_step=6900/10000 recursive_train_mse=5.3924e-06 recursive_validation_mse=2.093939e-05 best=6.966209e-06@2457 stale=993 grad=0.0045809 elapsed=138.7s
2026-08-13 13:03:41,943 | INFO | epoch=3500/10000 optimizer_step=7000/10000 recursive_train_mse=2.344586e-05 recursive_validation_mse=9.466967e-06 best=6.966209e-06@2457 stale=1043 grad=0.027081 elapsed=140.7s
2026-08-13 13:03:43,870 | INFO | epoch=3550/10000 optimizer_step=7100/10000 recursive_train_mse=1.384485e-05 recursive_validation_mse=4.842682e-05 best=6.966209e-06@2457 stale=1093 grad=0.020282 elapsed=142.6s
2026-08-13 13:03:45,827 | INFO | epoch=3600/10000 optimizer_step=7200/10000 recursive_train_mse=5.370197e-06 recursive_validation_mse=9.873429e-06 best=6.966209e-06@2457 stale=1143 grad=0.0056454 elapsed=144.6s
2026-08-13 13:03:47,843 | INFO | epoch=3650/10000 optimizer_step=7300/10000 recursive_train_mse=1.580732e-05 recursive_validation_mse=7.542147e-06 best=6.966209e-06@2457 stale=1193 grad=0.019989 elapsed=146.6s
2026-08-13 13:03:49,849 | INFO | epoch=3700/10000 optimizer_step=7400/10000 recursive_train_mse=4.905579e-06 recursive_validation_mse=1.524868e-05 best=6.966209e-06@2457 stale=1243 grad=0.0013018 elapsed=148.6s
2026-08-13 13:03:51,858 | INFO | epoch=3750/10000 optimizer_step=7500/10000 recursive_train_mse=1.241684e-05 recursive_validation_mse=7.727922e-06 best=6.966209e-06@2457 stale=1293 grad=0.015653 elapsed=150.6s
2026-08-13 13:03:53,861 | INFO | epoch=3800/10000 optimizer_step=7600/10000 recursive_train_mse=1.093821e-05 recursive_validation_mse=1.282664e-05 best=6.966209e-06@2457 stale=1343 grad=0.014976 elapsed=152.6s
2026-08-13 13:03:55,869 | INFO | epoch=3850/10000 optimizer_step=7700/10000 recursive_train_mse=5.390122e-06 recursive_validation_mse=1.381034e-05 best=6.966209e-06@2457 stale=1393 grad=0.0041129 elapsed=154.6s
2026-08-13 13:03:57,877 | INFO | epoch=3900/10000 optimizer_step=7800/10000 recursive_train_mse=5.471139e-06 recursive_validation_mse=1.503461e-05 best=6.966209e-06@2457 stale=1443 grad=0.004829 elapsed=156.6s
2026-08-13 13:03:59,882 | INFO | epoch=3950/10000 optimizer_step=7900/10000 recursive_train_mse=4.890012e-06 recursive_validation_mse=1.407945e-05 best=6.966209e-06@2457 stale=1493 grad=0.0016955 elapsed=158.6s
2026-08-13 13:04:01,886 | INFO | epoch=4000/10000 optimizer_step=8000/10000 recursive_train_mse=7.206415e-06 recursive_validation_mse=2.074844e-05 best=6.966209e-06@2457 stale=1543 grad=0.0089881 elapsed=160.6s
2026-08-13 13:04:03,901 | INFO | epoch=4050/10000 optimizer_step=8100/10000 recursive_train_mse=4.945029e-06 recursive_validation_mse=1.222155e-05 best=6.966209e-06@2457 stale=1593 grad=0.0022983 elapsed=162.6s
2026-08-13 13:04:05,912 | INFO | epoch=4100/10000 optimizer_step=8200/10000 recursive_train_mse=5.320555e-06 recursive_validation_mse=2.083658e-05 best=6.966209e-06@2457 stale=1643 grad=0.00374 elapsed=164.6s
2026-08-13 13:04:07,925 | INFO | epoch=4150/10000 optimizer_step=8300/10000 recursive_train_mse=7.964885e-06 recursive_validation_mse=1.594791e-05 best=6.966209e-06@2457 stale=1693 grad=0.0096709 elapsed=166.6s
2026-08-13 13:04:09,938 | INFO | epoch=4200/10000 optimizer_step=8400/10000 recursive_train_mse=6.170073e-06 recursive_validation_mse=1.159554e-05 best=6.966209e-06@2457 stale=1743 grad=0.0066739 elapsed=168.7s
2026-08-13 13:04:11,946 | INFO | epoch=4250/10000 optimizer_step=8500/10000 recursive_train_mse=5.750525e-06 recursive_validation_mse=1.14816e-05 best=6.966209e-06@2457 stale=1793 grad=0.0055633 elapsed=170.7s
2026-08-13 13:04:13,953 | INFO | epoch=4300/10000 optimizer_step=8600/10000 recursive_train_mse=2.17778e-05 recursive_validation_mse=8.739688e-05 best=6.966209e-06@2457 stale=1843 grad=0.030091 elapsed=172.7s
2026-08-13 13:04:15,960 | INFO | epoch=4350/10000 optimizer_step=8700/10000 recursive_train_mse=5.155748e-06 recursive_validation_mse=1.317188e-05 best=6.966209e-06@2457 stale=1893 grad=0.003337 elapsed=174.7s
2026-08-13 13:04:17,971 | INFO | epoch=4400/10000 optimizer_step=8800/10000 recursive_train_mse=6.316366e-06 recursive_validation_mse=2.301955e-05 best=6.966209e-06@2457 stale=1943 grad=0.0061064 elapsed=176.7s
2026-08-13 13:04:19,975 | INFO | epoch=4450/10000 optimizer_step=8900/10000 recursive_train_mse=9.335621e-06 recursive_validation_mse=2.632766e-05 best=6.966209e-06@2457 stale=1993 grad=0.012032 elapsed=178.7s
2026-08-13 13:04:21,987 | INFO | epoch=4500/10000 optimizer_step=9000/10000 recursive_train_mse=6.989774e-06 recursive_validation_mse=2.333815e-05 best=6.966209e-06@2457 stale=2043 grad=0.0092964 elapsed=180.7s
2026-08-13 13:04:24,003 | INFO | epoch=4550/10000 optimizer_step=9100/10000 recursive_train_mse=5.199662e-06 recursive_validation_mse=2.763665e-05 best=6.966209e-06@2457 stale=2093 grad=0.0024749 elapsed=182.7s
2026-08-13 13:04:26,009 | INFO | epoch=4600/10000 optimizer_step=9200/10000 recursive_train_mse=7.75701e-06 recursive_validation_mse=1.055063e-05 best=6.966209e-06@2457 stale=2143 grad=0.0097746 elapsed=184.7s
2026-08-13 13:04:28,028 | INFO | epoch=4650/10000 optimizer_step=9300/10000 recursive_train_mse=5.115121e-06 recursive_validation_mse=1.58286e-05 best=6.966209e-06@2457 stale=2193 grad=0.0031612 elapsed=186.7s
2026-08-13 13:04:30,042 | INFO | epoch=4700/10000 optimizer_step=9400/10000 recursive_train_mse=1.498584e-05 recursive_validation_mse=8.409146e-06 best=6.966209e-06@2457 stale=2243 grad=0.018172 elapsed=188.8s
2026-08-13 13:04:32,063 | INFO | epoch=4750/10000 optimizer_step=9500/10000 recursive_train_mse=5.522533e-06 recursive_validation_mse=1.16619e-05 best=6.966209e-06@2457 stale=2293 grad=0.0052713 elapsed=190.8s
2026-08-13 13:04:34,073 | INFO | epoch=4800/10000 optimizer_step=9600/10000 recursive_train_mse=5.218016e-06 recursive_validation_mse=1.163619e-05 best=6.966209e-06@2457 stale=2343 grad=0.0037482 elapsed=192.8s
2026-08-13 13:04:36,097 | INFO | epoch=4850/10000 optimizer_step=9700/10000 recursive_train_mse=1.747728e-05 recursive_validation_mse=5.299581e-05 best=6.966209e-06@2457 stale=2393 grad=0.020232 elapsed=194.8s
2026-08-13 13:04:38,103 | INFO | epoch=4900/10000 optimizer_step=9800/10000 recursive_train_mse=4.80435e-06 recursive_validation_mse=1.502516e-05 best=6.966209e-06@2457 stale=2443 grad=0.00084042 elapsed=196.8s
2026-08-13 13:04:40,118 | INFO | epoch=4950/10000 optimizer_step=9900/10000 recursive_train_mse=4.915365e-06 recursive_validation_mse=2.069749e-05 best=6.966209e-06@2457 stale=2493 grad=0.0022948 elapsed=198.8s
2026-08-13 13:04:42,141 | INFO | epoch=5000/10000 optimizer_step=10000/10000 recursive_train_mse=5.181548e-06 recursive_validation_mse=1.527326e-05 best=6.966209e-06@2457 stale=2543 grad=0.0030914 elapsed=200.9s
2026-08-13 13:04:42,141 | INFO | Reached exact optimizer-step budget: 10000 steps at epoch 5000
2026-08-13 13:04:42,323 | INFO | Completed recursive-prefix GRU baseline: /home/JunseoPark/바탕화면/battery_gru/outputs/runs/20260813_130121_061564_gru_recursive_baseline_CALCE_CX2_37_L100_soh_steps10000_noes_seed42
