2026-08-13 13:15:12,296 | INFO | CALCE_CX2_37.pkl: raw=1072 processed=1072 missing before/after=0/0
2026-08-13 13:15:12,308 | INFO | Starting recursive-prefix GRU baseline target=CALCE_CX2_37.pkl L=500 input=['soh'] teacher_forcing=0 device=cuda parameters=25793 config={'seed': 42, 'device': 'auto', 'data': {'calce_dir': 'data/CALCE', 'label_path': 'data/Life labels/CALCE_labels.json', 'history_length': 500, 'max_forecast_cycle': None, 'eol_threshold': 0.8}, 'model': {'hidden_size': 64, 'num_layers': 1, 'dropout': 0.0}, 'training': {'max_epochs': 10000, 'max_steps': 10000, 'batch_size': 64, 'learning_rate': 0.001, 'weight_decay': 0.0, 'validation_cycles': 20, 'teacher_forcing_ratio': 0.0, 'gradient_clip_norm': 5.0, 'early_stopping': False, 'early_stopping_patience': 30, 'early_stopping_min_delta': 1e-07}, 'logging': {'log_interval': 50, 'checkpoint_interval': 50}}
2026-08-13 13:15:13,438 | INFO | epoch=1/10000 optimizer_step=8/10000 recursive_train_mse=0.6799863 recursive_validation_mse=0.4479605 best=0.4479605@1 stale=0 grad=2.4594 elapsed=1.1s
2026-08-13 13:15:54,008 | INFO | epoch=50/10000 optimizer_step=400/10000 recursive_train_mse=0.0002502503 recursive_validation_mse=0.000938551 best=0.0001712846@4 stale=46 grad=0.030411 elapsed=41.6s
2026-08-13 13:16:35,434 | INFO | epoch=100/10000 optimizer_step=800/10000 recursive_train_mse=9.681825e-05 recursive_validation_mse=0.0004137077 best=0.0001712846@4 stale=96 grad=0.0090654 elapsed=83.1s
2026-08-13 13:17:16,564 | INFO | epoch=150/10000 optimizer_step=1200/10000 recursive_train_mse=8.479114e-05 recursive_validation_mse=0.0003819901 best=0.0001712846@4 stale=146 grad=0.011831 elapsed=124.2s
2026-08-13 13:17:57,630 | INFO | epoch=200/10000 optimizer_step=1600/10000 recursive_train_mse=7.647268e-05 recursive_validation_mse=0.0002634892 best=0.0001381938@188 stale=12 grad=0.0077356 elapsed=165.3s
2026-08-13 13:18:38,742 | INFO | epoch=250/10000 optimizer_step=2000/10000 recursive_train_mse=7.097234e-05 recursive_validation_mse=0.0002010035 best=0.0001381938@188 stale=62 grad=0.0091554 elapsed=206.4s
2026-08-13 13:19:19,879 | INFO | epoch=300/10000 optimizer_step=2400/10000 recursive_train_mse=6.8358e-05 recursive_validation_mse=0.0002656373 best=0.0001214036@285 stale=15 grad=0.012956 elapsed=247.5s
2026-08-13 13:20:01,327 | INFO | epoch=350/10000 optimizer_step=2800/10000 recursive_train_mse=6.260154e-05 recursive_validation_mse=0.0002877454 best=0.0001214036@285 stale=65 grad=0.0059686 elapsed=289.0s
2026-08-13 13:20:42,825 | INFO | epoch=400/10000 optimizer_step=3200/10000 recursive_train_mse=6.186827e-05 recursive_validation_mse=0.0002548534 best=0.0001214036@285 stale=115 grad=0.004148 elapsed=330.5s
2026-08-13 13:21:24,333 | INFO | epoch=450/10000 optimizer_step=3600/10000 recursive_train_mse=6.383453e-05 recursive_validation_mse=0.0001487543 best=0.0001214036@285 stale=165 grad=0.013372 elapsed=372.0s
2026-08-13 13:22:05,882 | INFO | epoch=500/10000 optimizer_step=4000/10000 recursive_train_mse=6.763621e-05 recursive_validation_mse=0.0002472441 best=7.554379e-05@499 stale=1 grad=0.023109 elapsed=413.5s
2026-08-13 13:22:47,442 | INFO | epoch=550/10000 optimizer_step=4400/10000 recursive_train_mse=6.305313e-05 recursive_validation_mse=0.0002332842 best=7.554379e-05@499 stale=51 grad=0.013898 elapsed=455.1s
2026-08-13 13:23:29,007 | INFO | epoch=600/10000 optimizer_step=4800/10000 recursive_train_mse=6.262535e-05 recursive_validation_mse=0.0001792647 best=7.554379e-05@499 stale=101 grad=0.013117 elapsed=496.6s
2026-08-13 13:24:10,531 | INFO | epoch=650/10000 optimizer_step=5200/10000 recursive_train_mse=6.460809e-05 recursive_validation_mse=0.0001476155 best=5.596483e-05@619 stale=31 grad=0.019798 elapsed=538.2s
2026-08-13 13:24:52,136 | INFO | epoch=700/10000 optimizer_step=5600/10000 recursive_train_mse=6.471067e-05 recursive_validation_mse=0.0001871176 best=5.596483e-05@619 stale=81 grad=0.016352 elapsed=579.8s
2026-08-13 13:25:33,777 | INFO | epoch=750/10000 optimizer_step=6000/10000 recursive_train_mse=6.383512e-05 recursive_validation_mse=6.174958e-05 best=5.596483e-05@619 stale=131 grad=0.018586 elapsed=621.4s
2026-08-13 13:26:15,294 | INFO | epoch=800/10000 optimizer_step=6400/10000 recursive_train_mse=6.161193e-05 recursive_validation_mse=0.0001543545 best=4.306431e-05@783 stale=17 grad=0.0086326 elapsed=662.9s
2026-08-13 13:26:56,535 | INFO | epoch=850/10000 optimizer_step=6800/10000 recursive_train_mse=6.118085e-05 recursive_validation_mse=0.0001119262 best=2.34375e-05@812 stale=38 grad=0.010882 elapsed=704.2s
2026-08-13 13:27:38,148 | INFO | epoch=900/10000 optimizer_step=7200/10000 recursive_train_mse=6.105491e-05 recursive_validation_mse=0.0001686334 best=2.34375e-05@812 stale=88 grad=0.0093166 elapsed=745.8s
2026-08-13 13:28:19,701 | INFO | epoch=950/10000 optimizer_step=7600/10000 recursive_train_mse=6.178752e-05 recursive_validation_mse=0.0001026703 best=2.34375e-05@812 stale=138 grad=0.013144 elapsed=787.3s
2026-08-13 13:29:01,346 | INFO | epoch=1000/10000 optimizer_step=8000/10000 recursive_train_mse=8.666853e-05 recursive_validation_mse=9.479428e-05 best=2.34375e-05@812 stale=188 grad=0.03951 elapsed=829.0s
2026-08-13 13:29:43,001 | INFO | epoch=1050/10000 optimizer_step=8400/10000 recursive_train_mse=6.417536e-05 recursive_validation_mse=0.0001721233 best=2.34375e-05@812 stale=238 grad=0.019197 elapsed=870.6s
2026-08-13 13:30:24,552 | INFO | epoch=1100/10000 optimizer_step=8800/10000 recursive_train_mse=5.938631e-05 recursive_validation_mse=9.408613e-05 best=2.34375e-05@812 stale=288 grad=0.0024814 elapsed=912.2s
2026-08-13 13:31:06,173 | INFO | epoch=1150/10000 optimizer_step=9200/10000 recursive_train_mse=6.607382e-05 recursive_validation_mse=3.948999e-05 best=2.34375e-05@812 stale=338 grad=0.026601 elapsed=953.8s
2026-08-13 13:31:47,621 | INFO | epoch=1200/10000 optimizer_step=9600/10000 recursive_train_mse=5.473581e-05 recursive_validation_mse=4.329279e-05 best=2.34375e-05@812 stale=388 grad=0.0165 elapsed=995.2s
2026-08-13 13:32:29,119 | INFO | epoch=1250/10000 optimizer_step=10000/10000 recursive_train_mse=5.540624e-05 recursive_validation_mse=4.591513e-05 best=2.34375e-05@812 stale=438 grad=0.018692 elapsed=1036.7s
2026-08-13 13:32:29,119 | INFO | Reached exact optimizer-step budget: 10000 steps at epoch 1250
2026-08-13 13:32:29,278 | INFO | Completed recursive-prefix GRU baseline: /home/JunseoPark/바탕화면/battery_gru/outputs/runs/20260813_131512_175162_gru_recursive_baseline_CALCE_CX2_37_L500_soh_steps10000_noes_seed42
