2026-08-07 14:56:23,504 | INFO | Direct-RUL BOIL experiment: folds=['CS2_0.5C', 'CS2_1C', 'CX2_0.5C', 'CX2_1C'] seeds=[42] device=cuda config=/home/JunseoPark/바탕화면/battery_gru/calce_direct_rul_boil/config.yaml
2026-08-07 14:56:24,727 | INFO | Starting fold=CS2_0.5C source_cells=11 target_cells=2 parameters={'total': 52094, 'trainable': 52094, 'domain_invariant': 24413, 'domain_specific': 24413, 'prediction_head': 2113}
2026-08-07 14:56:25,281 | INFO | fold=CS2_0.5C iter=10/1000 joint=0.331787 task=0.231626 meta_query=0.0343459 meta_test=CS2_1C source_cv_mae=- best=inf@0 stale=0
2026-08-07 14:56:25,529 | INFO | fold=CS2_0.5C iter=20/1000 joint=0.177539 task=0.0874144 meta_query=0.313051 meta_test=CX2_0.5C source_cv_mae=31.8010 best=31.8010@20 stale=0
2026-08-07 14:56:25,750 | INFO | fold=CS2_0.5C iter=30/1000 joint=0.231701 task=0.142102 meta_query=0.0351038 meta_test=CX2_1C source_cv_mae=- best=31.8010@20 stale=0
2026-08-07 14:56:25,996 | INFO | fold=CS2_0.5C iter=40/1000 joint=0.105544 task=0.0272705 meta_query=0.00942566 meta_test=CS2_1C source_cv_mae=16.0694 best=16.0694@40 stale=0
2026-08-07 14:56:26,217 | INFO | fold=CS2_0.5C iter=50/1000 joint=0.100465 task=0.0192845 meta_query=0.00716783 meta_test=CX2_0.5C source_cv_mae=- best=16.0694@40 stale=0
2026-08-07 14:56:26,464 | INFO | fold=CS2_0.5C iter=60/1000 joint=0.101393 task=0.0164683 meta_query=0.0364529 meta_test=CX2_1C source_cv_mae=11.0742 best=11.0742@60 stale=0
2026-08-07 14:56:26,685 | INFO | fold=CS2_0.5C iter=70/1000 joint=0.119097 task=0.0310733 meta_query=0.00360513 meta_test=CS2_1C source_cv_mae=- best=11.0742@60 stale=0
2026-08-07 14:56:26,930 | INFO | fold=CS2_0.5C iter=80/1000 joint=0.116258 task=0.0113847 meta_query=0.00234059 meta_test=CX2_0.5C source_cv_mae=7.5396 best=7.5396@80 stale=0
2026-08-07 14:56:27,152 | INFO | fold=CS2_0.5C iter=90/1000 joint=0.183413 task=0.0539026 meta_query=0.0162078 meta_test=CX2_1C source_cv_mae=- best=7.5396@80 stale=0
2026-08-07 14:56:27,408 | INFO | fold=CS2_0.5C iter=100/1000 joint=0.161515 task=0.00836972 meta_query=0.00722749 meta_test=CS2_1C source_cv_mae=6.8177 best=6.8177@100 stale=0
2026-08-07 14:56:27,628 | INFO | fold=CS2_0.5C iter=110/1000 joint=0.180142 task=0.0277015 meta_query=0.00109063 meta_test=CX2_0.5C source_cv_mae=- best=6.8177@100 stale=0
2026-08-07 14:56:27,868 | INFO | fold=CS2_0.5C iter=120/1000 joint=0.155995 task=0.013589 meta_query=0.0120307 meta_test=CX2_1C source_cv_mae=7.9989 best=6.8177@100 stale=1
2026-08-07 14:56:28,089 | INFO | fold=CS2_0.5C iter=130/1000 joint=0.247883 task=0.111345 meta_query=0.00490133 meta_test=CS2_1C source_cv_mae=- best=6.8177@100 stale=1
2026-08-07 14:56:28,336 | INFO | fold=CS2_0.5C iter=140/1000 joint=0.158073 task=0.00596869 meta_query=0.00702483 meta_test=CX2_0.5C source_cv_mae=4.4444 best=4.4444@140 stale=0
2026-08-07 14:56:28,556 | INFO | fold=CS2_0.5C iter=150/1000 joint=0.146927 task=0.00489618 meta_query=0.000935989 meta_test=CX2_1C source_cv_mae=- best=4.4444@140 stale=0
2026-08-07 14:56:28,796 | INFO | fold=CS2_0.5C iter=160/1000 joint=0.142749 task=0.00943414 meta_query=0.00247925 meta_test=CS2_1C source_cv_mae=7.2139 best=4.4444@140 stale=1
2026-08-07 14:56:29,016 | INFO | fold=CS2_0.5C iter=170/1000 joint=0.138746 task=0.00629853 meta_query=0.00517974 meta_test=CX2_0.5C source_cv_mae=- best=4.4444@140 stale=1
2026-08-07 14:56:29,256 | INFO | fold=CS2_0.5C iter=180/1000 joint=0.131899 task=0.00719129 meta_query=0.0012519 meta_test=CX2_1C source_cv_mae=6.3351 best=4.4444@140 stale=2
2026-08-07 14:56:29,475 | INFO | fold=CS2_0.5C iter=190/1000 joint=0.12868 task=0.00547166 meta_query=0.00170362 meta_test=CS2_1C source_cv_mae=- best=4.4444@140 stale=2
2026-08-07 14:56:29,725 | INFO | fold=CS2_0.5C iter=200/1000 joint=0.136084 task=0.00583818 meta_query=0.0122412 meta_test=CX2_0.5C source_cv_mae=7.6322 best=4.4444@140 stale=3
2026-08-07 14:56:29,948 | INFO | fold=CS2_0.5C iter=210/1000 joint=0.145449 task=0.00510618 meta_query=0.000384584 meta_test=CX2_1C source_cv_mae=- best=4.4444@140 stale=3
2026-08-07 14:56:30,188 | INFO | fold=CS2_0.5C iter=220/1000 joint=0.144988 task=0.0156605 meta_query=0.00188168 meta_test=CS2_1C source_cv_mae=4.9803 best=4.4444@140 stale=4
2026-08-07 14:56:30,408 | INFO | fold=CS2_0.5C iter=230/1000 joint=0.131417 task=0.00580055 meta_query=0.0123589 meta_test=CX2_0.5C source_cv_mae=- best=4.4444@140 stale=4
2026-08-07 14:56:30,654 | INFO | fold=CS2_0.5C iter=240/1000 joint=0.140116 task=0.00518491 meta_query=0.000658687 meta_test=CX2_1C source_cv_mae=4.1433 best=4.1433@240 stale=0
2026-08-07 14:56:30,875 | INFO | fold=CS2_0.5C iter=250/1000 joint=0.169609 task=0.0395385 meta_query=0.00658904 meta_test=CS2_1C source_cv_mae=- best=4.1433@240 stale=0
2026-08-07 14:56:31,122 | INFO | fold=CS2_0.5C iter=260/1000 joint=0.128255 task=0.00524709 meta_query=0.0280251 meta_test=CX2_0.5C source_cv_mae=3.9084 best=3.9084@260 stale=0
2026-08-07 14:56:31,343 | INFO | fold=CS2_0.5C iter=270/1000 joint=0.125459 task=0.00382903 meta_query=0.00356353 meta_test=CX2_1C source_cv_mae=- best=3.9084@260 stale=0
2026-08-07 14:56:31,582 | INFO | fold=CS2_0.5C iter=280/1000 joint=0.130072 task=0.00471855 meta_query=0.00356312 meta_test=CS2_1C source_cv_mae=5.0253 best=3.9084@260 stale=1
2026-08-07 14:56:31,803 | INFO | fold=CS2_0.5C iter=290/1000 joint=0.12442 task=0.00319031 meta_query=0.032462 meta_test=CX2_0.5C source_cv_mae=- best=3.9084@260 stale=1
2026-08-07 14:56:32,053 | INFO | fold=CS2_0.5C iter=300/1000 joint=0.122719 task=0.00607764 meta_query=0.00115568 meta_test=CX2_1C source_cv_mae=5.2179 best=3.9084@260 stale=2
2026-08-07 14:56:32,273 | INFO | fold=CS2_0.5C iter=310/1000 joint=0.114545 task=0.00341597 meta_query=0.00368939 meta_test=CS2_1C source_cv_mae=- best=3.9084@260 stale=2
2026-08-07 14:56:32,521 | INFO | fold=CS2_0.5C iter=320/1000 joint=0.121176 task=0.00321128 meta_query=0.00667621 meta_test=CX2_0.5C source_cv_mae=3.0825 best=3.0825@320 stale=0
2026-08-07 14:56:32,741 | INFO | fold=CS2_0.5C iter=330/1000 joint=0.127879 task=0.00833355 meta_query=0.00189646 meta_test=CX2_1C source_cv_mae=- best=3.0825@320 stale=0
2026-08-07 14:56:32,981 | INFO | fold=CS2_0.5C iter=340/1000 joint=0.117269 task=0.005823 meta_query=0.000701377 meta_test=CS2_1C source_cv_mae=4.0214 best=3.0825@320 stale=1
2026-08-07 14:56:33,200 | INFO | fold=CS2_0.5C iter=350/1000 joint=0.214695 task=0.0986926 meta_query=0.00021363 meta_test=CX2_0.5C source_cv_mae=- best=3.0825@320 stale=1
2026-08-07 14:56:33,440 | INFO | fold=CS2_0.5C iter=360/1000 joint=0.130134 task=0.00998131 meta_query=0.00044033 meta_test=CX2_1C source_cv_mae=3.4853 best=3.0825@320 stale=2
2026-08-07 14:56:33,660 | INFO | fold=CS2_0.5C iter=370/1000 joint=0.131208 task=0.00531544 meta_query=0.00291986 meta_test=CS2_1C source_cv_mae=- best=3.0825@320 stale=2
2026-08-07 14:56:33,900 | INFO | fold=CS2_0.5C iter=380/1000 joint=0.139738 task=0.0139543 meta_query=0.0165726 meta_test=CX2_0.5C source_cv_mae=4.6188 best=3.0825@320 stale=3
2026-08-07 14:56:34,120 | INFO | fold=CS2_0.5C iter=390/1000 joint=0.139276 task=0.0148643 meta_query=0.00173213 meta_test=CX2_1C source_cv_mae=- best=3.0825@320 stale=3
2026-08-07 14:56:34,370 | INFO | fold=CS2_0.5C iter=400/1000 joint=0.125929 task=0.00372914 meta_query=0.00193659 meta_test=CS2_1C source_cv_mae=6.4092 best=3.0825@320 stale=4
2026-08-07 14:56:34,591 | INFO | fold=CS2_0.5C iter=410/1000 joint=0.12885 task=0.00563136 meta_query=0.0198917 meta_test=CX2_0.5C source_cv_mae=- best=3.0825@320 stale=4
2026-08-07 14:56:34,830 | INFO | fold=CS2_0.5C iter=420/1000 joint=0.124594 task=0.00596104 meta_query=0.00188748 meta_test=CX2_1C source_cv_mae=4.7148 best=3.0825@320 stale=5
2026-08-07 14:56:35,051 | INFO | fold=CS2_0.5C iter=430/1000 joint=0.120625 task=0.00663884 meta_query=0.00487064 meta_test=CS2_1C source_cv_mae=- best=3.0825@320 stale=5
2026-08-07 14:56:35,290 | INFO | fold=CS2_0.5C iter=440/1000 joint=0.18028 task=0.0680674 meta_query=0.0101676 meta_test=CX2_0.5C source_cv_mae=7.3821 best=3.0825@320 stale=6
2026-08-07 14:56:35,511 | INFO | fold=CS2_0.5C iter=450/1000 joint=0.113383 task=0.00415366 meta_query=0.000271628 meta_test=CX2_1C source_cv_mae=- best=3.0825@320 stale=6
2026-08-07 14:56:35,750 | INFO | fold=CS2_0.5C iter=460/1000 joint=0.110543 task=0.00258013 meta_query=0.00151248 meta_test=CS2_1C source_cv_mae=6.8439 best=3.0825@320 stale=7
2026-08-07 14:56:35,971 | INFO | fold=CS2_0.5C iter=470/1000 joint=0.109466 task=0.00241514 meta_query=0.02226 meta_test=CX2_0.5C source_cv_mae=- best=3.0825@320 stale=7
2026-08-07 14:56:36,219 | INFO | fold=CS2_0.5C iter=480/1000 joint=0.115976 task=0.00450896 meta_query=0.000489307 meta_test=CX2_1C source_cv_mae=2.6916 best=2.6916@480 stale=0
2026-08-07 14:56:36,440 | INFO | fold=CS2_0.5C iter=490/1000 joint=0.116182 task=0.00661644 meta_query=0.00205512 meta_test=CS2_1C source_cv_mae=- best=2.6916@480 stale=0
2026-08-07 14:56:36,692 | INFO | fold=CS2_0.5C iter=500/1000 joint=0.11409 task=0.00347427 meta_query=0.0122437 meta_test=CX2_0.5C source_cv_mae=5.1040 best=2.6916@480 stale=1
2026-08-07 14:56:36,913 | INFO | fold=CS2_0.5C iter=510/1000 joint=0.116395 task=0.00219246 meta_query=0.0026282 meta_test=CX2_1C source_cv_mae=- best=2.6916@480 stale=1
2026-08-07 14:56:37,153 | INFO | fold=CS2_0.5C iter=520/1000 joint=0.11785 task=0.00358483 meta_query=0.00412631 meta_test=CS2_1C source_cv_mae=2.7298 best=2.6916@480 stale=2
2026-08-07 14:56:37,373 | INFO | fold=CS2_0.5C iter=530/1000 joint=0.117648 task=0.00456847 meta_query=0.0198319 meta_test=CX2_0.5C source_cv_mae=- best=2.6916@480 stale=2
2026-08-07 14:56:37,613 | INFO | fold=CS2_0.5C iter=540/1000 joint=0.117831 task=0.00819236 meta_query=0.00152231 meta_test=CX2_1C source_cv_mae=5.4427 best=2.6916@480 stale=3
2026-08-07 14:56:37,833 | INFO | fold=CS2_0.5C iter=550/1000 joint=0.113005 task=0.00633274 meta_query=0.00283863 meta_test=CS2_1C source_cv_mae=- best=2.6916@480 stale=3
2026-08-07 14:56:38,073 | INFO | fold=CS2_0.5C iter=560/1000 joint=0.111731 task=0.00287514 meta_query=0.00203945 meta_test=CX2_0.5C source_cv_mae=4.9795 best=2.6916@480 stale=4
2026-08-07 14:56:38,293 | INFO | fold=CS2_0.5C iter=570/1000 joint=0.114893 task=0.00450277 meta_query=0.000800513 meta_test=CX2_1C source_cv_mae=- best=2.6916@480 stale=4
2026-08-07 14:56:38,533 | INFO | fold=CS2_0.5C iter=580/1000 joint=0.113061 task=0.00329121 meta_query=0.000989662 meta_test=CS2_1C source_cv_mae=3.6915 best=2.6916@480 stale=5
2026-08-07 14:56:38,753 | INFO | fold=CS2_0.5C iter=590/1000 joint=0.113487 task=0.00298859 meta_query=0.000768836 meta_test=CX2_0.5C source_cv_mae=- best=2.6916@480 stale=5
2026-08-07 14:56:39,007 | INFO | fold=CS2_0.5C iter=600/1000 joint=0.113917 task=0.002494 meta_query=0.000196057 meta_test=CX2_1C source_cv_mae=5.7253 best=2.6916@480 stale=6
2026-08-07 14:56:39,228 | INFO | fold=CS2_0.5C iter=610/1000 joint=0.120814 task=0.0100794 meta_query=0.00124938 meta_test=CS2_1C source_cv_mae=- best=2.6916@480 stale=6
2026-08-07 14:56:39,472 | INFO | fold=CS2_0.5C iter=620/1000 joint=0.115059 task=0.00439483 meta_query=0.0134538 meta_test=CX2_0.5C source_cv_mae=7.8923 best=2.6916@480 stale=7
2026-08-07 14:56:39,693 | INFO | fold=CS2_0.5C iter=630/1000 joint=0.112403 task=0.00327531 meta_query=0.000535546 meta_test=CX2_1C source_cv_mae=- best=2.6916@480 stale=7
2026-08-07 14:56:39,932 | INFO | fold=CS2_0.5C iter=640/1000 joint=0.114523 task=0.00520599 meta_query=0.000614911 meta_test=CS2_1C source_cv_mae=9.0436 best=2.6916@480 stale=8
2026-08-07 14:56:40,153 | INFO | fold=CS2_0.5C iter=650/1000 joint=0.115886 task=0.00699201 meta_query=0.0204458 meta_test=CX2_0.5C source_cv_mae=- best=2.6916@480 stale=8
2026-08-07 14:56:40,394 | INFO | fold=CS2_0.5C iter=660/1000 joint=0.115048 task=0.00218986 meta_query=0.00100332 meta_test=CX2_1C source_cv_mae=5.2696 best=2.6916@480 stale=9
2026-08-07 14:56:40,615 | INFO | fold=CS2_0.5C iter=670/1000 joint=0.118265 task=0.00259362 meta_query=0.00200919 meta_test=CS2_1C source_cv_mae=- best=2.6916@480 stale=9
2026-08-07 14:56:40,854 | INFO | fold=CS2_0.5C iter=680/1000 joint=0.119838 task=0.00171503 meta_query=0.00269431 meta_test=CX2_0.5C source_cv_mae=4.6235 best=2.6916@480 stale=10
2026-08-07 14:56:41,074 | INFO | fold=CS2_0.5C iter=690/1000 joint=0.116294 task=0.00233576 meta_query=0.000634393 meta_test=CX2_1C source_cv_mae=- best=2.6916@480 stale=10
2026-08-07 14:56:41,329 | INFO | fold=CS2_0.5C iter=700/1000 joint=0.116756 task=0.00497695 meta_query=0.00288954 meta_test=CS2_1C source_cv_mae=4.8838 best=2.6916@480 stale=11
2026-08-07 14:56:41,549 | INFO | fold=CS2_0.5C iter=710/1000 joint=0.116447 task=0.00337321 meta_query=0.00603544 meta_test=CX2_0.5C source_cv_mae=- best=2.6916@480 stale=11
2026-08-07 14:56:41,789 | INFO | fold=CS2_0.5C iter=720/1000 joint=0.119352 task=0.0038328 meta_query=0.00381869 meta_test=CX2_1C source_cv_mae=8.8666 best=2.6916@480 stale=12
2026-08-07 14:56:42,009 | INFO | fold=CS2_0.5C iter=730/1000 joint=0.117984 task=0.0040999 meta_query=0.00676854 meta_test=CS2_1C source_cv_mae=- best=2.6916@480 stale=12
2026-08-07 14:56:42,249 | INFO | fold=CS2_0.5C iter=740/1000 joint=0.115901 task=0.00522205 meta_query=0.00158232 meta_test=CX2_0.5C source_cv_mae=5.1942 best=2.6916@480 stale=13
2026-08-07 14:56:42,469 | INFO | fold=CS2_0.5C iter=750/1000 joint=0.108491 task=0.00219685 meta_query=0.000379852 meta_test=CX2_1C source_cv_mae=- best=2.6916@480 stale=13
2026-08-07 14:56:42,708 | INFO | fold=CS2_0.5C iter=760/1000 joint=0.107376 task=0.00407131 meta_query=0.00092152 meta_test=CS2_1C source_cv_mae=7.5184 best=2.6916@480 stale=14
2026-08-07 14:56:42,928 | INFO | fold=CS2_0.5C iter=770/1000 joint=0.117209 task=0.00590465 meta_query=0.00955569 meta_test=CX2_0.5C source_cv_mae=- best=2.6916@480 stale=14
2026-08-07 14:56:43,168 | INFO | fold=CS2_0.5C iter=780/1000 joint=0.118707 task=0.00225176 meta_query=0.000518676 meta_test=CX2_1C source_cv_mae=6.1555 best=2.6916@480 stale=15
2026-08-07 14:56:43,168 | INFO | Source-only early stopping at 780; best 2.6916 cycles at 480
2026-08-07 15:00:42,493 | INFO | Direct-RUL BOIL experiment: folds=['CS2_0.5C', 'CS2_1C', 'CX2_0.5C', 'CX2_1C'] seeds=[42] device=cuda config=/home/JunseoPark/바탕화면/battery_gru/calce_direct_rul_boil/config.yaml
2026-08-07 15:00:43,725 | INFO | Starting fold=CS2_0.5C source_cells=11 target_cells=2 parameters={'total': 52094, 'trainable': 52094, 'domain_invariant': 24413, 'domain_specific': 24413, 'prediction_head': 2113}
2026-08-07 15:00:43,737 | INFO | Resumed /home/JunseoPark/바탕화면/battery_gru/outputs/calce_direct_rul_boil/20260807_145623_503227_direct-rul-boil_L100_seed42/fold_CS2_0.5C_seed42/checkpoints/last.pt at outer iteration 781
2026-08-07 15:00:43,737 | INFO | Checkpoint had already early-stopped at 780; loading best.pt without additional training
2026-08-07 15:00:44,352 | INFO | Completed fold=CS2_0.5C seed=42 target_MAE=267.704 target_RMSE=268.125
2026-08-07 15:00:44,357 | INFO | Starting fold=CS2_1C source_cells=9 target_cells=4 parameters={'total': 52094, 'trainable': 52094, 'domain_invariant': 24413, 'domain_specific': 24413, 'prediction_head': 2113}
2026-08-07 15:00:44,768 | INFO | fold=CS2_1C iter=10/1000 joint=0.39103 task=0.287996 meta_query=0.151016 meta_test=CS2_0.5C source_cv_mae=- best=inf@0 stale=0
2026-08-07 15:00:45,015 | INFO | fold=CS2_1C iter=20/1000 joint=0.249794 task=0.151092 meta_query=0.106318 meta_test=CX2_0.5C source_cv_mae=27.8267 best=27.8267@20 stale=0
2026-08-07 15:00:45,236 | INFO | fold=CS2_1C iter=30/1000 joint=0.12775 task=0.037975 meta_query=0.0256218 meta_test=CX2_1C source_cv_mae=- best=27.8267@20 stale=0
2026-08-07 15:00:45,482 | INFO | fold=CS2_1C iter=40/1000 joint=0.108946 task=0.024277 meta_query=0.0178825 meta_test=CS2_0.5C source_cv_mae=11.4325 best=11.4325@40 stale=0
2026-08-07 15:00:45,702 | INFO | fold=CS2_1C iter=50/1000 joint=0.0891994 task=0.00616221 meta_query=0.0143986 meta_test=CX2_0.5C source_cv_mae=- best=11.4325@40 stale=0
2026-08-07 15:00:45,947 | INFO | fold=CS2_1C iter=60/1000 joint=0.0859747 task=0.00695906 meta_query=0.00939157 meta_test=CX2_1C source_cv_mae=8.1482 best=8.1482@60 stale=0
2026-08-07 15:00:46,166 | INFO | fold=CS2_1C iter=70/1000 joint=0.0903011 task=0.00962593 meta_query=0.000869861 meta_test=CS2_0.5C source_cv_mae=- best=8.1482@60 stale=0
2026-08-07 15:00:46,415 | INFO | fold=CS2_1C iter=80/1000 joint=0.10324 task=0.0172643 meta_query=0.000221478 meta_test=CX2_0.5C source_cv_mae=6.3184 best=6.3184@80 stale=0
2026-08-07 15:00:46,637 | INFO | fold=CS2_1C iter=90/1000 joint=0.0992097 task=0.0140036 meta_query=0.00471008 meta_test=CX2_1C source_cv_mae=- best=6.3184@80 stale=0
2026-08-07 15:00:46,885 | INFO | fold=CS2_1C iter=100/1000 joint=0.093757 task=0.00912923 meta_query=0.00929313 meta_test=CS2_0.5C source_cv_mae=10.0389 best=6.3184@80 stale=1
2026-08-07 15:00:47,107 | INFO | fold=CS2_1C iter=110/1000 joint=0.108396 task=0.0061033 meta_query=0.0236678 meta_test=CX2_0.5C source_cv_mae=- best=6.3184@80 stale=1
2026-08-07 15:00:47,344 | INFO | fold=CS2_1C iter=120/1000 joint=0.13761 task=0.00892441 meta_query=0.00169326 meta_test=CX2_1C source_cv_mae=7.3721 best=6.3184@80 stale=2
2026-08-07 15:00:47,563 | INFO | fold=CS2_1C iter=130/1000 joint=0.155309 task=0.00246986 meta_query=0.000100926 meta_test=CS2_0.5C source_cv_mae=- best=6.3184@80 stale=2
2026-08-07 15:00:47,809 | INFO | fold=CS2_1C iter=140/1000 joint=0.168309 task=0.00504888 meta_query=0.00344956 meta_test=CX2_0.5C source_cv_mae=5.3060 best=5.3060@140 stale=0
2026-08-07 15:00:48,029 | INFO | fold=CS2_1C iter=150/1000 joint=0.196654 task=0.0328751 meta_query=0.00136054 meta_test=CX2_1C source_cv_mae=- best=5.3060@140 stale=0
2026-08-07 15:00:48,265 | INFO | fold=CS2_1C iter=160/1000 joint=0.144854 task=0.00772688 meta_query=0.00949686 meta_test=CS2_0.5C source_cv_mae=9.5198 best=5.3060@140 stale=1
2026-08-07 15:00:48,485 | INFO | fold=CS2_1C iter=170/1000 joint=0.127757 task=0.00704364 meta_query=0.0011218 meta_test=CX2_0.5C source_cv_mae=- best=5.3060@140 stale=1
2026-08-07 15:00:48,732 | INFO | fold=CS2_1C iter=180/1000 joint=0.130315 task=0.00533271 meta_query=0.004612 meta_test=CX2_1C source_cv_mae=4.0404 best=4.0404@180 stale=0
2026-08-07 15:00:48,953 | INFO | fold=CS2_1C iter=190/1000 joint=0.16766 task=0.00542451 meta_query=0.00796656 meta_test=CS2_0.5C source_cv_mae=- best=4.0404@180 stale=0
2026-08-07 15:00:49,201 | INFO | fold=CS2_1C iter=200/1000 joint=0.166839 task=0.00497603 meta_query=0.0153961 meta_test=CX2_0.5C source_cv_mae=6.1987 best=4.0404@180 stale=1
2026-08-07 15:00:49,421 | INFO | fold=CS2_1C iter=210/1000 joint=0.153127 task=0.00467465 meta_query=0.000766507 meta_test=CX2_1C source_cv_mae=- best=4.0404@180 stale=1
2026-08-07 15:00:49,661 | INFO | fold=CS2_1C iter=220/1000 joint=0.144089 task=0.0103973 meta_query=0.0034938 meta_test=CS2_0.5C source_cv_mae=12.2073 best=4.0404@180 stale=2
2026-08-07 15:00:49,881 | INFO | fold=CS2_1C iter=230/1000 joint=0.126384 task=0.00453155 meta_query=0.00560565 meta_test=CX2_0.5C source_cv_mae=- best=4.0404@180 stale=2
2026-08-07 15:00:50,120 | INFO | fold=CS2_1C iter=240/1000 joint=0.138473 task=0.0115078 meta_query=0.000915102 meta_test=CX2_1C source_cv_mae=7.6971 best=4.0404@180 stale=3
2026-08-07 15:00:50,340 | INFO | fold=CS2_1C iter=250/1000 joint=0.139694 task=0.0111177 meta_query=0.00250472 meta_test=CS2_0.5C source_cv_mae=- best=4.0404@180 stale=3
2026-08-07 15:00:50,578 | INFO | fold=CS2_1C iter=260/1000 joint=0.130498 task=0.00877908 meta_query=0.00941555 meta_test=CX2_0.5C source_cv_mae=9.9245 best=4.0404@180 stale=4
2026-08-07 15:00:50,797 | INFO | fold=CS2_1C iter=270/1000 joint=0.120461 task=0.00770505 meta_query=0.000476413 meta_test=CX2_1C source_cv_mae=- best=4.0404@180 stale=4
2026-08-07 15:00:51,035 | INFO | fold=CS2_1C iter=280/1000 joint=0.130071 task=0.0245351 meta_query=0.00410147 meta_test=CS2_0.5C source_cv_mae=5.2408 best=4.0404@180 stale=5
2026-08-07 15:00:51,256 | INFO | fold=CS2_1C iter=290/1000 joint=0.131097 task=0.0251602 meta_query=0.0038375 meta_test=CX2_0.5C source_cv_mae=- best=4.0404@180 stale=5
2026-08-07 15:00:51,517 | INFO | fold=CS2_1C iter=300/1000 joint=0.111939 task=0.00279759 meta_query=0.00149541 meta_test=CX2_1C source_cv_mae=5.9193 best=4.0404@180 stale=6
2026-08-07 15:00:51,743 | INFO | fold=CS2_1C iter=310/1000 joint=0.12137 task=0.00475044 meta_query=0.00630872 meta_test=CS2_0.5C source_cv_mae=- best=4.0404@180 stale=6
2026-08-07 15:00:51,988 | INFO | fold=CS2_1C iter=320/1000 joint=0.132585 task=0.00393618 meta_query=0.000772292 meta_test=CX2_0.5C source_cv_mae=4.2200 best=4.0404@180 stale=7
2026-08-07 15:00:52,208 | INFO | fold=CS2_1C iter=330/1000 joint=0.131026 task=0.00312031 meta_query=0.000740927 meta_test=CX2_1C source_cv_mae=- best=4.0404@180 stale=7
2026-08-07 15:00:52,448 | INFO | fold=CS2_1C iter=340/1000 joint=0.133208 task=0.00368781 meta_query=0.00400881 meta_test=CS2_0.5C source_cv_mae=6.5864 best=4.0404@180 stale=8
2026-08-07 15:00:52,667 | INFO | fold=CS2_1C iter=350/1000 joint=0.150381 task=0.00669576 meta_query=0.00065153 meta_test=CX2_0.5C source_cv_mae=- best=4.0404@180 stale=8
2026-08-07 15:00:52,907 | INFO | fold=CS2_1C iter=360/1000 joint=0.127552 task=0.00278818 meta_query=0.000525033 meta_test=CX2_1C source_cv_mae=5.5077 best=4.0404@180 stale=9
2026-08-07 15:00:53,127 | INFO | fold=CS2_1C iter=370/1000 joint=0.12777 task=0.00429128 meta_query=0.00351036 meta_test=CS2_0.5C source_cv_mae=- best=4.0404@180 stale=9
2026-08-07 15:00:53,375 | INFO | fold=CS2_1C iter=380/1000 joint=0.122803 task=0.00142466 meta_query=0.00629929 meta_test=CX2_0.5C source_cv_mae=3.4146 best=3.4146@380 stale=0
2026-08-07 15:00:53,595 | INFO | fold=CS2_1C iter=390/1000 joint=0.126962 task=0.00427033 meta_query=0.000492975 meta_test=CX2_1C source_cv_mae=- best=3.4146@380 stale=0
2026-08-07 15:00:53,842 | INFO | fold=CS2_1C iter=400/1000 joint=0.128578 task=0.00429062 meta_query=0.0170103 meta_test=CS2_0.5C source_cv_mae=4.7235 best=3.4146@380 stale=1
2026-08-07 15:00:54,061 | INFO | fold=CS2_1C iter=410/1000 joint=0.122385 task=0.00235972 meta_query=0.0118984 meta_test=CX2_0.5C source_cv_mae=- best=3.4146@380 stale=1
2026-08-07 15:00:54,300 | INFO | fold=CS2_1C iter=420/1000 joint=0.121137 task=0.00475581 meta_query=0.00177028 meta_test=CX2_1C source_cv_mae=5.2079 best=3.4146@380 stale=2
2026-08-07 15:00:54,520 | INFO | fold=CS2_1C iter=430/1000 joint=0.121316 task=0.00721495 meta_query=0.00931469 meta_test=CS2_0.5C source_cv_mae=- best=3.4146@380 stale=2
2026-08-07 15:00:54,763 | INFO | fold=CS2_1C iter=440/1000 joint=0.11796 task=0.00456785 meta_query=0.0161592 meta_test=CX2_0.5C source_cv_mae=5.3973 best=3.4146@380 stale=3
2026-08-07 15:00:54,989 | INFO | fold=CS2_1C iter=450/1000 joint=0.119 task=0.00666122 meta_query=0.00282948 meta_test=CX2_1C source_cv_mae=- best=3.4146@380 stale=3
2026-08-07 15:00:55,235 | INFO | fold=CS2_1C iter=460/1000 joint=0.116063 task=0.00677264 meta_query=0.00300475 meta_test=CS2_0.5C source_cv_mae=2.9135 best=2.9135@460 stale=0
2026-08-07 15:00:55,455 | INFO | fold=CS2_1C iter=470/1000 joint=0.118694 task=0.00255458 meta_query=0.0098001 meta_test=CX2_0.5C source_cv_mae=- best=2.9135@460 stale=0
2026-08-07 15:00:55,694 | INFO | fold=CS2_1C iter=480/1000 joint=0.124821 task=0.00535286 meta_query=0.000590076 meta_test=CX2_1C source_cv_mae=5.8869 best=2.9135@460 stale=1
2026-08-07 15:00:55,912 | INFO | fold=CS2_1C iter=490/1000 joint=0.122707 task=0.00729929 meta_query=0.00079635 meta_test=CS2_0.5C source_cv_mae=- best=2.9135@460 stale=1
2026-08-07 15:00:56,172 | INFO | fold=CS2_1C iter=500/1000 joint=0.112699 task=0.00210834 meta_query=0.0128219 meta_test=CX2_0.5C source_cv_mae=2.5006 best=2.5006@500 stale=0
2026-08-07 15:00:56,394 | INFO | fold=CS2_1C iter=510/1000 joint=0.128134 task=0.00299385 meta_query=0.00150474 meta_test=CX2_1C source_cv_mae=- best=2.5006@500 stale=0
2026-08-07 15:00:56,633 | INFO | fold=CS2_1C iter=520/1000 joint=0.134251 task=0.00480979 meta_query=0.000206946 meta_test=CS2_0.5C source_cv_mae=3.8274 best=2.5006@500 stale=1
2026-08-07 15:00:56,852 | INFO | fold=CS2_1C iter=530/1000 joint=0.120281 task=0.00461536 meta_query=0.0241736 meta_test=CX2_0.5C source_cv_mae=- best=2.5006@500 stale=1
2026-08-07 15:00:57,090 | INFO | fold=CS2_1C iter=540/1000 joint=0.110454 task=0.00807822 meta_query=0.000363542 meta_test=CX2_1C source_cv_mae=11.8917 best=2.5006@500 stale=2
2026-08-07 15:00:57,311 | INFO | fold=CS2_1C iter=550/1000 joint=0.103627 task=0.00482312 meta_query=0.00712499 meta_test=CS2_0.5C source_cv_mae=- best=2.5006@500 stale=2
2026-08-07 15:00:57,551 | INFO | fold=CS2_1C iter=560/1000 joint=0.112592 task=0.0109634 meta_query=0.0084518 meta_test=CX2_0.5C source_cv_mae=8.6691 best=2.5006@500 stale=3
2026-08-07 15:00:57,770 | INFO | fold=CS2_1C iter=570/1000 joint=0.110665 task=0.00713584 meta_query=0.00155797 meta_test=CX2_1C source_cv_mae=- best=2.5006@500 stale=3
2026-08-07 15:00:58,009 | INFO | fold=CS2_1C iter=580/1000 joint=0.111895 task=0.00581372 meta_query=0.00128198 meta_test=CS2_0.5C source_cv_mae=6.7861 best=2.5006@500 stale=4
2026-08-07 15:00:58,229 | INFO | fold=CS2_1C iter=590/1000 joint=0.113741 task=0.00307115 meta_query=0.000659419 meta_test=CX2_0.5C source_cv_mae=- best=2.5006@500 stale=4
2026-08-07 15:00:58,482 | INFO | fold=CS2_1C iter=600/1000 joint=0.160872 task=0.0494183 meta_query=0.000855384 meta_test=CX2_1C source_cv_mae=7.3963 best=2.5006@500 stale=5
2026-08-07 15:00:58,701 | INFO | fold=CS2_1C iter=610/1000 joint=0.118857 task=0.00529933 meta_query=0.0277618 meta_test=CS2_0.5C source_cv_mae=- best=2.5006@500 stale=5
2026-08-07 15:00:58,940 | INFO | fold=CS2_1C iter=620/1000 joint=0.121587 task=0.00357405 meta_query=0.00531027 meta_test=CX2_0.5C source_cv_mae=5.9743 best=2.5006@500 stale=6
2026-08-07 15:00:59,159 | INFO | fold=CS2_1C iter=630/1000 joint=0.126688 task=0.00578485 meta_query=0.000153434 meta_test=CX2_1C source_cv_mae=- best=2.5006@500 stale=6
2026-08-07 15:00:59,399 | INFO | fold=CS2_1C iter=640/1000 joint=0.145748 task=0.00375724 meta_query=0.000303046 meta_test=CS2_0.5C source_cv_mae=3.1481 best=2.5006@500 stale=7
2026-08-07 15:00:59,619 | INFO | fold=CS2_1C iter=650/1000 joint=0.154817 task=0.00541754 meta_query=0.0131131 meta_test=CX2_0.5C source_cv_mae=- best=2.5006@500 stale=7
2026-08-07 15:00:59,858 | INFO | fold=CS2_1C iter=660/1000 joint=0.130887 task=0.00623919 meta_query=0.000791625 meta_test=CX2_1C source_cv_mae=4.5212 best=2.5006@500 stale=8
2026-08-07 15:01:00,079 | INFO | fold=CS2_1C iter=670/1000 joint=0.111302 task=0.00477602 meta_query=0.0100725 meta_test=CS2_0.5C source_cv_mae=- best=2.5006@500 stale=8
2026-08-07 15:01:00,317 | INFO | fold=CS2_1C iter=680/1000 joint=0.101784 task=0.00341379 meta_query=0.00787802 meta_test=CX2_0.5C source_cv_mae=3.0840 best=2.5006@500 stale=9
2026-08-07 15:01:00,537 | INFO | fold=CS2_1C iter=690/1000 joint=0.0986045 task=0.00297576 meta_query=0.00050962 meta_test=CX2_1C source_cv_mae=- best=2.5006@500 stale=9
2026-08-07 15:01:00,804 | INFO | fold=CS2_1C iter=700/1000 joint=0.111786 task=0.00139123 meta_query=0.00336434 meta_test=CS2_0.5C source_cv_mae=2.2943 best=2.2943@700 stale=0
2026-08-07 15:01:01,025 | INFO | fold=CS2_1C iter=710/1000 joint=0.119719 task=0.00361123 meta_query=0.0177332 meta_test=CX2_0.5C source_cv_mae=- best=2.2943@700 stale=0
2026-08-07 15:01:01,266 | INFO | fold=CS2_1C iter=720/1000 joint=0.122599 task=0.00285053 meta_query=0.000852975 meta_test=CX2_1C source_cv_mae=6.6224 best=2.2943@700 stale=1
2026-08-07 15:01:01,486 | INFO | fold=CS2_1C iter=730/1000 joint=0.128583 task=0.00426097 meta_query=0.0134032 meta_test=CS2_0.5C source_cv_mae=- best=2.2943@700 stale=1
2026-08-07 15:01:01,726 | INFO | fold=CS2_1C iter=740/1000 joint=0.139475 task=0.0134792 meta_query=0.0076066 meta_test=CX2_0.5C source_cv_mae=4.8740 best=2.2943@700 stale=2
2026-08-07 15:01:01,945 | INFO | fold=CS2_1C iter=750/1000 joint=0.120375 task=0.00302361 meta_query=0.000192832 meta_test=CX2_1C source_cv_mae=- best=2.2943@700 stale=2
2026-08-07 15:01:02,185 | INFO | fold=CS2_1C iter=760/1000 joint=0.11456 task=0.00321804 meta_query=0.0027227 meta_test=CS2_0.5C source_cv_mae=3.4401 best=2.2943@700 stale=3
2026-08-07 15:01:02,405 | INFO | fold=CS2_1C iter=770/1000 joint=0.110792 task=0.00388983 meta_query=0.0323669 meta_test=CX2_0.5C source_cv_mae=- best=2.2943@700 stale=3
2026-08-07 15:01:02,643 | INFO | fold=CS2_1C iter=780/1000 joint=0.105452 task=0.00361349 meta_query=0.00182398 meta_test=CX2_1C source_cv_mae=4.9140 best=2.2943@700 stale=4
2026-08-07 15:01:02,863 | INFO | fold=CS2_1C iter=790/1000 joint=0.104274 task=0.00562886 meta_query=0.00200945 meta_test=CS2_0.5C source_cv_mae=- best=2.2943@700 stale=4
2026-08-07 15:01:03,118 | INFO | fold=CS2_1C iter=800/1000 joint=0.109779 task=0.00354732 meta_query=0.0100299 meta_test=CX2_0.5C source_cv_mae=5.9423 best=2.2943@700 stale=5
2026-08-07 15:01:03,338 | INFO | fold=CS2_1C iter=810/1000 joint=0.130173 task=0.0140432 meta_query=0.000198573 meta_test=CX2_1C source_cv_mae=- best=2.2943@700 stale=5
2026-08-07 15:01:03,575 | INFO | fold=CS2_1C iter=820/1000 joint=0.115811 task=0.00333155 meta_query=0.00258222 meta_test=CS2_0.5C source_cv_mae=5.4280 best=2.2943@700 stale=6
2026-08-07 15:01:03,803 | INFO | fold=CS2_1C iter=830/1000 joint=0.108844 task=0.0013528 meta_query=0.00337973 meta_test=CX2_0.5C source_cv_mae=- best=2.2943@700 stale=6
2026-08-07 15:01:04,041 | INFO | fold=CS2_1C iter=840/1000 joint=0.108375 task=0.00544835 meta_query=0.000995029 meta_test=CX2_1C source_cv_mae=8.4320 best=2.2943@700 stale=7
2026-08-07 15:01:04,262 | INFO | fold=CS2_1C iter=850/1000 joint=0.103391 task=0.004347 meta_query=0.0058943 meta_test=CS2_0.5C source_cv_mae=- best=2.2943@700 stale=7
2026-08-07 15:01:04,499 | INFO | fold=CS2_1C iter=860/1000 joint=0.108557 task=0.00301865 meta_query=0.0174468 meta_test=CX2_0.5C source_cv_mae=7.3298 best=2.2943@700 stale=8
2026-08-07 15:01:04,719 | INFO | fold=CS2_1C iter=870/1000 joint=0.121106 task=0.00744889 meta_query=0.00138562 meta_test=CX2_1C source_cv_mae=- best=2.2943@700 stale=8
2026-08-07 15:01:04,958 | INFO | fold=CS2_1C iter=880/1000 joint=0.238191 task=0.121716 meta_query=0.000185181 meta_test=CS2_0.5C source_cv_mae=10.8194 best=2.2943@700 stale=9
2026-08-07 15:01:05,176 | INFO | fold=CS2_1C iter=890/1000 joint=0.116955 task=0.002622 meta_query=0.00360384 meta_test=CX2_0.5C source_cv_mae=- best=2.2943@700 stale=9
2026-08-07 15:01:05,433 | INFO | fold=CS2_1C iter=900/1000 joint=0.184757 task=0.0706515 meta_query=0.0015358 meta_test=CX2_1C source_cv_mae=5.4208 best=2.2943@700 stale=10
2026-08-07 15:01:05,653 | INFO | fold=CS2_1C iter=910/1000 joint=0.117134 task=0.00909914 meta_query=0.00530151 meta_test=CS2_0.5C source_cv_mae=- best=2.2943@700 stale=10
2026-08-07 15:01:05,891 | INFO | fold=CS2_1C iter=920/1000 joint=0.112731 task=0.00558767 meta_query=0.0173819 meta_test=CX2_0.5C source_cv_mae=5.0308 best=2.2943@700 stale=11
2026-08-07 15:01:06,111 | INFO | fold=CS2_1C iter=930/1000 joint=0.113005 task=0.00572163 meta_query=0.000994303 meta_test=CX2_1C source_cv_mae=- best=2.2943@700 stale=11
2026-08-07 15:01:06,348 | INFO | fold=CS2_1C iter=940/1000 joint=0.126468 task=0.00309414 meta_query=0.000270761 meta_test=CS2_0.5C source_cv_mae=3.5376 best=2.2943@700 stale=12
2026-08-07 15:01:06,568 | INFO | fold=CS2_1C iter=950/1000 joint=0.143623 task=0.0029203 meta_query=0.003318 meta_test=CX2_0.5C source_cv_mae=- best=2.2943@700 stale=12
2026-08-07 15:01:06,807 | INFO | fold=CS2_1C iter=960/1000 joint=0.134604 task=0.00387668 meta_query=0.000245405 meta_test=CX2_1C source_cv_mae=4.0676 best=2.2943@700 stale=13
2026-08-07 15:01:07,027 | INFO | fold=CS2_1C iter=970/1000 joint=0.138505 task=0.00248836 meta_query=0.000200689 meta_test=CS2_0.5C source_cv_mae=- best=2.2943@700 stale=13
2026-08-07 15:01:07,268 | INFO | fold=CS2_1C iter=980/1000 joint=0.126401 task=0.00149563 meta_query=0.00151406 meta_test=CX2_0.5C source_cv_mae=3.5307 best=2.2943@700 stale=14
2026-08-07 15:01:07,487 | INFO | fold=CS2_1C iter=990/1000 joint=0.12173 task=0.00486101 meta_query=6.72926e-05 meta_test=CX2_1C source_cv_mae=- best=2.2943@700 stale=14
2026-08-07 15:01:07,745 | INFO | fold=CS2_1C iter=1000/1000 joint=0.11708 task=0.00458055 meta_query=0.0148762 meta_test=CS2_0.5C source_cv_mae=4.2214 best=2.2943@700 stale=15
2026-08-07 15:01:07,745 | INFO | Source-only early stopping at 1000; best 2.2943 cycles at 700
2026-08-07 15:01:07,969 | INFO | Completed fold=CS2_1C seed=42 target_MAE=15.615 target_RMSE=17.843
2026-08-07 15:01:07,973 | INFO | Starting fold=CX2_0.5C source_cells=10 target_cells=3 parameters={'total': 52094, 'trainable': 52094, 'domain_invariant': 24413, 'domain_specific': 24413, 'prediction_head': 2113}
2026-08-07 15:01:08,198 | INFO | fold=CX2_0.5C iter=10/1000 joint=0.25152 task=0.151491 meta_query=0.168255 meta_test=CS2_0.5C source_cv_mae=- best=inf@0 stale=0
2026-08-07 15:01:08,445 | INFO | fold=CX2_0.5C iter=20/1000 joint=0.189006 task=0.0974449 meta_query=0.0202217 meta_test=CS2_1C source_cv_mae=15.2250 best=15.2250@20 stale=0
2026-08-07 15:01:08,666 | INFO | fold=CX2_0.5C iter=30/1000 joint=0.135592 task=0.0492093 meta_query=0.0419176 meta_test=CX2_1C source_cv_mae=- best=15.2250@20 stale=0
2026-08-07 15:01:08,913 | INFO | fold=CX2_0.5C iter=40/1000 joint=0.110014 task=0.030576 meta_query=0.0351456 meta_test=CS2_0.5C source_cv_mae=5.8623 best=5.8623@40 stale=0
2026-08-07 15:01:09,133 | INFO | fold=CX2_0.5C iter=50/1000 joint=0.0836339 task=0.00577914 meta_query=0.00141016 meta_test=CS2_1C source_cv_mae=- best=5.8623@40 stale=0
2026-08-07 15:01:09,380 | INFO | fold=CX2_0.5C iter=60/1000 joint=0.0849559 task=0.011304 meta_query=0.0073031 meta_test=CX2_1C source_cv_mae=4.0317 best=4.0317@60 stale=0
2026-08-07 15:01:09,601 | INFO | fold=CX2_0.5C iter=70/1000 joint=0.0997653 task=0.0223631 meta_query=0.00646898 meta_test=CS2_0.5C source_cv_mae=- best=4.0317@60 stale=0
2026-08-07 15:01:09,849 | INFO | fold=CX2_0.5C iter=80/1000 joint=0.117449 task=0.0351308 meta_query=0.000582237 meta_test=CS2_1C source_cv_mae=2.7770 best=2.7770@80 stale=0
2026-08-07 15:01:10,072 | INFO | fold=CX2_0.5C iter=90/1000 joint=0.0983223 task=0.00512835 meta_query=0.00737019 meta_test=CX2_1C source_cv_mae=- best=2.7770@80 stale=0
2026-08-07 15:01:10,331 | INFO | fold=CX2_0.5C iter=100/1000 joint=0.118112 task=0.0132945 meta_query=0.0150512 meta_test=CS2_0.5C source_cv_mae=2.3113 best=2.3113@100 stale=0
2026-08-07 15:01:10,553 | INFO | fold=CX2_0.5C iter=110/1000 joint=0.143198 task=0.0271305 meta_query=0.0048851 meta_test=CS2_1C source_cv_mae=- best=2.3113@100 stale=0
2026-08-07 15:01:10,793 | INFO | fold=CX2_0.5C iter=120/1000 joint=0.139437 task=0.00774679 meta_query=0.00807943 meta_test=CX2_1C source_cv_mae=2.4237 best=2.3113@100 stale=1
2026-08-07 15:01:11,015 | INFO | fold=CX2_0.5C iter=130/1000 joint=0.208492 task=0.0133644 meta_query=0.0185503 meta_test=CS2_0.5C source_cv_mae=- best=2.3113@100 stale=1
2026-08-07 15:01:11,261 | INFO | fold=CX2_0.5C iter=140/1000 joint=0.322595 task=0.0110898 meta_query=0.00748972 meta_test=CS2_1C source_cv_mae=3.2327 best=2.3113@100 stale=2
2026-08-07 15:01:11,482 | INFO | fold=CX2_0.5C iter=150/1000 joint=0.259923 task=0.0222933 meta_query=0.0277144 meta_test=CX2_1C source_cv_mae=- best=2.3113@100 stale=2
2026-08-07 15:01:11,721 | INFO | fold=CX2_0.5C iter=160/1000 joint=0.164224 task=0.0130665 meta_query=0.00292187 meta_test=CS2_0.5C source_cv_mae=2.7532 best=2.3113@100 stale=3
2026-08-07 15:01:11,941 | INFO | fold=CX2_0.5C iter=170/1000 joint=0.128112 task=0.00581914 meta_query=0.00210213 meta_test=CS2_1C source_cv_mae=- best=2.3113@100 stale=3
2026-08-07 15:01:12,181 | INFO | fold=CX2_0.5C iter=180/1000 joint=0.131778 task=0.0145637 meta_query=0.0041215 meta_test=CX2_1C source_cv_mae=3.6662 best=2.3113@100 stale=4
2026-08-07 15:01:12,401 | INFO | fold=CX2_0.5C iter=190/1000 joint=0.128258 task=0.00958798 meta_query=0.0161954 meta_test=CS2_0.5C source_cv_mae=- best=2.3113@100 stale=4
2026-08-07 15:01:12,671 | INFO | fold=CX2_0.5C iter=200/1000 joint=0.141461 task=0.00979585 meta_query=0.00998311 meta_test=CS2_1C source_cv_mae=1.8701 best=1.8701@200 stale=0
2026-08-07 15:01:12,890 | INFO | fold=CX2_0.5C iter=210/1000 joint=0.157446 task=0.0149718 meta_query=0.00224527 meta_test=CX2_1C source_cv_mae=- best=1.8701@200 stale=0
2026-08-07 15:01:13,129 | INFO | fold=CX2_0.5C iter=220/1000 joint=0.155294 task=0.0182503 meta_query=0.0141726 meta_test=CS2_0.5C source_cv_mae=3.2973 best=1.8701@200 stale=1
2026-08-07 15:01:13,350 | INFO | fold=CX2_0.5C iter=230/1000 joint=0.14113 task=0.00559219 meta_query=0.000182869 meta_test=CS2_1C source_cv_mae=- best=1.8701@200 stale=1
2026-08-07 15:01:13,598 | INFO | fold=CX2_0.5C iter=240/1000 joint=0.136612 task=0.00977932 meta_query=0.00167788 meta_test=CX2_1C source_cv_mae=1.5333 best=1.5333@240 stale=0
2026-08-07 15:01:13,815 | INFO | fold=CX2_0.5C iter=250/1000 joint=0.158889 task=0.0447874 meta_query=0.00970813 meta_test=CS2_0.5C source_cv_mae=- best=1.5333@240 stale=0
2026-08-07 15:01:14,055 | INFO | fold=CX2_0.5C iter=260/1000 joint=0.120814 task=0.00812644 meta_query=0.00580095 meta_test=CS2_1C source_cv_mae=3.6911 best=1.5333@240 stale=1
2026-08-07 15:01:14,275 | INFO | fold=CX2_0.5C iter=270/1000 joint=0.131121 task=0.0106753 meta_query=0.00691903 meta_test=CX2_1C source_cv_mae=- best=1.5333@240 stale=1
2026-08-07 15:01:14,514 | INFO | fold=CX2_0.5C iter=280/1000 joint=0.125309 task=0.00666208 meta_query=0.00945478 meta_test=CS2_0.5C source_cv_mae=3.0495 best=1.5333@240 stale=2
2026-08-07 15:01:14,734 | INFO | fold=CX2_0.5C iter=290/1000 joint=0.12304 task=0.00850425 meta_query=0.00232498 meta_test=CS2_1C source_cv_mae=- best=1.5333@240 stale=2
2026-08-07 15:01:14,984 | INFO | fold=CX2_0.5C iter=300/1000 joint=0.11912 task=0.00437348 meta_query=0.00365169 meta_test=CX2_1C source_cv_mae=1.5438 best=1.5333@240 stale=3
2026-08-07 15:01:15,205 | INFO | fold=CX2_0.5C iter=310/1000 joint=0.119961 task=0.00355521 meta_query=0.00511195 meta_test=CS2_0.5C source_cv_mae=- best=1.5333@240 stale=3
2026-08-07 15:01:15,444 | INFO | fold=CX2_0.5C iter=320/1000 joint=0.131198 task=0.0148536 meta_query=0.00107056 meta_test=CS2_1C source_cv_mae=2.9910 best=1.5333@240 stale=4
2026-08-07 15:01:15,666 | INFO | fold=CX2_0.5C iter=330/1000 joint=0.123472 task=0.00963854 meta_query=0.00357705 meta_test=CX2_1C source_cv_mae=- best=1.5333@240 stale=4
2026-08-07 15:01:15,905 | INFO | fold=CX2_0.5C iter=340/1000 joint=0.117728 task=0.0040559 meta_query=0.00486141 meta_test=CS2_0.5C source_cv_mae=2.0760 best=1.5333@240 stale=5
2026-08-07 15:01:16,126 | INFO | fold=CX2_0.5C iter=350/1000 joint=0.116246 task=0.0073081 meta_query=0.000803768 meta_test=CS2_1C source_cv_mae=- best=1.5333@240 stale=5
2026-08-07 15:01:16,373 | INFO | fold=CX2_0.5C iter=360/1000 joint=0.130789 task=0.0169247 meta_query=0.00389754 meta_test=CX2_1C source_cv_mae=1.1072 best=1.1072@360 stale=0
2026-08-07 15:01:16,594 | INFO | fold=CX2_0.5C iter=370/1000 joint=0.116823 task=0.00583812 meta_query=0.0091213 meta_test=CS2_0.5C source_cv_mae=- best=1.1072@360 stale=0
2026-08-07 15:01:16,834 | INFO | fold=CX2_0.5C iter=380/1000 joint=0.116405 task=0.00379832 meta_query=0.0029561 meta_test=CS2_1C source_cv_mae=1.6360 best=1.1072@360 stale=1
2026-08-07 15:01:17,054 | INFO | fold=CX2_0.5C iter=390/1000 joint=0.128637 task=0.00941285 meta_query=0.00243556 meta_test=CX2_1C source_cv_mae=- best=1.1072@360 stale=1
2026-08-07 15:01:17,306 | INFO | fold=CX2_0.5C iter=400/1000 joint=0.125452 task=0.00650036 meta_query=0.0752865 meta_test=CS2_0.5C source_cv_mae=3.7011 best=1.1072@360 stale=2
2026-08-07 15:01:17,526 | INFO | fold=CX2_0.5C iter=410/1000 joint=0.129476 task=0.0100137 meta_query=0.00511397 meta_test=CS2_1C source_cv_mae=- best=1.1072@360 stale=2
2026-08-07 15:01:17,767 | INFO | fold=CX2_0.5C iter=420/1000 joint=0.127914 task=0.00337472 meta_query=0.00136339 meta_test=CX2_1C source_cv_mae=2.1255 best=1.1072@360 stale=3
2026-08-07 15:01:17,990 | INFO | fold=CX2_0.5C iter=430/1000 joint=0.136419 task=0.00620363 meta_query=0.0277037 meta_test=CS2_0.5C source_cv_mae=- best=1.1072@360 stale=3
2026-08-07 15:01:18,231 | INFO | fold=CX2_0.5C iter=440/1000 joint=0.141065 task=0.00545428 meta_query=0.00112325 meta_test=CS2_1C source_cv_mae=2.1593 best=1.1072@360 stale=4
2026-08-07 15:01:18,453 | INFO | fold=CX2_0.5C iter=450/1000 joint=0.134219 task=0.00683732 meta_query=0.0067266 meta_test=CX2_1C source_cv_mae=- best=1.1072@360 stale=4
2026-08-07 15:01:18,703 | INFO | fold=CX2_0.5C iter=460/1000 joint=0.119072 task=0.00667683 meta_query=0.00416225 meta_test=CS2_0.5C source_cv_mae=1.2938 best=1.1072@360 stale=5
2026-08-07 15:01:18,924 | INFO | fold=CX2_0.5C iter=470/1000 joint=0.113706 task=0.00409435 meta_query=0.0102319 meta_test=CS2_1C source_cv_mae=- best=1.1072@360 stale=5
2026-08-07 15:01:19,164 | INFO | fold=CX2_0.5C iter=480/1000 joint=0.114396 task=0.00266106 meta_query=0.0069134 meta_test=CX2_1C source_cv_mae=1.9994 best=1.1072@360 stale=6
2026-08-07 15:01:19,385 | INFO | fold=CX2_0.5C iter=490/1000 joint=0.113505 task=0.00572174 meta_query=0.00604179 meta_test=CS2_0.5C source_cv_mae=- best=1.1072@360 stale=6
2026-08-07 15:01:19,638 | INFO | fold=CX2_0.5C iter=500/1000 joint=0.105701 task=0.00260791 meta_query=0.00146236 meta_test=CS2_1C source_cv_mae=2.0391 best=1.1072@360 stale=7
2026-08-07 15:01:19,859 | INFO | fold=CX2_0.5C iter=510/1000 joint=0.107353 task=0.00382149 meta_query=0.00532808 meta_test=CX2_1C source_cv_mae=- best=1.1072@360 stale=7
2026-08-07 15:01:20,098 | INFO | fold=CX2_0.5C iter=520/1000 joint=0.113814 task=0.00597824 meta_query=0.0246923 meta_test=CS2_0.5C source_cv_mae=2.1764 best=1.1072@360 stale=8
2026-08-07 15:01:20,319 | INFO | fold=CX2_0.5C iter=530/1000 joint=0.113464 task=0.00431421 meta_query=0.00211764 meta_test=CS2_1C source_cv_mae=- best=1.1072@360 stale=8
2026-08-07 15:01:20,558 | INFO | fold=CX2_0.5C iter=540/1000 joint=0.115371 task=0.00393744 meta_query=0.00234169 meta_test=CX2_1C source_cv_mae=1.3580 best=1.1072@360 stale=9
2026-08-07 15:01:20,778 | INFO | fold=CX2_0.5C iter=550/1000 joint=0.126394 task=0.00556462 meta_query=0.00914011 meta_test=CS2_0.5C source_cv_mae=- best=1.1072@360 stale=9
2026-08-07 15:01:21,018 | INFO | fold=CX2_0.5C iter=560/1000 joint=0.125968 task=0.00330783 meta_query=0.000906417 meta_test=CS2_1C source_cv_mae=1.4794 best=1.1072@360 stale=10
2026-08-07 15:01:21,238 | INFO | fold=CX2_0.5C iter=570/1000 joint=0.118626 task=0.00532871 meta_query=0.00256202 meta_test=CX2_1C source_cv_mae=- best=1.1072@360 stale=10
2026-08-07 15:01:21,478 | INFO | fold=CX2_0.5C iter=580/1000 joint=0.105131 task=0.00686192 meta_query=0.00157132 meta_test=CS2_0.5C source_cv_mae=2.9365 best=1.1072@360 stale=11
2026-08-07 15:01:21,698 | INFO | fold=CX2_0.5C iter=590/1000 joint=0.101082 task=0.00897577 meta_query=0.00384759 meta_test=CS2_1C source_cv_mae=- best=1.1072@360 stale=11
2026-08-07 15:01:21,966 | INFO | fold=CX2_0.5C iter=600/1000 joint=0.120259 task=0.00464327 meta_query=0.00133331 meta_test=CX2_1C source_cv_mae=1.0314 best=1.0314@600 stale=0
2026-08-07 15:01:22,188 | INFO | fold=CX2_0.5C iter=610/1000 joint=0.127594 task=0.00514553 meta_query=0.0317143 meta_test=CS2_0.5C source_cv_mae=- best=1.0314@600 stale=0
2026-08-07 15:01:22,428 | INFO | fold=CX2_0.5C iter=620/1000 joint=0.142107 task=0.00582673 meta_query=0.00324783 meta_test=CS2_1C source_cv_mae=1.2433 best=1.0314@600 stale=1
2026-08-07 15:01:22,647 | INFO | fold=CX2_0.5C iter=630/1000 joint=0.136423 task=0.00317041 meta_query=0.00346936 meta_test=CX2_1C source_cv_mae=- best=1.0314@600 stale=1
2026-08-07 15:01:22,893 | INFO | fold=CX2_0.5C iter=640/1000 joint=0.127832 task=0.00601906 meta_query=0.00151372 meta_test=CS2_0.5C source_cv_mae=2.3573 best=1.0314@600 stale=2
2026-08-07 15:01:23,115 | INFO | fold=CX2_0.5C iter=650/1000 joint=0.114243 task=0.00511043 meta_query=0.00115259 meta_test=CS2_1C source_cv_mae=- best=1.0314@600 stale=2
2026-08-07 15:01:23,354 | INFO | fold=CX2_0.5C iter=660/1000 joint=0.107793 task=0.00782725 meta_query=0.000431186 meta_test=CX2_1C source_cv_mae=2.7911 best=1.0314@600 stale=3
2026-08-07 15:01:23,574 | INFO | fold=CX2_0.5C iter=670/1000 joint=0.106206 task=0.00233052 meta_query=0.00551445 meta_test=CS2_0.5C source_cv_mae=- best=1.0314@600 stale=3
2026-08-07 15:01:23,814 | INFO | fold=CX2_0.5C iter=680/1000 joint=0.11398 task=0.00293594 meta_query=0.00216078 meta_test=CS2_1C source_cv_mae=1.1948 best=1.0314@600 stale=4
2026-08-07 15:01:24,035 | INFO | fold=CX2_0.5C iter=690/1000 joint=0.116259 task=0.00424518 meta_query=0.0024315 meta_test=CX2_1C source_cv_mae=- best=1.0314@600 stale=4
2026-08-07 15:01:24,292 | INFO | fold=CX2_0.5C iter=700/1000 joint=0.118244 task=0.00612509 meta_query=0.00823125 meta_test=CS2_0.5C source_cv_mae=2.2617 best=1.0314@600 stale=5
2026-08-07 15:01:24,513 | INFO | fold=CX2_0.5C iter=710/1000 joint=0.114756 task=0.0035046 meta_query=0.00433531 meta_test=CS2_1C source_cv_mae=- best=1.0314@600 stale=5
2026-08-07 15:01:24,751 | INFO | fold=CX2_0.5C iter=720/1000 joint=0.12051 task=0.00772748 meta_query=0.00604524 meta_test=CX2_1C source_cv_mae=1.5463 best=1.0314@600 stale=6
2026-08-07 15:01:24,972 | INFO | fold=CX2_0.5C iter=730/1000 joint=0.117447 task=0.00375461 meta_query=0.0218511 meta_test=CS2_0.5C source_cv_mae=- best=1.0314@600 stale=6
2026-08-07 15:01:25,210 | INFO | fold=CX2_0.5C iter=740/1000 joint=0.120019 task=0.00443209 meta_query=0.00199388 meta_test=CS2_1C source_cv_mae=1.5249 best=1.0314@600 stale=7
2026-08-07 15:01:25,431 | INFO | fold=CX2_0.5C iter=750/1000 joint=0.117256 task=0.00279883 meta_query=0.00260135 meta_test=CX2_1C source_cv_mae=- best=1.0314@600 stale=7
2026-08-07 15:01:25,670 | INFO | fold=CX2_0.5C iter=760/1000 joint=0.120055 task=0.00796461 meta_query=0.00496062 meta_test=CS2_0.5C source_cv_mae=1.8618 best=1.0314@600 stale=8
2026-08-07 15:01:25,891 | INFO | fold=CX2_0.5C iter=770/1000 joint=0.113924 task=0.00318199 meta_query=0.00184875 meta_test=CS2_1C source_cv_mae=- best=1.0314@600 stale=8
2026-08-07 15:01:26,131 | INFO | fold=CX2_0.5C iter=780/1000 joint=0.114077 task=0.00382799 meta_query=0.00415793 meta_test=CX2_1C source_cv_mae=1.9203 best=1.0314@600 stale=9
2026-08-07 15:01:26,352 | INFO | fold=CX2_0.5C iter=790/1000 joint=0.109101 task=0.00100809 meta_query=0.00294389 meta_test=CS2_0.5C source_cv_mae=- best=1.0314@600 stale=9
2026-08-07 15:01:26,616 | INFO | fold=CX2_0.5C iter=800/1000 joint=0.111971 task=0.00384211 meta_query=0.00313081 meta_test=CS2_1C source_cv_mae=1.7808 best=1.0314@600 stale=10
2026-08-07 15:01:26,836 | INFO | fold=CX2_0.5C iter=810/1000 joint=0.116024 task=0.00633723 meta_query=0.00402728 meta_test=CX2_1C source_cv_mae=- best=1.0314@600 stale=10
2026-08-07 15:01:27,076 | INFO | fold=CX2_0.5C iter=820/1000 joint=0.117304 task=0.00455661 meta_query=0.00563355 meta_test=CS2_0.5C source_cv_mae=2.0494 best=1.0314@600 stale=11
2026-08-07 15:01:27,295 | INFO | fold=CX2_0.5C iter=830/1000 joint=0.121607 task=0.00577064 meta_query=0.0112132 meta_test=CS2_1C source_cv_mae=- best=1.0314@600 stale=11
2026-08-07 15:01:27,534 | INFO | fold=CX2_0.5C iter=840/1000 joint=0.115145 task=0.000837078 meta_query=0.00413465 meta_test=CX2_1C source_cv_mae=1.6890 best=1.0314@600 stale=12
2026-08-07 15:01:27,755 | INFO | fold=CX2_0.5C iter=850/1000 joint=0.111687 task=0.00317267 meta_query=0.00808658 meta_test=CS2_0.5C source_cv_mae=- best=1.0314@600 stale=12
2026-08-07 15:01:27,996 | INFO | fold=CX2_0.5C iter=860/1000 joint=0.1081 task=0.00403933 meta_query=0.00141055 meta_test=CS2_1C source_cv_mae=1.8285 best=1.0314@600 stale=13
2026-08-07 15:01:28,215 | INFO | fold=CX2_0.5C iter=870/1000 joint=0.0992451 task=0.001024 meta_query=0.000411255 meta_test=CX2_1C source_cv_mae=- best=1.0314@600 stale=13
2026-08-07 15:01:28,467 | INFO | fold=CX2_0.5C iter=880/1000 joint=0.109589 task=0.00455174 meta_query=0.0032991 meta_test=CS2_0.5C source_cv_mae=0.7334 best=0.7334@880 stale=0
2026-08-07 15:01:28,688 | INFO | fold=CX2_0.5C iter=890/1000 joint=0.119067 task=0.00683244 meta_query=0.00119466 meta_test=CS2_1C source_cv_mae=- best=0.7334@880 stale=0
2026-08-07 15:01:28,945 | INFO | fold=CX2_0.5C iter=900/1000 joint=0.121661 task=0.00332721 meta_query=0.00112167 meta_test=CX2_1C source_cv_mae=1.0902 best=0.7334@880 stale=1
2026-08-07 15:01:29,166 | INFO | fold=CX2_0.5C iter=910/1000 joint=0.131114 task=0.00738412 meta_query=0.00488206 meta_test=CS2_0.5C source_cv_mae=- best=0.7334@880 stale=1
2026-08-07 15:01:29,406 | INFO | fold=CX2_0.5C iter=920/1000 joint=0.126466 task=0.00540437 meta_query=0.00177904 meta_test=CS2_1C source_cv_mae=1.6626 best=0.7334@880 stale=2
2026-08-07 15:01:29,627 | INFO | fold=CX2_0.5C iter=930/1000 joint=0.121913 task=0.0103916 meta_query=0.00495413 meta_test=CX2_1C source_cv_mae=- best=0.7334@880 stale=2
2026-08-07 15:01:29,867 | INFO | fold=CX2_0.5C iter=940/1000 joint=0.112488 task=0.00671988 meta_query=0.00224048 meta_test=CS2_0.5C source_cv_mae=2.0060 best=0.7334@880 stale=3
2026-08-07 15:01:30,089 | INFO | fold=CX2_0.5C iter=950/1000 joint=0.112568 task=0.00409146 meta_query=0.00440721 meta_test=CS2_1C source_cv_mae=- best=0.7334@880 stale=3
2026-08-07 15:01:30,331 | INFO | fold=CX2_0.5C iter=960/1000 joint=0.115995 task=0.00524306 meta_query=0.00570136 meta_test=CX2_1C source_cv_mae=1.4620 best=0.7334@880 stale=4
2026-08-07 15:01:30,553 | INFO | fold=CX2_0.5C iter=970/1000 joint=0.117553 task=0.00380395 meta_query=0.00593922 meta_test=CS2_0.5C source_cv_mae=- best=0.7334@880 stale=4
2026-08-07 15:01:30,793 | INFO | fold=CX2_0.5C iter=980/1000 joint=0.118099 task=0.00227741 meta_query=0.00273365 meta_test=CS2_1C source_cv_mae=1.6746 best=0.7334@880 stale=5
2026-08-07 15:01:31,013 | INFO | fold=CX2_0.5C iter=990/1000 joint=0.113937 task=0.0022304 meta_query=0.000845814 meta_test=CX2_1C source_cv_mae=- best=0.7334@880 stale=5
2026-08-07 15:01:31,275 | INFO | fold=CX2_0.5C iter=1000/1000 joint=0.114493 task=0.00276322 meta_query=0.0196814 meta_test=CS2_0.5C source_cv_mae=2.0837 best=0.7334@880 stale=6
2026-08-07 15:01:31,494 | INFO | Completed fold=CX2_0.5C seed=42 target_MAE=211.492 target_RMSE=249.378
2026-08-07 15:01:31,498 | INFO | Starting fold=CX2_1C source_cells=9 target_cells=4 parameters={'total': 52094, 'trainable': 52094, 'domain_invariant': 24413, 'domain_specific': 24413, 'prediction_head': 2113}
2026-08-07 15:01:31,719 | INFO | fold=CX2_1C iter=10/1000 joint=0.339941 task=0.242315 meta_query=0.114736 meta_test=CS2_0.5C source_cv_mae=- best=inf@0 stale=0
2026-08-07 15:01:31,966 | INFO | fold=CX2_1C iter=20/1000 joint=0.217941 task=0.130286 meta_query=0.00791326 meta_test=CS2_1C source_cv_mae=22.0682 best=22.0682@20 stale=0
2026-08-07 15:01:32,187 | INFO | fold=CX2_1C iter=30/1000 joint=0.18179 task=0.101176 meta_query=0.00288865 meta_test=CX2_0.5C source_cv_mae=- best=22.0682@20 stale=0
2026-08-07 15:01:32,435 | INFO | fold=CX2_1C iter=40/1000 joint=0.0861867 task=0.0107269 meta_query=0.00961033 meta_test=CS2_0.5C source_cv_mae=9.5993 best=9.5993@40 stale=0
2026-08-07 15:01:32,657 | INFO | fold=CX2_1C iter=50/1000 joint=0.088325 task=0.00904178 meta_query=0.00690515 meta_test=CS2_1C source_cv_mae=- best=9.5993@40 stale=0
2026-08-07 15:01:32,905 | INFO | fold=CX2_1C iter=60/1000 joint=0.0911013 task=0.00786454 meta_query=0.00853955 meta_test=CX2_0.5C source_cv_mae=6.1063 best=6.1063@60 stale=0
2026-08-07 15:01:33,125 | INFO | fold=CX2_1C iter=70/1000 joint=0.0964115 task=0.00234772 meta_query=0.00227878 meta_test=CS2_0.5C source_cv_mae=- best=6.1063@60 stale=0
2026-08-07 15:01:33,366 | INFO | fold=CX2_1C iter=80/1000 joint=0.112009 task=0.00968035 meta_query=0.0023553 meta_test=CS2_1C source_cv_mae=6.2990 best=6.1063@60 stale=1
2026-08-07 15:01:33,587 | INFO | fold=CX2_1C iter=90/1000 joint=0.113831 task=0.0113492 meta_query=0.0975918 meta_test=CX2_0.5C source_cv_mae=- best=6.1063@60 stale=1
2026-08-07 15:01:33,843 | INFO | fold=CX2_1C iter=100/1000 joint=0.101382 task=0.00470947 meta_query=0.0118728 meta_test=CS2_0.5C source_cv_mae=5.7717 best=5.7717@100 stale=0
2026-08-07 15:01:34,064 | INFO | fold=CX2_1C iter=110/1000 joint=0.101556 task=0.00625695 meta_query=0.00108315 meta_test=CS2_1C source_cv_mae=- best=5.7717@100 stale=0
2026-08-07 15:01:34,304 | INFO | fold=CX2_1C iter=120/1000 joint=0.116121 task=0.00768929 meta_query=0.00905452 meta_test=CX2_0.5C source_cv_mae=7.6247 best=5.7717@100 stale=1
2026-08-07 15:01:34,526 | INFO | fold=CX2_1C iter=130/1000 joint=0.137265 task=0.00538486 meta_query=0.00103677 meta_test=CS2_0.5C source_cv_mae=- best=5.7717@100 stale=1
2026-08-07 15:01:34,766 | INFO | fold=CX2_1C iter=140/1000 joint=0.155944 task=0.0122243 meta_query=0.00186216 meta_test=CS2_1C source_cv_mae=5.8272 best=5.7717@100 stale=2
2026-08-07 15:01:34,986 | INFO | fold=CX2_1C iter=150/1000 joint=0.166679 task=0.0101566 meta_query=0.0176956 meta_test=CX2_0.5C source_cv_mae=- best=5.7717@100 stale=2
2026-08-07 15:01:35,227 | INFO | fold=CX2_1C iter=160/1000 joint=0.16671 task=0.0118039 meta_query=0.0111306 meta_test=CS2_0.5C source_cv_mae=9.1613 best=5.7717@100 stale=3
2026-08-07 15:01:35,455 | INFO | fold=CX2_1C iter=170/1000 joint=0.153511 task=0.0104836 meta_query=0.00176098 meta_test=CS2_1C source_cv_mae=- best=5.7717@100 stale=3
2026-08-07 15:01:35,694 | INFO | fold=CX2_1C iter=180/1000 joint=0.131384 task=0.00578009 meta_query=0.000944406 meta_test=CX2_0.5C source_cv_mae=6.1441 best=5.7717@100 stale=4
2026-08-07 15:01:35,915 | INFO | fold=CX2_1C iter=190/1000 joint=0.125707 task=0.00855334 meta_query=0.00102854 meta_test=CS2_0.5C source_cv_mae=- best=5.7717@100 stale=4
2026-08-07 15:01:36,164 | INFO | fold=CX2_1C iter=200/1000 joint=0.117188 task=0.00887258 meta_query=0.00224393 meta_test=CS2_1C source_cv_mae=7.4052 best=5.7717@100 stale=5
2026-08-07 15:01:36,386 | INFO | fold=CX2_1C iter=210/1000 joint=0.118324 task=0.00398874 meta_query=0.00451683 meta_test=CX2_0.5C source_cv_mae=- best=5.7717@100 stale=5
2026-08-07 15:01:36,624 | INFO | fold=CX2_1C iter=220/1000 joint=0.144814 task=0.00474548 meta_query=0.00125328 meta_test=CS2_0.5C source_cv_mae=6.5051 best=5.7717@100 stale=6
2026-08-07 15:01:36,844 | INFO | fold=CX2_1C iter=230/1000 joint=0.155099 task=0.00533002 meta_query=0.00443055 meta_test=CS2_1C source_cv_mae=- best=5.7717@100 stale=6
2026-08-07 15:01:37,084 | INFO | fold=CX2_1C iter=240/1000 joint=0.145345 task=0.010327 meta_query=0.0279142 meta_test=CX2_0.5C source_cv_mae=10.5193 best=5.7717@100 stale=7
2026-08-07 15:01:37,304 | INFO | fold=CX2_1C iter=250/1000 joint=0.124407 task=0.00377614 meta_query=0.0044575 meta_test=CS2_0.5C source_cv_mae=- best=5.7717@100 stale=7
2026-08-07 15:01:37,544 | INFO | fold=CX2_1C iter=260/1000 joint=0.114945 task=0.00514081 meta_query=0.000911288 meta_test=CS2_1C source_cv_mae=9.4414 best=5.7717@100 stale=8
2026-08-07 15:01:37,764 | INFO | fold=CX2_1C iter=270/1000 joint=0.104999 task=0.00615645 meta_query=0.0203236 meta_test=CX2_0.5C source_cv_mae=- best=5.7717@100 stale=8
2026-08-07 15:01:38,004 | INFO | fold=CX2_1C iter=280/1000 joint=0.108861 task=0.00364078 meta_query=0.000361162 meta_test=CS2_0.5C source_cv_mae=5.8558 best=5.7717@100 stale=9
2026-08-07 15:01:38,224 | INFO | fold=CX2_1C iter=290/1000 joint=0.117651 task=0.00357696 meta_query=0.00263875 meta_test=CS2_1C source_cv_mae=- best=5.7717@100 stale=9
2026-08-07 15:01:38,483 | INFO | fold=CX2_1C iter=300/1000 joint=0.121741 task=0.0016344 meta_query=0.0189815 meta_test=CX2_0.5C source_cv_mae=5.2308 best=5.2308@300 stale=0
2026-08-07 15:01:38,702 | INFO | fold=CX2_1C iter=310/1000 joint=0.130331 task=0.00293823 meta_query=0.00363871 meta_test=CS2_0.5C source_cv_mae=- best=5.2308@300 stale=0
2026-08-07 15:01:38,942 | INFO | fold=CX2_1C iter=320/1000 joint=0.116353 task=0.00411189 meta_query=0.00295841 meta_test=CS2_1C source_cv_mae=6.0807 best=5.2308@300 stale=1
2026-08-07 15:01:39,162 | INFO | fold=CX2_1C iter=330/1000 joint=0.103284 task=0.00207945 meta_query=0.00462123 meta_test=CX2_0.5C source_cv_mae=- best=5.2308@300 stale=1
2026-08-07 15:01:39,402 | INFO | fold=CX2_1C iter=340/1000 joint=0.145565 task=0.00357797 meta_query=0.00604175 meta_test=CS2_0.5C source_cv_mae=9.3466 best=5.2308@300 stale=2
2026-08-07 15:01:39,622 | INFO | fold=CX2_1C iter=350/1000 joint=0.161538 task=0.00275178 meta_query=0.00110963 meta_test=CS2_1C source_cv_mae=- best=5.2308@300 stale=2
2026-08-07 15:01:39,870 | INFO | fold=CX2_1C iter=360/1000 joint=0.148121 task=0.00315372 meta_query=0.00276118 meta_test=CX2_0.5C source_cv_mae=4.1562 best=4.1562@360 stale=0
2026-08-07 15:01:40,091 | INFO | fold=CX2_1C iter=370/1000 joint=0.125412 task=0.00249039 meta_query=0.00429876 meta_test=CS2_0.5C source_cv_mae=- best=4.1562@360 stale=0
2026-08-07 15:01:40,330 | INFO | fold=CX2_1C iter=380/1000 joint=0.113973 task=0.00623939 meta_query=0.000984192 meta_test=CS2_1C source_cv_mae=4.5232 best=4.1562@360 stale=1
2026-08-07 15:01:40,552 | INFO | fold=CX2_1C iter=390/1000 joint=0.103087 task=0.00417211 meta_query=0.000125579 meta_test=CX2_0.5C source_cv_mae=- best=4.1562@360 stale=1
2026-08-07 15:01:40,803 | INFO | fold=CX2_1C iter=400/1000 joint=0.0979881 task=0.00678783 meta_query=0.00662651 meta_test=CS2_0.5C source_cv_mae=6.1334 best=4.1562@360 stale=2
2026-08-07 15:01:41,024 | INFO | fold=CX2_1C iter=410/1000 joint=0.0865391 task=0.00333369 meta_query=0.000454459 meta_test=CS2_1C source_cv_mae=- best=4.1562@360 stale=2
2026-08-07 15:01:41,263 | INFO | fold=CX2_1C iter=420/1000 joint=0.0876453 task=0.00515478 meta_query=0.0235008 meta_test=CX2_0.5C source_cv_mae=5.0248 best=4.1562@360 stale=3
2026-08-07 15:01:41,483 | INFO | fold=CX2_1C iter=430/1000 joint=0.0998304 task=0.00305421 meta_query=0.00891775 meta_test=CS2_0.5C source_cv_mae=- best=4.1562@360 stale=3
2026-08-07 15:01:41,723 | INFO | fold=CX2_1C iter=440/1000 joint=0.21116 task=0.00508871 meta_query=0.000899531 meta_test=CS2_1C source_cv_mae=7.6582 best=4.1562@360 stale=4
2026-08-07 15:01:41,943 | INFO | fold=CX2_1C iter=450/1000 joint=0.199483 task=0.0045667 meta_query=0.0101675 meta_test=CX2_0.5C source_cv_mae=- best=4.1562@360 stale=4
2026-08-07 15:01:42,192 | INFO | fold=CX2_1C iter=460/1000 joint=0.163967 task=0.0023552 meta_query=0.00124088 meta_test=CS2_0.5C source_cv_mae=3.9842 best=3.9842@460 stale=0
2026-08-07 15:01:42,412 | INFO | fold=CX2_1C iter=470/1000 joint=0.139749 task=0.0031343 meta_query=0.000962985 meta_test=CS2_1C source_cv_mae=- best=3.9842@460 stale=0
2026-08-07 15:01:42,652 | INFO | fold=CX2_1C iter=480/1000 joint=0.123317 task=0.00392125 meta_query=0.00113022 meta_test=CX2_0.5C source_cv_mae=4.3559 best=3.9842@460 stale=1
2026-08-07 15:01:42,872 | INFO | fold=CX2_1C iter=490/1000 joint=0.118109 task=0.00644884 meta_query=0.0011947 meta_test=CS2_0.5C source_cv_mae=- best=3.9842@460 stale=1
2026-08-07 15:01:43,133 | INFO | fold=CX2_1C iter=500/1000 joint=0.111015 task=0.00445218 meta_query=0.00306118 meta_test=CS2_1C source_cv_mae=2.9843 best=2.9843@500 stale=0
2026-08-07 15:01:43,354 | INFO | fold=CX2_1C iter=510/1000 joint=0.11664 task=0.00274716 meta_query=0.00849075 meta_test=CX2_0.5C source_cv_mae=- best=2.9843@500 stale=0
2026-08-07 15:01:43,594 | INFO | fold=CX2_1C iter=520/1000 joint=0.117915 task=0.00506312 meta_query=0.00345418 meta_test=CS2_0.5C source_cv_mae=4.6384 best=2.9843@500 stale=1
2026-08-07 15:01:43,814 | INFO | fold=CX2_1C iter=530/1000 joint=0.122199 task=0.00683836 meta_query=0.000794744 meta_test=CS2_1C source_cv_mae=- best=2.9843@500 stale=1
2026-08-07 15:01:44,054 | INFO | fold=CX2_1C iter=540/1000 joint=0.118387 task=0.00475804 meta_query=0.0107777 meta_test=CX2_0.5C source_cv_mae=4.0138 best=2.9843@500 stale=2
2026-08-07 15:01:44,274 | INFO | fold=CX2_1C iter=550/1000 joint=0.117441 task=0.00603813 meta_query=0.00684084 meta_test=CS2_0.5C source_cv_mae=- best=2.9843@500 stale=2
2026-08-07 15:01:44,513 | INFO | fold=CX2_1C iter=560/1000 joint=0.105056 task=0.00133074 meta_query=0.000313344 meta_test=CS2_1C source_cv_mae=5.1049 best=2.9843@500 stale=3
2026-08-07 15:01:44,734 | INFO | fold=CX2_1C iter=570/1000 joint=0.104786 task=0.0020433 meta_query=0.000847041 meta_test=CX2_0.5C source_cv_mae=- best=2.9843@500 stale=3
2026-08-07 15:01:44,973 | INFO | fold=CX2_1C iter=580/1000 joint=0.0985124 task=0.00252755 meta_query=0.0024727 meta_test=CS2_0.5C source_cv_mae=5.0496 best=2.9843@500 stale=4
2026-08-07 15:01:45,194 | INFO | fold=CX2_1C iter=590/1000 joint=0.101557 task=0.0051196 meta_query=0.000924115 meta_test=CS2_1C source_cv_mae=- best=2.9843@500 stale=4
2026-08-07 15:01:45,448 | INFO | fold=CX2_1C iter=600/1000 joint=0.104124 task=0.00566165 meta_query=0.00457994 meta_test=CX2_0.5C source_cv_mae=7.1096 best=2.9843@500 stale=5
2026-08-07 15:01:45,669 | INFO | fold=CX2_1C iter=610/1000 joint=0.125846 task=0.0103342 meta_query=0.0197369 meta_test=CS2_0.5C source_cv_mae=- best=2.9843@500 stale=5
2026-08-07 15:01:45,908 | INFO | fold=CX2_1C iter=620/1000 joint=0.126325 task=0.00333607 meta_query=0.00194527 meta_test=CS2_1C source_cv_mae=6.1871 best=2.9843@500 stale=6
2026-08-07 15:01:46,128 | INFO | fold=CX2_1C iter=630/1000 joint=0.129855 task=0.00489525 meta_query=0.00147773 meta_test=CX2_0.5C source_cv_mae=- best=2.9843@500 stale=6
2026-08-07 15:01:46,368 | INFO | fold=CX2_1C iter=640/1000 joint=0.128157 task=0.00272162 meta_query=0.000862958 meta_test=CS2_0.5C source_cv_mae=3.3885 best=2.9843@500 stale=7
2026-08-07 15:01:46,588 | INFO | fold=CX2_1C iter=650/1000 joint=0.13107 task=0.0173992 meta_query=0.000494104 meta_test=CS2_1C source_cv_mae=- best=2.9843@500 stale=7
2026-08-07 15:01:46,828 | INFO | fold=CX2_1C iter=660/1000 joint=0.124279 task=0.0118033 meta_query=0.0151965 meta_test=CX2_0.5C source_cv_mae=7.7063 best=2.9843@500 stale=8
2026-08-07 15:01:47,048 | INFO | fold=CX2_1C iter=670/1000 joint=0.116469 task=0.00280403 meta_query=0.00450005 meta_test=CS2_0.5C source_cv_mae=- best=2.9843@500 stale=8
2026-08-07 15:01:47,288 | INFO | fold=CX2_1C iter=680/1000 joint=0.118938 task=0.00572121 meta_query=0.00130605 meta_test=CS2_1C source_cv_mae=5.8872 best=2.9843@500 stale=9
2026-08-07 15:01:47,508 | INFO | fold=CX2_1C iter=690/1000 joint=0.114379 task=0.00236818 meta_query=0.000907251 meta_test=CX2_0.5C source_cv_mae=- best=2.9843@500 stale=9
2026-08-07 15:01:47,763 | INFO | fold=CX2_1C iter=700/1000 joint=0.119753 task=0.00474675 meta_query=0.00690806 meta_test=CS2_0.5C source_cv_mae=7.6351 best=2.9843@500 stale=10
2026-08-07 15:01:47,984 | INFO | fold=CX2_1C iter=710/1000 joint=0.103441 task=0.00227905 meta_query=0.00379302 meta_test=CS2_1C source_cv_mae=- best=2.9843@500 stale=10
2026-08-07 15:01:48,224 | INFO | fold=CX2_1C iter=720/1000 joint=0.106813 task=0.00321648 meta_query=0.0111576 meta_test=CX2_0.5C source_cv_mae=7.2984 best=2.9843@500 stale=11
2026-08-07 15:01:48,444 | INFO | fold=CX2_1C iter=730/1000 joint=0.116442 task=0.00294177 meta_query=0.00517472 meta_test=CS2_0.5C source_cv_mae=- best=2.9843@500 stale=11
2026-08-07 15:01:48,683 | INFO | fold=CX2_1C iter=740/1000 joint=0.139279 task=0.002351 meta_query=0.000496099 meta_test=CS2_1C source_cv_mae=8.1886 best=2.9843@500 stale=12
2026-08-07 15:01:48,904 | INFO | fold=CX2_1C iter=750/1000 joint=0.160962 task=0.00309138 meta_query=0.0124123 meta_test=CX2_0.5C source_cv_mae=- best=2.9843@500 stale=12
2026-08-07 15:01:49,143 | INFO | fold=CX2_1C iter=760/1000 joint=0.141388 task=0.00591661 meta_query=0.00385498 meta_test=CS2_0.5C source_cv_mae=8.7670 best=2.9843@500 stale=13
2026-08-07 15:01:49,364 | INFO | fold=CX2_1C iter=770/1000 joint=0.143615 task=0.00311581 meta_query=0.0013189 meta_test=CS2_1C source_cv_mae=- best=2.9843@500 stale=13
2026-08-07 15:01:49,602 | INFO | fold=CX2_1C iter=780/1000 joint=0.132035 task=0.00266483 meta_query=0.0135542 meta_test=CX2_0.5C source_cv_mae=4.7775 best=2.9843@500 stale=14
2026-08-07 15:01:49,824 | INFO | fold=CX2_1C iter=790/1000 joint=0.126452 task=0.00349739 meta_query=0.00473878 meta_test=CS2_0.5C source_cv_mae=- best=2.9843@500 stale=14
2026-08-07 15:01:50,080 | INFO | fold=CX2_1C iter=800/1000 joint=0.113733 task=0.00289729 meta_query=0.000283027 meta_test=CS2_1C source_cv_mae=3.4233 best=2.9843@500 stale=15
2026-08-07 15:01:50,080 | INFO | Source-only early stopping at 800; best 2.9843 cycles at 500
2026-08-07 15:01:50,305 | INFO | Completed fold=CX2_1C seed=42 target_MAE=27.462 target_RMSE=29.886
2026-08-07 15:01:50,377 | INFO | Completed experiment: /home/JunseoPark/바탕화면/battery_gru/outputs/calce_direct_rul_boil/20260807_145623_503227_direct-rul-boil_L100_seed42
