2026-08-10 02:42:49,134 | INFO | HUST hybrid study methods=['hybrid'] folds=['protocol_1'] seeds=[42] device=cuda target_support=2
2026-08-10 02:42:49,644 | INFO | Starting method=hybrid fold=protocol_1 source=69 target=8 params={'general_encoder': 238734, 'specific_encoder': 238734, 'general_head': 4225, 'specific_head': 4225, 'concat_head': 8321, 'general_domain_classifier': 4745, 'specific_domain_classifier': 4745, 'reconstruction_decoder': 25086, 'total': 528815}
2026-08-10 02:42:50,704 | INFO | method=hybrid fold=protocol_1 iter=10/1500 total=0.759902 query=0.359772 L_GY=0.353944 L_G=2.11187 L_S=2.13881 L_R=0.536271 L_C=0.525712 L_O=0.000150819 L_delta=0.00314924 val_mae=- best=inf@0 stale=0
2026-08-10 02:42:51,494 | INFO | method=hybrid fold=protocol_1 iter=20/1500 total=0.537323 query=0.218287 L_GY=0.205616 L_G=2.11537 L_S=2.13163 L_R=0.339009 L_C=0.048516 L_O=0.000132618 L_delta=0.00150476 val_mae=- best=inf@0 stale=0
2026-08-10 02:42:51,983 | INFO | method=hybrid fold=protocol_1 iter=25/1500 total=0.640405 query=0.278542 L_GY=0.299406 L_G=2.11848 L_S=2.05047 L_R=0.323552 L_C=0.0472277 L_O=0.00014904 L_delta=0.00330939 val_mae=291.615 best=291.615@25 stale=0
2026-08-10 02:42:52,341 | INFO | method=hybrid fold=protocol_1 iter=30/1500 total=0.619607 query=0.289182 L_GY=0.250844 L_G=2.0528 L_S=1.98092 L_R=0.31071 L_C=0.0198555 L_O=8.88948e-05 L_delta=0.0109943 val_mae=- best=291.615@25 stale=0
2026-08-10 02:42:53,051 | INFO | method=hybrid fold=protocol_1 iter=40/1500 total=0.4974 query=0.189448 L_GY=0.194347 L_G=2.13351 L_S=1.9881 L_R=0.193191 L_C=0.274928 L_O=8.76942e-05 L_delta=0.0161323 val_mae=- best=291.615@25 stale=0
2026-08-10 02:42:53,863 | INFO | method=hybrid fold=protocol_1 iter=50/1500 total=0.447511 query=0.140333 L_GY=0.198878 L_G=2.07758 L_S=1.99643 L_R=0.301649 L_C=0.10101 L_O=0.000129887 L_delta=0.0104931 val_mae=292.704 best=291.615@25 stale=1
2026-08-10 02:42:54,574 | INFO | method=hybrid fold=protocol_1 iter=60/1500 total=0.41538 query=0.128165 L_GY=0.129259 L_G=2.08733 L_S=2.26473 L_R=0.400762 L_C=0.0973671 L_O=0.000128467 L_delta=0.000789901 val_mae=- best=291.615@25 stale=1
2026-08-10 02:42:55,286 | INFO | method=hybrid fold=protocol_1 iter=70/1500 total=0.348718 query=0.0847711 L_GY=0.0814947 L_G=2.167 L_S=2.21951 L_R=0.357837 L_C=0.0294763 L_O=6.8606e-05 L_delta=0.000229658 val_mae=- best=291.615@25 stale=1
2026-08-10 02:42:55,763 | INFO | method=hybrid fold=protocol_1 iter=75/1500 total=0.607265 query=0.251336 L_GY=0.248387 L_G=2.24923 L_S=2.32275 L_R=0.305272 L_C=0.0083266 L_O=5.29236e-05 L_delta=7.95301e-05 val_mae=279.213 best=279.213@75 stale=0
2026-08-10 02:42:56,121 | INFO | method=hybrid fold=protocol_1 iter=80/1500 total=0.421973 query=0.136342 L_GY=0.136163 L_G=2.0766 L_S=2.21165 L_R=0.310871 L_C=0.00284142 L_O=4.76755e-05 L_delta=3.95869e-05 val_mae=- best=279.213@75 stale=0
2026-08-10 02:42:56,833 | INFO | method=hybrid fold=protocol_1 iter=90/1500 total=0.620853 query=0.272707 L_GY=0.270221 L_G=2.03495 L_S=2.16601 L_R=0.222903 L_C=0.0756955 L_O=7.30945e-05 L_delta=8.06684e-05 val_mae=- best=279.213@75 stale=0
2026-08-10 02:42:57,664 | INFO | method=hybrid fold=protocol_1 iter=100/1500 total=0.480248 query=0.173287 L_GY=0.172846 L_G=2.09447 L_S=2.24641 L_R=0.253464 L_C=0.0958565 L_O=8.55661e-05 L_delta=7.18733e-05 val_mae=288.068 best=279.213@75 stale=1
2026-08-10 02:42:58,377 | INFO | method=hybrid fold=protocol_1 iter=110/1500 total=0.763695 query=0.362088 L_GY=0.363392 L_G=1.96165 L_S=2.37554 L_R=0.216528 L_C=0.0885278 L_O=7.21405e-05 L_delta=0.000272711 val_mae=- best=279.213@75 stale=1
2026-08-10 02:42:59,088 | INFO | method=hybrid fold=protocol_1 iter=120/1500 total=0.412218 query=0.133029 L_GY=0.128108 L_G=2.12832 L_S=2.12663 L_R=0.188488 L_C=0.0500885 L_O=4.76764e-05 L_delta=0.000988974 val_mae=- best=279.213@75 stale=1
2026-08-10 02:42:59,544 | INFO | method=hybrid fold=protocol_1 iter=125/1500 total=0.688221 query=0.308148 L_GY=0.30974 L_G=2.25347 L_S=2.12113 L_R=0.208944 L_C=0.438239 L_O=7.17394e-05 L_delta=0.000482094 val_mae=338.838 best=279.213@75 stale=2
2026-08-10 02:42:59,901 | INFO | method=hybrid fold=protocol_1 iter=130/1500 total=0.395141 query=0.123049 L_GY=0.119098 L_G=1.94656 L_S=2.25633 L_R=0.185007 L_C=0.0547618 L_O=4.99023e-05 L_delta=0.000330326 val_mae=- best=279.213@75 stale=2
2026-08-10 02:43:00,612 | INFO | method=hybrid fold=protocol_1 iter=140/1500 total=0.537894 query=0.216493 L_GY=0.220577 L_G=2.08403 L_S=2.05866 L_R=0.161024 L_C=0.236638 L_O=3.69865e-05 L_delta=3.70652e-05 val_mae=- best=279.213@75 stale=2
2026-08-10 02:43:01,423 | INFO | method=hybrid fold=protocol_1 iter=150/1500 total=0.279154 query=0.0502826 L_GY=0.0482728 L_G=2.06118 L_S=2.00172 L_R=0.149535 L_C=0.00937811 L_O=6.81492e-05 L_delta=0.000395357 val_mae=309.810 best=279.213@75 stale=3
2026-08-10 02:43:02,136 | INFO | method=hybrid fold=protocol_1 iter=160/1500 total=0.511589 query=0.205494 L_GY=0.203527 L_G=1.9034 L_S=2.12014 L_R=0.163321 L_C=0.15201 L_O=0.000111609 L_delta=0.000129156 val_mae=- best=279.213@75 stale=3
2026-08-10 02:43:02,847 | INFO | method=hybrid fold=protocol_1 iter=170/1500 total=0.490658 query=0.204194 L_GY=0.216819 L_G=1.89086 L_S=1.63338 L_R=0.156142 L_C=0.0280313 L_O=7.08604e-05 L_delta=0.000884961 val_mae=- best=279.213@75 stale=3
2026-08-10 02:43:03,303 | INFO | method=hybrid fold=protocol_1 iter=175/1500 total=0.603383 query=0.263554 L_GY=0.276685 L_G=1.96291 L_S=1.99681 L_R=0.213107 L_C=0.136792 L_O=9.39353e-05 L_delta=0.000651071 val_mae=323.637 best=279.213@75 stale=4
2026-08-10 02:43:03,660 | INFO | method=hybrid fold=protocol_1 iter=180/1500 total=0.519578 query=0.225598 L_GY=0.221979 L_G=1.83399 L_S=1.79089 L_R=0.170146 L_C=0.00426046 L_O=0.00014829 L_delta=0.000540565 val_mae=- best=279.213@75 stale=4
2026-08-10 02:43:04,371 | INFO | method=hybrid fold=protocol_1 iter=190/1500 total=0.421048 query=0.1524 L_GY=0.160055 L_G=1.99262 L_S=1.74015 L_R=0.186863 L_C=0.0111718 L_O=0.000106418 L_delta=0.000272779 val_mae=- best=279.213@75 stale=4
2026-08-10 02:43:05,208 | INFO | method=hybrid fold=protocol_1 iter=200/1500 total=0.360008 query=0.12319 L_GY=0.12737 L_G=1.96602 L_S=1.46564 L_R=0.153109 L_C=0.00151273 L_O=6.68622e-05 L_delta=0.00383764 val_mae=318.266 best=279.213@75 stale=5
2026-08-10 02:43:05,921 | INFO | method=hybrid fold=protocol_1 iter=210/1500 total=0.478325 query=0.17446 L_GY=0.197243 L_G=2.00201 L_S=2.01774 L_R=0.102241 L_C=0.32288 L_O=0.000144928 L_delta=0.00301152 val_mae=- best=279.213@75 stale=5
2026-08-10 02:43:06,633 | INFO | method=hybrid fold=protocol_1 iter=220/1500 total=0.722555 query=0.354068 L_GY=0.386329 L_G=1.87528 L_S=1.54287 L_R=0.150078 L_C=0.290822 L_O=6.85244e-05 L_delta=0.00603294 val_mae=- best=279.213@75 stale=5
2026-08-10 02:43:07,090 | INFO | method=hybrid fold=protocol_1 iter=225/1500 total=0.353806 query=0.127863 L_GY=0.0717525 L_G=1.85065 L_S=1.92176 L_R=0.108947 L_C=0.0345986 L_O=8.86283e-05 L_delta=0.0102938 val_mae=363.809 best=279.213@75 stale=6
2026-08-10 02:43:07,447 | INFO | method=hybrid fold=protocol_1 iter=230/1500 total=0.313795 query=0.0983539 L_GY=0.0946312 L_G=1.68606 L_S=1.64641 L_R=0.135677 L_C=0.0144093 L_O=7.83371e-05 L_delta=0.000583843 val_mae=- best=279.213@75 stale=6
2026-08-10 02:43:08,160 | INFO | method=hybrid fold=protocol_1 iter=240/1500 total=0.40885 query=0.156152 L_GY=0.158345 L_G=1.66919 L_S=1.72307 L_R=0.116492 L_C=0.274633 L_O=9.86313e-05 L_delta=0.000180046 val_mae=- best=279.213@75 stale=6
2026-08-10 02:43:08,973 | INFO | method=hybrid fold=protocol_1 iter=250/1500 total=0.351083 query=0.133908 L_GY=0.126073 L_G=1.70466 L_S=1.29536 L_R=0.100217 L_C=0.313317 L_O=5.20902e-05 L_delta=0.00169992 val_mae=284.296 best=279.213@75 stale=7
2026-08-10 02:43:09,684 | INFO | method=hybrid fold=protocol_1 iter=260/1500 total=0.198238 query=0.0289026 L_GY=0.0180808 L_G=1.91441 L_S=1.26665 L_R=0.122274 L_C=0.00154852 L_O=7.5351e-05 L_delta=0.00259932 val_mae=- best=279.213@75 stale=7
2026-08-10 02:43:10,398 | INFO | method=hybrid fold=protocol_1 iter=270/1500 total=0.424137 query=0.173559 L_GY=0.189224 L_G=1.87337 L_S=1.21443 L_R=0.0960542 L_C=0.0608457 L_O=8.26937e-05 L_delta=0.00581013 val_mae=- best=279.213@75 stale=7
2026-08-10 02:43:10,855 | INFO | method=hybrid fold=protocol_1 iter=275/1500 total=0.509996 query=0.212273 L_GY=0.209448 L_G=1.85482 L_S=1.94099 L_R=0.0953772 L_C=0.225212 L_O=0.000138478 L_delta=0.00157417 val_mae=333.934 best=279.213@75 stale=8
2026-08-10 02:43:11,212 | INFO | method=hybrid fold=protocol_1 iter=280/1500 total=0.426769 query=0.176249 L_GY=0.159782 L_G=1.9155 L_S=1.39539 L_R=0.111778 L_C=0.395906 L_O=5.73206e-05 L_delta=0.00644958 val_mae=- best=279.213@75 stale=8
2026-08-10 02:43:11,925 | INFO | method=hybrid fold=protocol_1 iter=290/1500 total=0.168543 query=0.0264003 L_GY=0.0461114 L_G=1.41015 L_S=0.934468 L_R=0.102757 L_C=0.081313 L_O=0.000115728 L_delta=0.0142593 val_mae=- best=279.213@75 stale=8
2026-08-10 02:43:12,761 | INFO | method=hybrid fold=protocol_1 iter=300/1500 total=0.311051 query=0.0950284 L_GY=0.108988 L_G=1.85723 L_S=1.35122 L_R=0.101454 L_C=0.00845675 L_O=8.73998e-05 L_delta=0.0064893 val_mae=327.232 best=279.213@75 stale=9
2026-08-10 02:43:13,474 | INFO | method=hybrid fold=protocol_1 iter=310/1500 total=0.382316 query=0.14512 L_GY=0.155213 L_G=1.9616 L_S=1.17527 L_R=0.109042 L_C=0.164908 L_O=3.42656e-05 L_delta=0.0057542 val_mae=- best=279.213@75 stale=9
2026-08-10 02:43:14,186 | INFO | method=hybrid fold=protocol_1 iter=320/1500 total=0.552211 query=0.2512 L_GY=0.259242 L_G=2.09191 L_S=1.31244 L_R=0.0987781 L_C=0.0174172 L_O=6.78363e-05 L_delta=0.00958011 val_mae=- best=279.213@75 stale=9
2026-08-10 02:43:14,643 | INFO | method=hybrid fold=protocol_1 iter=325/1500 total=0.460692 query=0.173563 L_GY=0.235035 L_G=1.87297 L_S=1.39239 L_R=0.10997 L_C=0.523393 L_O=5.87855e-05 L_delta=0.00898699 val_mae=309.559 best=279.213@75 stale=10
2026-08-10 02:43:14,999 | INFO | method=hybrid fold=protocol_1 iter=330/1500 total=0.225694 query=0.0264143 L_GY=0.114542 L_G=1.72384 L_S=1.08194 L_R=0.0973151 L_C=0.0708374 L_O=3.85317e-05 L_delta=0.0384843 val_mae=- best=279.213@75 stale=10
2026-08-10 02:43:15,711 | INFO | method=hybrid fold=protocol_1 iter=340/1500 total=0.241108 query=0.027516 L_GY=0.0510776 L_G=2.13995 L_S=1.60275 L_R=0.0878162 L_C=0.00318914 L_O=3.66869e-05 L_delta=0.00770718 val_mae=- best=279.213@75 stale=10
2026-08-10 02:43:16,522 | INFO | method=hybrid fold=protocol_1 iter=350/1500 total=0.329154 query=0.104282 L_GY=0.140446 L_G=1.71257 L_S=1.34764 L_R=0.128411 L_C=0.0344416 L_O=5.12183e-05 L_delta=0.00904226 val_mae=307.971 best=279.213@75 stale=11
2026-08-10 02:43:17,235 | INFO | method=hybrid fold=protocol_1 iter=360/1500 total=0.202205 query=0.0215633 L_GY=0.0514714 L_G=1.69686 L_S=1.36284 L_R=0.142528 L_C=0.0436851 L_O=3.61605e-05 L_delta=0.0587352 val_mae=- best=279.213@75 stale=11
2026-08-10 02:43:17,946 | INFO | method=hybrid fold=protocol_1 iter=370/1500 total=0.226188 query=0.0394519 L_GY=0.0846465 L_G=1.9354 L_S=0.93097 L_R=0.0795818 L_C=0.0254536 L_O=5.2781e-05 L_delta=0.0439464 val_mae=- best=279.213@75 stale=11
2026-08-10 02:43:18,425 | INFO | method=hybrid fold=protocol_1 iter=375/1500 total=0.310735 query=0.134768 L_GY=0.0471387 L_G=1.92332 L_S=1.10244 L_R=0.0954516 L_C=0.012462 L_O=5.44109e-05 L_delta=0.0302866 val_mae=277.805 best=277.805@375 stale=0
2026-08-10 02:43:18,782 | INFO | method=hybrid fold=protocol_1 iter=380/1500 total=0.330552 query=0.114448 L_GY=0.144384 L_G=1.66798 L_S=1.1706 L_R=0.0822402 L_C=0.112315 L_O=9.64937e-05 L_delta=0.0364927 val_mae=- best=277.805@375 stale=0
2026-08-10 02:43:19,493 | INFO | method=hybrid fold=protocol_1 iter=390/1500 total=0.444444 query=0.164284 L_GY=0.230423 L_G=2.05281 L_S=1.19496 L_R=0.0741738 L_C=0.177376 L_O=7.28427e-05 L_delta=0.0432485 val_mae=- best=277.805@375 stale=0
2026-08-10 02:43:20,352 | INFO | method=hybrid fold=protocol_1 iter=400/1500 total=0.248192 query=0.0563134 L_GY=0.0457688 L_G=2.13135 L_S=1.22398 L_R=0.112566 L_C=0.00879668 L_O=3.70343e-05 L_delta=0.0134393 val_mae=276.254 best=276.254@400 stale=0
2026-08-10 02:43:21,066 | INFO | method=hybrid fold=protocol_1 iter=410/1500 total=0.450759 query=0.169975 L_GY=0.227431 L_G=2.09972 L_S=1.1643 L_R=0.0771058 L_C=0.306324 L_O=3.85244e-05 L_delta=0.0337481 val_mae=- best=276.254@400 stale=0
2026-08-10 02:43:21,778 | INFO | method=hybrid fold=protocol_1 iter=420/1500 total=0.317611 query=0.119457 L_GY=0.161636 L_G=1.64077 L_S=0.603682 L_R=0.0734943 L_C=0.426315 L_O=7.7768e-05 L_delta=0.114874 val_mae=- best=276.254@400 stale=0
2026-08-10 02:43:22,234 | INFO | method=hybrid fold=protocol_1 iter=425/1500 total=0.265463 query=0.0644643 L_GY=0.160281 L_G=1.7658 L_S=0.626034 L_R=0.0834239 L_C=0.0383373 L_O=4.97171e-05 L_delta=0.0487755 val_mae=297.108 best=276.254@400 stale=1
2026-08-10 02:43:22,591 | INFO | method=hybrid fold=protocol_1 iter=430/1500 total=0.276258 query=0.0801027 L_GY=0.0604365 L_G=1.97497 L_S=1.32466 L_R=0.0644716 L_C=0.0280371 L_O=5.86538e-05 L_delta=0.0294218 val_mae=- best=276.254@400 stale=1
2026-08-10 02:43:23,302 | INFO | method=hybrid fold=protocol_1 iter=440/1500 total=0.285061 query=0.0818897 L_GY=0.116417 L_G=2.01066 L_S=0.82908 L_R=0.10469 L_C=0.190105 L_O=4.28462e-05 L_delta=0.0279905 val_mae=- best=276.254@400 stale=1
2026-08-10 02:43:24,138 | INFO | method=hybrid fold=protocol_1 iter=450/1500 total=0.31404 query=0.0958618 L_GY=0.150734 L_G=1.81277 L_S=0.990925 L_R=0.0700123 L_C=0.188315 L_O=8.03045e-05 L_delta=0.0421765 val_mae=251.313 best=251.313@450 stale=0
2026-08-10 02:43:24,853 | INFO | method=hybrid fold=protocol_1 iter=460/1500 total=0.200249 query=0.0520187 L_GY=0.0290467 L_G=1.74412 L_S=0.912188 L_R=0.0815422 L_C=0.0048959 L_O=5.54048e-05 L_delta=0.0264752 val_mae=- best=251.313@450 stale=0
2026-08-10 02:43:25,565 | INFO | method=hybrid fold=protocol_1 iter=470/1500 total=0.168676 query=0.0253045 L_GY=0.0257142 L_G=1.77728 L_S=0.807454 L_R=0.114302 L_C=0.0107211 L_O=5.92318e-05 L_delta=0.0272037 val_mae=- best=251.313@450 stale=0
2026-08-10 02:43:26,020 | INFO | method=hybrid fold=protocol_1 iter=475/1500 total=0.202407 query=0.0229306 L_GY=0.0615623 L_G=1.97038 L_S=0.985796 L_R=0.0596784 L_C=0.0259792 L_O=3.83875e-05 L_delta=0.0295154 val_mae=302.002 best=251.313@450 stale=1
2026-08-10 02:43:26,377 | INFO | method=hybrid fold=protocol_1 iter=480/1500 total=0.237252 query=0.067395 L_GY=0.0883409 L_G=1.79827 L_S=0.691908 L_R=0.090231 L_C=0.0249306 L_O=3.63275e-05 L_delta=0.0258625 val_mae=- best=251.313@450 stale=1
2026-08-10 02:43:27,089 | INFO | method=hybrid fold=protocol_1 iter=490/1500 total=0.364675 query=0.140625 L_GY=0.16848 L_G=1.85746 L_S=0.862026 L_R=0.0713606 L_C=0.309842 L_O=4.32865e-05 L_delta=0.0229427 val_mae=- best=251.313@450 stale=1
2026-08-10 02:43:28,030 | INFO | method=hybrid fold=protocol_1 iter=500/1500 total=0.234135 query=0.0486001 L_GY=0.0584292 L_G=2.0344 L_S=1.06956 L_R=0.0896473 L_C=0.018671 L_O=3.05579e-05 L_delta=0.0387227 val_mae=285.540 best=251.313@450 stale=2
2026-08-10 02:43:28,745 | INFO | method=hybrid fold=protocol_1 iter=510/1500 total=0.208818 query=0.0319909 L_GY=0.055041 L_G=2.12641 L_S=0.810088 L_R=0.103579 L_C=0.141586 L_O=2.45174e-05 L_delta=0.0300604 val_mae=- best=251.313@450 stale=2
2026-08-10 02:43:29,459 | INFO | method=hybrid fold=protocol_1 iter=520/1500 total=0.252313 query=0.0261556 L_GY=0.102058 L_G=2.38276 L_S=1.08511 L_R=0.126946 L_C=0.0427462 L_O=3.56029e-05 L_delta=0.0378787 val_mae=- best=251.313@450 stale=2
2026-08-10 02:43:29,915 | INFO | method=hybrid fold=protocol_1 iter=525/1500 total=0.146994 query=0.0156944 L_GY=0.0249434 L_G=2.01625 L_S=0.336926 L_R=0.0993112 L_C=0.0163848 L_O=3.01277e-05 L_delta=0.0116349 val_mae=292.904 best=251.313@450 stale=3
2026-08-10 02:43:30,272 | INFO | method=hybrid fold=protocol_1 iter=530/1500 total=0.250995 query=0.0376616 L_GY=0.0548044 L_G=2.41415 L_S=1.27784 L_R=0.0804921 L_C=0.0455895 L_O=5.05292e-05 L_delta=0.070004 val_mae=- best=251.313@450 stale=3
2026-08-10 02:43:30,983 | INFO | method=hybrid fold=protocol_1 iter=540/1500 total=0.217906 query=0.0114736 L_GY=0.0597608 L_G=2.20186 L_S=1.30253 L_R=0.0902989 L_C=0.0395095 L_O=8.40494e-05 L_delta=0.0335181 val_mae=- best=251.313@450 stale=3
2026-08-10 02:43:31,796 | INFO | method=hybrid fold=protocol_1 iter=550/1500 total=0.171079 query=0.0330102 L_GY=0.0311092 L_G=1.95377 L_S=0.46365 L_R=0.0744866 L_C=0.0889738 L_O=4.33842e-05 L_delta=0.00813248 val_mae=267.346 best=251.313@450 stale=4
2026-08-10 02:43:32,508 | INFO | method=hybrid fold=protocol_1 iter=560/1500 total=0.241652 query=0.0586948 L_GY=0.0803868 L_G=1.90097 L_S=0.924546 L_R=0.0752162 L_C=0.0722879 L_O=6.70355e-05 L_delta=0.0120677 val_mae=- best=251.313@450 stale=4
2026-08-10 02:43:33,224 | INFO | method=hybrid fold=protocol_1 iter=570/1500 total=0.187021 query=0.0364655 L_GY=0.0890463 L_G=1.80982 L_S=0.221703 L_R=0.0697376 L_C=0.372327 L_O=4.14593e-05 L_delta=0.034781 val_mae=- best=251.313@450 stale=4
2026-08-10 02:43:33,716 | INFO | method=hybrid fold=protocol_1 iter=575/1500 total=0.166671 query=0.0212705 L_GY=0.0437298 L_G=2.12379 L_S=0.321324 L_R=0.0776273 L_C=0.0466008 L_O=3.9633e-05 L_delta=0.0374993 val_mae=247.340 best=247.340@575 stale=0
2026-08-10 02:43:34,076 | INFO | method=hybrid fold=protocol_1 iter=580/1500 total=0.215984 query=0.0264891 L_GY=0.0909799 L_G=1.94955 L_S=0.911958 L_R=0.071199 L_C=0.0180506 L_O=8.30956e-05 L_delta=0.0359618 val_mae=- best=247.340@575 stale=0
2026-08-10 02:43:34,789 | INFO | method=hybrid fold=protocol_1 iter=590/1500 total=0.166061 query=0.0224916 L_GY=0.045062 L_G=1.94415 L_S=0.452288 L_R=0.0698904 L_C=0.0495839 L_O=3.78814e-05 L_delta=0.0209895 val_mae=- best=247.340@575 stale=0
2026-08-10 02:43:35,634 | INFO | method=hybrid fold=protocol_1 iter=600/1500 total=0.133739 query=0.00870979 L_GY=0.0183571 L_G=1.9227 L_S=0.375983 L_R=0.0705188 L_C=0.0189958 L_O=4.6102e-05 L_delta=0.0207021 val_mae=269.482 best=247.340@575 stale=1
2026-08-10 02:43:36,349 | INFO | method=hybrid fold=protocol_1 iter=610/1500 total=0.148241 query=0.0112885 L_GY=0.0228428 L_G=1.96204 L_S=0.527295 L_R=0.0706943 L_C=0.0339328 L_O=5.69092e-05 L_delta=0.0179623 val_mae=- best=247.340@575 stale=1
2026-08-10 02:43:37,063 | INFO | method=hybrid fold=protocol_1 iter=620/1500 total=0.197765 query=0.0312404 L_GY=0.107237 L_G=1.69372 L_S=0.486878 L_R=0.0605444 L_C=0.322021 L_O=3.92748e-05 L_delta=0.0497489 val_mae=- best=247.340@575 stale=1
2026-08-10 02:43:37,520 | INFO | method=hybrid fold=protocol_1 iter=625/1500 total=0.146652 query=0.017043 L_GY=0.0372811 L_G=1.88845 L_S=0.292882 L_R=0.0668182 L_C=0.120304 L_O=4.74873e-05 L_delta=0.0296499 val_mae=294.058 best=247.340@575 stale=2
2026-08-10 02:43:37,879 | INFO | method=hybrid fold=protocol_1 iter=630/1500 total=0.134955 query=0.010379 L_GY=0.0151524 L_G=2.11643 L_S=0.207612 L_R=0.0648897 L_C=0.0132992 L_O=3.12654e-05 L_delta=0.0156801 val_mae=- best=247.340@575 stale=2
2026-08-10 02:43:38,593 | INFO | method=hybrid fold=protocol_1 iter=640/1500 total=0.14438 query=0.0222072 L_GY=0.0404248 L_G=1.82392 L_S=0.193815 L_R=0.057695 L_C=0.0488768 L_O=3.93602e-05 L_delta=0.00699883 val_mae=- best=247.340@575 stale=2
2026-08-10 02:43:39,408 | INFO | method=hybrid fold=protocol_1 iter=650/1500 total=0.157061 query=0.033027 L_GY=0.0279393 L_G=1.90093 L_S=0.276066 L_R=0.0736369 L_C=0.0462197 L_O=4.27569e-05 L_delta=0.0150847 val_mae=248.869 best=247.340@575 stale=3
2026-08-10 02:43:40,126 | INFO | method=hybrid fold=protocol_1 iter=660/1500 total=0.222882 query=0.0741744 L_GY=0.0731075 L_G=2.0565 L_S=0.159314 L_R=0.0880052 L_C=0.047403 L_O=3.4837e-05 L_delta=0.00905321 val_mae=- best=247.340@575 stale=3
2026-08-10 02:43:40,843 | INFO | method=hybrid fold=protocol_1 iter=670/1500 total=0.169738 query=0.0223451 L_GY=0.0306882 L_G=2.08953 L_S=0.526288 L_R=0.0709308 L_C=0.0539204 L_O=6.88512e-05 L_delta=0.00889836 val_mae=- best=247.340@575 stale=3
2026-08-10 02:43:41,303 | INFO | method=hybrid fold=protocol_1 iter=675/1500 total=0.154768 query=0.0270116 L_GY=0.0401505 L_G=1.75662 L_S=0.383497 L_R=0.0549415 L_C=0.0110341 L_O=6.16399e-05 L_delta=0.0145513 val_mae=252.615 best=247.340@575 stale=4
2026-08-10 02:43:41,660 | INFO | method=hybrid fold=protocol_1 iter=680/1500 total=0.216956 query=0.0616788 L_GY=0.0794223 L_G=2.14324 L_S=0.152553 L_R=0.071528 L_C=0.0039911 L_O=3.66333e-05 L_delta=0.0209676 val_mae=- best=247.340@575 stale=4
2026-08-10 02:43:42,375 | INFO | method=hybrid fold=protocol_1 iter=690/1500 total=0.202385 query=0.0402945 L_GY=0.054459 L_G=2.06819 L_S=0.607929 L_R=0.0501401 L_C=0.0544932 L_O=3.79564e-05 L_delta=0.00802419 val_mae=- best=247.340@575 stale=4
2026-08-10 02:43:43,234 | INFO | method=hybrid fold=protocol_1 iter=700/1500 total=0.147429 query=0.0249028 L_GY=0.0502437 L_G=1.71761 L_S=0.206163 L_R=0.0706275 L_C=0.0484595 L_O=5.45602e-05 L_delta=0.0242214 val_mae=293.167 best=247.340@575 stale=5
2026-08-10 02:43:43,955 | INFO | method=hybrid fold=protocol_1 iter=710/1500 total=0.108862 query=0.00690604 L_GY=0.0103833 L_G=1.84292 L_S=0.0748835 L_R=0.0646703 L_C=0.0222912 L_O=4.70641e-05 L_delta=0.0038254 val_mae=- best=247.340@575 stale=5
2026-08-10 02:43:44,652 | INFO | method=hybrid fold=protocol_1 iter=720/1500 total=0.128765 query=0.00965118 L_GY=0.00848053 L_G=2.03096 L_S=0.249926 L_R=0.0637758 L_C=0.018425 L_O=6.24412e-05 L_delta=0.00700928 val_mae=- best=247.340@575 stale=5
2026-08-10 02:43:45,084 | INFO | method=hybrid fold=protocol_1 iter=725/1500 total=0.118003 query=0.00526944 L_GY=0.0269468 L_G=1.91398 L_S=0.0587772 L_R=0.0484794 L_C=0.0123073 L_O=4.49072e-05 L_delta=0.0146461 val_mae=283.719 best=247.340@575 stale=6
2026-08-10 02:43:45,422 | INFO | method=hybrid fold=protocol_1 iter=730/1500 total=0.149239 query=0.0101829 L_GY=0.0411092 L_G=2.26034 L_S=0.0843796 L_R=0.052616 L_C=0.0694609 L_O=4.51285e-05 L_delta=0.0450381 val_mae=- best=247.340@575 stale=6
2026-08-10 02:43:46,096 | INFO | method=hybrid fold=protocol_1 iter=740/1500 total=0.114379 query=0.0075624 L_GY=0.0122995 L_G=1.91081 L_S=0.0839771 L_R=0.0447949 L_C=0.0468949 L_O=4.07553e-05 L_delta=0.0101558 val_mae=- best=247.340@575 stale=6
2026-08-10 02:43:46,865 | INFO | method=hybrid fold=protocol_1 iter=750/1500 total=0.133881 query=0.0062233 L_GY=0.00736939 L_G=1.97104 L_S=0.48793 L_R=0.0435535 L_C=0.0587148 L_O=5.68152e-05 L_delta=0.00135097 val_mae=275.179 best=247.340@575 stale=7
2026-08-10 02:43:47,541 | INFO | method=hybrid fold=protocol_1 iter=760/1500 total=0.139148 query=0.00582109 L_GY=0.00445847 L_G=2.242 L_S=0.369917 L_R=0.0414248 L_C=0.00851831 L_O=3.18602e-05 L_delta=0.00199869 val_mae=- best=247.340@575 stale=7
2026-08-10 02:43:48,216 | INFO | method=hybrid fold=protocol_1 iter=770/1500 total=0.130254 query=0.0107039 L_GY=0.0196273 L_G=2.11044 L_S=0.0658236 L_R=0.0615357 L_C=0.0302345 L_O=3.31792e-05 L_delta=0.00476861 val_mae=- best=247.340@575 stale=7
2026-08-10 02:43:48,648 | INFO | method=hybrid fold=protocol_1 iter=775/1500 total=0.121436 query=0.0141968 L_GY=0.00898313 L_G=1.97796 L_S=0.0624698 L_R=0.0622739 L_C=0.0095325 L_O=2.81374e-05 L_delta=0.00750366 val_mae=249.665 best=247.340@575 stale=8
2026-08-10 02:43:48,986 | INFO | method=hybrid fold=protocol_1 iter=780/1500 total=0.123285 query=0.00772516 L_GY=0.037989 L_G=1.83317 L_S=0.0850566 L_R=0.0470317 L_C=0.0166872 L_O=3.16146e-05 L_delta=0.016468 val_mae=- best=247.340@575 stale=8
2026-08-10 02:43:49,662 | INFO | method=hybrid fold=protocol_1 iter=790/1500 total=0.100684 query=0.0017236 L_GY=0.00247296 L_G=1.85285 L_S=0.0875069 L_R=0.046913 L_C=0.0230234 L_O=2.80371e-05 L_delta=0.00656799 val_mae=- best=247.340@575 stale=8
2026-08-10 02:43:50,475 | INFO | method=hybrid fold=protocol_1 iter=800/1500 total=0.137717 query=0.0214815 L_GY=0.0275569 L_G=2.00092 L_S=0.0307012 L_R=0.0638013 L_C=0.0235083 L_O=4.11737e-05 L_delta=0.00203089 val_mae=257.906 best=247.340@575 stale=9
2026-08-10 02:43:51,152 | INFO | method=hybrid fold=protocol_1 iter=810/1500 total=0.127992 query=0.0256562 L_GY=0.0259221 L_G=1.72955 L_S=0.0378676 L_R=0.0699935 L_C=0.0301289 L_O=8.17533e-05 L_delta=0.00211664 val_mae=- best=247.340@575 stale=9
2026-08-10 02:43:51,827 | INFO | method=hybrid fold=protocol_1 iter=820/1500 total=0.123082 query=0.0110206 L_GY=0.0154258 L_G=2.02948 L_S=0.0451579 L_R=0.0536598 L_C=0.00733371 L_O=4.12904e-05 L_delta=0.00690525 val_mae=- best=247.340@575 stale=9
2026-08-10 02:43:52,259 | INFO | method=hybrid fold=protocol_1 iter=825/1500 total=0.12721 query=0.0114542 L_GY=0.0214828 L_G=2.05995 L_S=0.0193451 L_R=0.0458457 L_C=0.0582904 L_O=4.43606e-05 L_delta=0.00793516 val_mae=286.179 best=247.340@575 stale=10
2026-08-10 02:43:52,597 | INFO | method=hybrid fold=protocol_1 iter=830/1500 total=0.137209 query=0.0202176 L_GY=0.0505617 L_G=1.77878 L_S=0.0326293 L_R=0.0300397 L_C=0.082616 L_O=3.815e-05 L_delta=0.0131915 val_mae=- best=247.340@575 stale=10
2026-08-10 02:43:53,273 | INFO | method=hybrid fold=protocol_1 iter=840/1500 total=0.100901 query=0.00619462 L_GY=0.0132091 L_G=1.72352 L_S=0.0218429 L_R=0.0488965 L_C=0.0342007 L_O=3.40568e-05 L_delta=0.00216576 val_mae=- best=247.340@575 stale=10
2026-08-10 02:43:54,044 | INFO | method=hybrid fold=protocol_1 iter=850/1500 total=0.186493 query=0.0645894 L_GY=0.0603243 L_G=1.75411 L_S=0.0225871 L_R=0.0416627 L_C=0.248595 L_O=2.8909e-05 L_delta=0.00329096 val_mae=283.868 best=247.340@575 stale=11
2026-08-10 02:43:54,718 | INFO | method=hybrid fold=protocol_1 iter=860/1500 total=0.10634 query=0.0138063 L_GY=0.00932509 L_G=1.72323 L_S=0.0219931 L_R=0.0497253 L_C=0.0103195 L_O=4.95569e-05 L_delta=0.00874776 val_mae=- best=247.340@575 stale=11
2026-08-10 02:43:55,393 | INFO | method=hybrid fold=protocol_1 iter=870/1500 total=0.107107 query=0.0154644 L_GY=0.0137732 L_G=1.66146 L_S=0.0214788 L_R=0.0391427 L_C=0.0214978 L_O=4.61172e-05 L_delta=0.00201984 val_mae=- best=247.340@575 stale=11
2026-08-10 02:43:55,840 | INFO | method=hybrid fold=protocol_1 iter=875/1500 total=0.108241 query=0.0111459 L_GY=0.0169057 L_G=1.73504 L_S=0.0230564 L_R=0.0544667 L_C=0.0189752 L_O=6.20884e-05 L_delta=0.00208189 val_mae=267.177 best=247.340@575 stale=12
2026-08-10 02:43:55,840 | INFO | Early stopping method=hybrid fold=protocol_1 at 875; best 247.340 cycles at 575
2026-08-10 02:43:56,790 | INFO | Completed method=hybrid fold=protocol_1 seed=42
2026-08-10 02:43:57,518 | INFO | Completed HUST hybrid study: /home/JunseoPark/바탕화면/battery_gru/outputs/hust_hybrid_anil_boil/20260810_024249_132081_hust_hybrid_L100_fo_inner1_seed42
